Component: ARM Compiler 5.06 update 6 (build 750) Tool: armlink [4d35ed]

==============================================================================

Section Cross References

    system_mimxrt1052.o(i.SystemCoreClockUpdate) refers to uldiv.o(.text) for __aeabi_uldivmod
    system_mimxrt1052.o(i.SystemCoreClockUpdate) refers to system_mimxrt1052.o(.data) for SystemCoreClock
    system_mimxrt1052.o(i.SystemInit) refers to system_mimxrt1052.o(i.SCB_EnableICache) for SCB_EnableICache
    system_mimxrt1052.o(i.SystemInit) refers to system_mimxrt1052.o(i.SCB_EnableDCache) for SCB_EnableDCache
    system_mimxrt1052.o(i.SystemInit) refers to system_mimxrt1052.o(i.SystemInitHook) for SystemInitHook
    startup_mimxrt1052.o(RESET) refers to startup_mimxrt1052.o(.text) for Reset_Handler
    startup_mimxrt1052.o(RESET) refers to adc.o(i.ADC1_IRQHandler) for ADC1_IRQHandler
    startup_mimxrt1052.o(RESET) refers to key.o(i.GPIO5_Combined_0_15_IRQHandler) for GPIO5_Combined_0_15_IRQHandler
    startup_mimxrt1052.o(RESET) refers to gpt.o(i.GPT2_IRQHandler) for GPT2_IRQHandler
    startup_mimxrt1052.o(RESET) refers to pit.o(i.PIT_IRQHandler) for PIT_IRQHandler
    startup_mimxrt1052.o(.text) refers to startup_mimxrt1052.o(RESET) for __Vectors
    startup_mimxrt1052.o(.text) refers to system_mimxrt1052.o(i.SystemInit) for SystemInit
    startup_mimxrt1052.o(.text) refers to entry.o(.ARM.Collect$$$$00000000) for __main
    startup_mimxrt1052.o(.text) refers to fsl_lpuart.o(i.LPUART1_DriverIRQHandler) for LPUART1_DriverIRQHandler
    startup_mimxrt1052.o(.text) refers to fsl_lpuart.o(i.LPUART2_DriverIRQHandler) for LPUART2_DriverIRQHandler
    startup_mimxrt1052.o(.text) refers to fsl_lpuart.o(i.LPUART3_DriverIRQHandler) for LPUART3_DriverIRQHandler
    startup_mimxrt1052.o(.text) refers to fsl_lpuart.o(i.LPUART4_DriverIRQHandler) for LPUART4_DriverIRQHandler
    startup_mimxrt1052.o(.text) refers to fsl_lpuart.o(i.LPUART5_DriverIRQHandler) for LPUART5_DriverIRQHandler
    startup_mimxrt1052.o(.text) refers to fsl_lpuart.o(i.LPUART6_DriverIRQHandler) for LPUART6_DriverIRQHandler
    startup_mimxrt1052.o(.text) refers to fsl_lpuart.o(i.LPUART7_DriverIRQHandler) for LPUART7_DriverIRQHandler
    startup_mimxrt1052.o(.text) refers to fsl_lpuart.o(i.LPUART8_DriverIRQHandler) for LPUART8_DriverIRQHandler
    startup_mimxrt1052.o(.text) refers to fsl_lpi2c.o(i.LPI2C1_DriverIRQHandler) for LPI2C1_DriverIRQHandler
    startup_mimxrt1052.o(.text) refers to fsl_lpi2c.o(i.LPI2C2_DriverIRQHandler) for LPI2C2_DriverIRQHandler
    startup_mimxrt1052.o(.text) refers to fsl_lpi2c.o(i.LPI2C3_DriverIRQHandler) for LPI2C3_DriverIRQHandler
    fsl_clock.o(i.CLOCK_DisableUsbhs0PhyPllClock) refers to fsl_clock.o(i.CLOCK_DeinitUsb1Pll) for CLOCK_DeinitUsb1Pll
    fsl_clock.o(i.CLOCK_DisableUsbhs1PhyPllClock) refers to fsl_clock.o(i.CLOCK_DeinitUsb2Pll) for CLOCK_DeinitUsb2Pll
    fsl_clock.o(i.CLOCK_EnableUsbhs0PhyPllClock) refers to fsl_clock.o(i.CLOCK_InitUsb1Pll) for CLOCK_InitUsb1Pll
    fsl_clock.o(i.CLOCK_EnableUsbhs1PhyPllClock) refers to fsl_clock.o(i.CLOCK_InitUsb2Pll) for CLOCK_InitUsb2Pll
    fsl_clock.o(i.CLOCK_GetFreq) refers to fsl_clock.o(i.CLOCK_GetPeriphClkFreq) for CLOCK_GetPeriphClkFreq
    fsl_clock.o(i.CLOCK_GetFreq) refers to fsl_clock.o(i.CLOCK_GetUsb1PfdFreq) for CLOCK_GetUsb1PfdFreq
    fsl_clock.o(i.CLOCK_GetFreq) refers to fsl_clock.o(i.CLOCK_GetSysPfdFreq) for CLOCK_GetSysPfdFreq
    fsl_clock.o(i.CLOCK_GetFreq) refers to fsl_clock.o(i.CLOCK_GetOscFreq) for CLOCK_GetOscFreq
    fsl_clock.o(i.CLOCK_GetFreq) refers to fsl_clock.o(i.CLOCK_GetPllFreq) for CLOCK_GetPllFreq
    fsl_clock.o(i.CLOCK_GetOscFreq) refers to fsl_clock.o(.data) for g_xtalFreq
    fsl_clock.o(i.CLOCK_GetPeriphClkFreq) refers to fsl_clock.o(i.CLOCK_GetPllFreq) for CLOCK_GetPllFreq
    fsl_clock.o(i.CLOCK_GetPeriphClkFreq) refers to fsl_clock.o(i.CLOCK_GetOscFreq) for CLOCK_GetOscFreq
    fsl_clock.o(i.CLOCK_GetPeriphClkFreq) refers to fsl_clock.o(i.CLOCK_GetSysPfdFreq) for CLOCK_GetSysPfdFreq
    fsl_clock.o(i.CLOCK_GetPllFreq) refers to fsl_clock.o(i.CLOCK_GetOscFreq) for CLOCK_GetOscFreq
    fsl_clock.o(i.CLOCK_GetPllFreq) refers to uldiv.o(.text) for __aeabi_uldivmod
    fsl_clock.o(i.CLOCK_GetPllFreq) refers to fsl_clock.o(.constdata) for .constdata
    fsl_clock.o(i.CLOCK_GetSysPfdFreq) refers to fsl_clock.o(i.CLOCK_GetPllFreq) for CLOCK_GetPllFreq
    fsl_clock.o(i.CLOCK_GetUsb1PfdFreq) refers to fsl_clock.o(i.CLOCK_GetPllFreq) for CLOCK_GetPllFreq
    fsl_clock.o(i.CLOCK_InitExternalClk) refers to fsl_assert.o(i.__aeabi_assert) for __aeabi_assert
    fsl_gpio.o(i.CLOCK_EnableClock) refers to fsl_assert.o(i.__aeabi_assert) for __aeabi_assert
    fsl_gpio.o(i.GPIO_GetInstance) refers to fsl_assert.o(i.__aeabi_assert) for __aeabi_assert
    fsl_gpio.o(i.GPIO_GetInstance) refers to fsl_gpio.o(.constdata) for s_gpioBases
    fsl_gpio.o(i.GPIO_PinInit) refers to fsl_gpio.o(i.GPIO_GetInstance) for GPIO_GetInstance
[...]
    startup_MIMXRT1052.s                     0x00000000   Number         0  startup_mimxrt1052.o ABSOLUTE
    .data                                    0x20000000   Section        4  system_mimxrt1052.o(.data)
    .data                                    0x20000004   Section        8  fsl_clock.o(.data)
    .data                                    0x2000000c   Section        4  fsl_lpuart.o(.data)
    s_lpuartIsr                              0x2000000c   Data           4  fsl_lpuart.o(.data)
    .data                                    0x20000010   Section        8  fsl_lpi2c.o(.data)
    s_lpi2cMasterIsr                         0x20000010   Data           4  fsl_lpi2c.o(.data)
    s_lpi2cSlaveIsr                          0x20000014   Data           4  fsl_lpi2c.o(.data)
    .data                                    0x20000018   Section        8  fsl_debug_console.o(.data)
    .data                                    0x20000020   Section        8  fsl_io.o(.data)
    s_debugConsoleIO                         0x20000020   Data           8  fsl_io.o(.data)
    .data                                    0x20000028   Section       32  main.o(.data)
    .data                                    0x20000048   Section        2  key.o(.data)
    flag                                     0x20000049   Data           1  key.o(.data)
    .data                                    0x2000004a   Section        1  gpt.o(.data)
    .data                                    0x2000004c   Section        4  errno.o(.data)
    _errno                                   0x2000004c   Data           4  errno.o(.data)
    .bss                                     0x20000050   Section       36  fsl_lpuart.o(.bss)
    s_lpuartHandle                           0x20000050   Data          36  fsl_lpuart.o(.bss)
    .bss                                     0x20000074   Section       32  fsl_lpi2c.o(.bss)
    s_lpi2cMasterHandle                      0x20000074   Data          16  fsl_lpi2c.o(.bss)
    s_lpi2cSlaveHandle                       0x20000084   Data          16  fsl_lpi2c.o(.bss)
    .boot_hdr.conf                           0x60000000   Section      512  fire_imxrt1052_spiflash_config.o(.boot_hdr.conf)
    .boot_hdr.ivt                            0x60001000   Section       32  fsl_flexspi_nor_boot.o(.boot_hdr.ivt)
    .boot_hdr.boot_data                      0x60001020   Section       16  fsl_flexspi_nor_boot.o(.boot_hdr.boot_data)
    .boot_hdr.dcd_data                       0x60001030   Section     1072  fire_imxrt1052_sdram_ini_dcd.o(.boot_hdr.dcd_data)
    RESET                                    0x60002000   Section     1024  startup_mimxrt1052.o(RESET)
    .ARM.Collect$$$$00000000                 0x60002400   Section        0  entry.o(.ARM.Collect$$$$00000000)
    .ARM.Collect$$$$00000003                 0x60002400   Section        4  entry4.o(.ARM.Collect$$$$00000003)
    .ARM.Collect$$$$00000004                 0x60002404   Section        4  entry5.o(.ARM.Collect$$$$00000004)
    .ARM.Collect$$$$00000008                 0x60002408   Section        0  entry7b.o(.ARM.Collect$$$$00000008)
    .ARM.Collect$$$$0000000A                 0x60002408   Section        0  entry8b.o(.ARM.Collect$$$$0000000A)
    .ARM.Collect$$$$0000000B                 0x60002408   Section        8  entry9a.o(.ARM.Collect$$$$0000000B)
    .ARM.Collect$$$$0000000D                 0x60002410   Section        0  entry10a.o(.ARM.Collect$$$$0000000D)
    .ARM.Collect$$$$0000000F                 0x60002410   Section        0  entry11a.o(.ARM.Collect$$$$0000000F)
    .ARM.Collect$$$$00002714                 0x60002410   Section        4  entry4.o(.ARM.Collect$$$$00002714)
    __lit__00000000                          0x60002410   Data           4  entry4.o(.ARM.Collect$$$$00002714)
    .text                                    0x60002414   Section      444  startup_mimxrt1052.o(.text)
    $v0                                      0x60002414   Number         0  startup_mimxrt1052.o(.text)
    .text                                    0x600025d0   Section        0  uldiv.o(.text)
    .text                                    0x60002632   Section        0  ldiv.o(.text)
    .text                                    0x60002694   Section        0  memseta.o(.text)
    .text                                    0x600026b8   Section        0  strlen.o(.text)
    .text                                    0x600026c6   Section        0  dfltl.o(.text)
    .text                                    0x600026ee   Section        0  dfixl.o(.text)
    .text                                    0x60002738   Section        0  llshl.o(.text)
    .text                                    0x60002756   Section        0  llushr.o(.text)
    .text                                    0x60002776   Section        0  iusefp.o(.text)
    .text                                    0x60002776   Section        0  depilogue.o(.text)
    .text                                    0x60002830   Section        0  dscalb.o(.text)
    .text                                    0x60002860   Section       36  init.o(.text)
    i.ADC1_IRQHandler                        0x60002884   Section        0  adc.o(i.ADC1_IRQHandler)
    i.ADC_SetChannelConfig                   0x600028fc   Section        0  fsl_adc.o(i.ADC_SetChannelConfig)
    i.BOARD_BootClockRUN                     0x6000298c   Section        0  clock_config.o(i.BOARD_BootClockRUN)
    i.BOARD_ConfigMPU                        0x60002c80   Section        0  board.o(i.BOARD_ConfigMPU)
    i.BOARD_DebugConsoleSrcFreq              0x60002e34   Section        0  board.o(i.BOARD_DebugConsoleSrcFreq)
    i.BOARD_InitDebugConsole                 0x60002eac   Section        0  board.o(i.BOARD_InitDebugConsole)
    i.BOARD_InitPins                         0x60002ec8   Section        0  pin_mux.o(i.BOARD_InitPins)
    i.CLOCK_ControlGate                      0x60002f38   Section        0  fsl_lpuart.o(i.CLOCK_ControlGate)
    CLOCK_ControlGate                        0x60002f39   Thumb Code    60  fsl_lpuart.o(i.CLOCK_ControlGate)
    i.CLOCK_ControlGate                      0x60002fa8   Section        0  fsl_gpt.o(i.CLOCK_ControlGate)
    CLOCK_ControlGate                        0x60002fa9   Thumb Code    60  fsl_gpt.o(i.CLOCK_ControlGate)
    i.CLOCK_ControlGate                      0x60003018   Section        0  fsl_qtmr.o(i.CLOCK_ControlGate)
    CLOCK_ControlGate                        0x60003019   Thumb Code    60  fsl_qtmr.o(i.CLOCK_ControlGate)
    i.CLOCK_EnableClock                      0x60003088   Section        0  fsl_gpio.o(i.CLOCK_EnableClock)
    CLOCK_EnableClock                        0x60003089   Thumb Code    68  fsl_gpio.o(i.CLOCK_EnableClock)
    i.CLOCK_EnableClock                      0x60003100   Section        0  pin_mux.o(i.CLOCK_EnableClock)
    CLOCK_EnableClock                        0x60003101   Thumb Code    68  pin_mux.o(i.CLOCK_EnableClock)
    i.CLOCK_GetDiv                           0x60003178   Section        0  board.o(i.CLOCK_GetDiv)
    CLOCK_GetDiv                             0x60003179   Thumb Code    28  board.o(i.CLOCK_GetDiv)
    i.CLOCK_GetFreq                          0x60003198   Section        0  fsl_clock.o(i.CLOCK_GetFreq)
    i.CLOCK_GetOscFreq                       0x6000330c   Section        0  fsl_clock.o(i.CLOCK_GetOscFreq)
    CLOCK_GetOscFreq                         0x6000330d   Thumb Code    20  fsl_clock.o(i.CLOCK_GetOscFreq)
    i.CLOCK_GetPeriphClkFreq                 0x6000332c   Section        0  fsl_clock.o(i.CLOCK_GetPeriphClkFreq)
    CLOCK_GetPeriphClkFreq                   0x6000332d   Thumb Code   186  fsl_clock.o(i.CLOCK_GetPeriphClkFreq)
    i.CLOCK_GetPllFreq                       0x600033f4   Section        0  fsl_clock.o(i.CLOCK_GetPllFreq)
    i.CLOCK_GetSysPfdFreq                    0x60003620   Section        0  fsl_clock.o(i.CLOCK_GetSysPfdFreq)
    i.CLOCK_GetUsb1PfdFreq                   0x6000368c   Section        0  fsl_clock.o(i.CLOCK_GetUsb1PfdFreq)
    i.CLOCK_InitArmPll                       0x600036f8   Section        0  fsl_clock.o(i.CLOCK_InitArmPll)
    i.CLOCK_InitSysPll                       0x6000371c   Section        0  fsl_clock.o(i.CLOCK_InitSysPll)
    i.CLOCK_SetDiv                           0x60003740   Section        0  clock_config.o(i.CLOCK_SetDiv)
    CLOCK_SetDiv                             0x60003741   Thumb Code   100  clock_config.o(i.CLOCK_SetDiv)
    i.CLOCK_SetDiv                           0x600037ec   Section        0  gpt.o(i.CLOCK_SetDiv)
    CLOCK_SetDiv                             0x600037ed   Thumb Code   102  gpt.o(i.CLOCK_SetDiv)
    i.CLOCK_SetMux                           0x6000385c   Section        0  clock_config.o(i.CLOCK_SetMux)
    CLOCK_SetMux                             0x6000385d   Thumb Code   100  clock_config.o(i.CLOCK_SetMux)
    i.CLOCK_SetMux                           0x60003908   Section        0  gpt.o(i.CLOCK_SetMux)
    CLOCK_SetMux                             0x60003909   Thumb Code   100  gpt.o(i.CLOCK_SetMux)
    i.CPU_TS_TmrInit                         0x600039b4   Section        0  core_delay.o(i.CPU_TS_TmrInit)
    i.CPU_TS_TmrRd                           0x600039dc   Section        0  core_delay.o(i.CPU_TS_TmrRd)
    i.CPU_TS_Tmr_Delay_US                    0x600039e8   Section        0  core_delay.o(i.CPU_TS_Tmr_Delay_US)
    i.ConvertFloatRadixNumToString           0x60003a40   Section        0  fsl_str.o(i.ConvertFloatRadixNumToString)
    ConvertFloatRadixNumToString             0x60003a41   Thumb Code   430  fsl_str.o(i.ConvertFloatRadixNumToString)
    i.ConvertRadixNumToString                0x60003bee   Section        0  fsl_str.o(i.ConvertRadixNumToString)
    ConvertRadixNumToString                  0x60003bef   Thumb Code   332  fsl_str.o(i.ConvertRadixNumToString)
    i.DbgConsole_Init                        0x60003d3c   Section        0  fsl_debug_console.o(i.DbgConsole_Init)
    i.DbgConsole_Printf                      0x60003dc4   Section        0  fsl_debug_console.o(i.DbgConsole_Printf)
    i.DbgConsole_RelocateLog                 0x60003e04   Section        0  fsl_debug_console.o(i.DbgConsole_RelocateLog)
    DbgConsole_RelocateLog                   0x60003e05   Thumb Code    62  fsl_debug_console.o(i.DbgConsole_RelocateLog)
    i.GPIO5_Combined_0_15_IRQHandler         0x60003e44   Section        0  key.o(i.GPIO5_Combined_0_15_IRQHandler)
    i.GPIO_GetInstance                       0x60003e60   Section        0  fsl_gpio.o(i.GPIO_GetInstance)
    GPIO_GetInstance                         0x60003e61   Thumb Code    48  fsl_gpio.o(i.GPIO_GetInstance)
    i.GPIO_PinInit                           0x60003edc   Section        0  fsl_gpio.o(i.GPIO_PinInit)
    i.GPIO_PinSetInterruptConfig             0x60003f3c   Section        0  fsl_gpio.o(i.GPIO_PinSetInterruptConfig)
    i.GPIO_PinWrite                          0x60003fc8   Section        0  fsl_gpio.o(i.GPIO_PinWrite)
    i.GPT2_IRQHandler                        0x6000402c   Section        0  gpt.o(i.GPT2_IRQHandler)
    i.GPT_EnableInterrupts                   0x60004088   Section        0  gpt.o(i.GPT_EnableInterrupts)
    GPT_EnableInterrupts                     0x60004089   Thumb Code     8  gpt.o(i.GPT_EnableInterrupts)
    i.GPT_GPIO_config                        0x60004090   Section        0  gpt.o(i.GPT_GPIO_config)
    i.GPT_GetDefaultConfig                   0x600040e0   Section        0  fsl_gpt.o(i.GPT_GetDefaultConfig)
    i.GPT_GetInstance                        0x60004138   Section        0  fsl_gpt.o(i.GPT_GetInstance)
    GPT_GetInstance                          0x60004139   Thumb Code    48  fsl_gpt.o(i.GPT_GetInstance)
    i.GPT_Init                               0x600041b4   Section        0  fsl_gpt.o(i.GPT_Init)
    i.GPT_config                             0x60004320   Section        0  gpt.o(i.GPT_config)
    i.IOMUXC_SetPinConfig                    0x60004478   Section        0  pin_mux.o(i.IOMUXC_SetPinConfig)
    IOMUXC_SetPinConfig                      0x60004479   Thumb Code    12  pin_mux.o(i.IOMUXC_SetPinConfig)
    i.IOMUXC_SetPinConfig                    0x60004484   Section        0  uart.o(i.IOMUXC_SetPinConfig)
    IOMUXC_SetPinConfig                      0x60004485   Thumb Code    12  uart.o(i.IOMUXC_SetPinConfig)
    i.IOMUXC_SetPinMux                       0x60004490   Section        0  pin_mux.o(i.IOMUXC_SetPinMux)
    IOMUXC_SetPinMux                         0x60004491   Thumb Code    26  pin_mux.o(i.IOMUXC_SetPinMux)
    i.IOMUXC_SetPinMux                       0x600044aa   Section        0  uart.o(i.IOMUXC_SetPinMux)
    IOMUXC_SetPinMux                         0x600044ab   Thumb Code    26  uart.o(i.IOMUXC_SetPinMux)
    i.IO_Init                                0x600044c4   Section        0  fsl_io.o(i.IO_Init)
    i.IO_Transfer                            0x60004580   Section        0  fsl_io.o(i.IO_Transfer)
    i.IRQN_priority                          0x600045c4   Section        0  exit.o(i.IRQN_priority)
    i.LED_GPIO_config                        0x60004688   Section        0  led.o(i.LED_GPIO_config)
    i.LED_MUX_config                         0x600046ac   Section        0  led.o(i.LED_MUX_config)
    i.LED_PAD_config                         0x600046d0   Section        0  led.o(i.LED_PAD_config)
    i.LED_config                             0x600046e0   Section        0  led.o(i.LED_config)
    i.LOG_Init                               0x600046f0   Section        0  fsl_log.o(i.LOG_Init)
    i.LOG_Pop                                0x60004714   Section        0  fsl_log.o(i.LOG_Pop)
    i.LOG_Push                               0x60004738   Section        0  fsl_log.o(i.LOG_Push)
    i.LPI2C1_DriverIRQHandler                0x6000478c   Section        0  fsl_lpi2c.o(i.LPI2C1_DriverIRQHandler)
    i.LPI2C2_DriverIRQHandler                0x6000479c   Section        0  fsl_lpi2c.o(i.LPI2C2_DriverIRQHandler)
    i.LPI2C3_DriverIRQHandler                0x600047ac   Section        0  fsl_lpi2c.o(i.LPI2C3_DriverIRQHandler)
    i.LPI2C_CommonIRQHandler                 0x600047bc   Section        0  fsl_lpi2c.o(i.LPI2C_CommonIRQHandler)
    LPI2C_CommonIRQHandler                   0x600047bd   Thumb Code    66  fsl_lpi2c.o(i.LPI2C_CommonIRQHandler)
    i.LPUART1_DriverIRQHandler               0x60004810   Section        0  fsl_lpuart.o(i.LPUART1_DriverIRQHandler)
    i.LPUART2_DriverIRQHandler               0x6000482c   Section        0  fsl_lpuart.o(i.LPUART2_DriverIRQHandler)
    i.LPUART3_DriverIRQHandler               0x60004848   Section        0  fsl_lpuart.o(i.LPUART3_DriverIRQHandler)
    i.LPUART4_DriverIRQHandler               0x60004864   Section        0  fsl_lpuart.o(i.LPUART4_DriverIRQHandler)
    i.LPUART5_DriverIRQHandler               0x60004880   Section        0  fsl_lpuart.o(i.LPUART5_DriverIRQHandler)
    i.LPUART6_DriverIRQHandler               0x6000489c   Section        0  fsl_lpuart.o(i.LPUART6_DriverIRQHandler)
    i.LPUART7_DriverIRQHandler               0x600048b8   Section        0  fsl_lpuart.o(i.LPUART7_DriverIRQHandler)
    i.LPUART8_DriverIRQHandler               0x600048d4   Section        0  fsl_lpuart.o(i.LPUART8_DriverIRQHandler)
    i.LPUART_ClearStatusFlags                0x600048f0   Section        0  fsl_lpuart.o(i.LPUART_ClearStatusFlags)
    i.LPUART_GetDefaultConfig                0x60004948   Section        0  fsl_lpuart.o(i.LPUART_GetDefaultConfig)
    i.LPUART_GetInstance                     0x600049b4   Section        0  fsl_lpuart.o(i.LPUART_GetInstance)
    i.LPUART_GetStatusFlags                  0x60004a38   Section        0  fsl_lpuart.o(i.LPUART_GetStatusFlags)
    i.LPUART_Init                            0x60004a48   Section        0  fsl_lpuart.o(i.LPUART_Init)
    i.LPUART_ReadBlocking                    0x60004d3c   Section        0  fsl_lpuart.o(i.LPUART_ReadBlocking)
    i.LPUART_WriteBlocking                   0x60004e40   Section        0  fsl_lpuart.o(i.LPUART_WriteBlocking)
    i.PIT_ClearStatusFlags                   0x60004ea8   Section        0  pit.o(i.PIT_ClearStatusFlags)
    PIT_ClearStatusFlags                     0x60004ea9   Thumb Code    12  pit.o(i.PIT_ClearStatusFlags)
    i.PIT_IRQHandler                         0x60004eb4   Section        0  pit.o(i.PIT_IRQHandler)
    i.QTMR_GPIO_config                       0x60004ed8   Section        0  pwm.o(i.QTMR_GPIO_config)
    i.QTMR_GetDefaultConfig                  0x60004f2c   Section        0  fsl_qtmr.o(i.QTMR_GetDefaultConfig)
    i.QTMR_GetInstance                       0x60004f80   Section        0  fsl_qtmr.o(i.QTMR_GetInstance)
    QTMR_GetInstance                         0x60004f81   Thumb Code    48  fsl_qtmr.o(i.QTMR_GetInstance)
    i.QTMR_Init                              0x60004ffc   Section        0  fsl_qtmr.o(i.QTMR_Init)
    i.QTMR_PWM_config                        0x600050c8   Section        0  pwm.o(i.QTMR_PWM_config)
    i.QTMR_SetupPwm                          0x60005128   Section        0  fsl_qtmr.o(i.QTMR_SetupPwm)
    i.SCB_DisableDCache                      0x600051dc   Section        0  board.o(i.SCB_DisableDCache)
    SCB_DisableDCache                        0x600051dd   Thumb Code   150  board.o(i.SCB_DisableDCache)
    i.SCB_EnableDCache                       0x6000527c   Section        0  system_mimxrt1052.o(i.SCB_EnableDCache)
    SCB_EnableDCache                         0x6000527d   Thumb Code   148  system_mimxrt1052.o(i.SCB_EnableDCache)
    i.SCB_EnableDCache                       0x60005318   Section        0  board.o(i.SCB_EnableDCache)
    SCB_EnableDCache                         0x60005319   Thumb Code   148  board.o(i.SCB_EnableDCache)
    i.SCB_EnableICache                       0x600053b4   Section        0  system_mimxrt1052.o(i.SCB_EnableICache)
    SCB_EnableICache                         0x600053b5   Thumb Code   116  system_mimxrt1052.o(i.SCB_EnableICache)
    i.SCB_EnableICache                       0x60005430   Section        0  board.o(i.SCB_EnableICache)
    SCB_EnableICache                         0x60005431   Thumb Code   116  board.o(i.SCB_EnableICache)
    i.SPI_read_data                          0x600054ac   Section        0  spi.o(i.SPI_read_data)
    i.SPI_write_data                         0x6000553c   Section        0  spi.o(i.SPI_write_data)
    i.StrFormatPrintf                        0x60005594   Section        0  fsl_str.o(i.StrFormatPrintf)
    i.SystemInit                             0x60005bbc   Section        0  system_mimxrt1052.o(i.SystemInit)
    i.SystemInitHook                         0x60005c70   Section        0  system_mimxrt1052.o(i.SystemInitHook)
    i.UART_IOMUXC_config                     0x60005c74   Section        0  uart.o(i.UART_IOMUXC_config)
    i.UART_MODE_config                       0x60005cac   Section        0  uart.o(i.UART_MODE_config)
    i.UART_PAD_config                        0x60005cd8   Section        0  uart.o(i.UART_PAD_config)
    i.UART_senddata                          0x60005d14   Section        0  uart.o(i.UART_senddata)
    i.USB_UART_config                        0x60005d28   Section        0  uart.o(i.USB_UART_config)
    i.W25QXX_check_busy                      0x60005d38   Section        0  w25qxx.o(i.W25QXX_check_busy)
    i.W25QXX_pagewrite                       0x60005d50   Section        0  w25qxx.o(i.W25QXX_pagewrite)
    i.W25QXX_readID                          0x60005dac   Section        0  w25qxx.o(i.W25QXX_readID)
    i.W25QXX_read_regstatus                  0x60005e0c   Section        0  w25qxx.o(i.W25QXX_read_regstatus)
    i.W25QXX_readdata                        0x60005e38   Section        0  w25qxx.o(i.W25QXX_readdata)
    i.W25QXX_writeenable                     0x60005e8c   Section        0  w25qxx.o(i.W25QXX_writeenable)
    i.W25Qxx_sector_erase                    0x60005eb0   Section        0  w25qxx.o(i.W25Qxx_sector_erase)
    i.__0printf$5                            0x60005ef4   Section        0  printf5.o(i.__0printf$5)
    i.__ARM_fpclassify                       0x60005f14   Section        0  fpclassify.o(i.__ARM_fpclassify)
    i.__aeabi_assert                         0x60005f44   Section        0  fsl_assert.o(i.__aeabi_assert)
    i.__hardfp_modf                          0x60005f88   Section        0  modf.o(i.__hardfp_modf)
    i.__hardfp_pow                           0x60006048   Section        0  pow.o(i.__hardfp_pow)
    i.__kernel_poly                          0x60006940   Section        0  poly.o(i.__kernel_poly)
    i.__mathlib_dbl_divzero                  0x600069b0   Section        0  dunder.o(i.__mathlib_dbl_divzero)
    i.__mathlib_dbl_infnan2                  0x600069d0   Section        0  dunder.o(i.__mathlib_dbl_infnan2)
    i.__mathlib_dbl_invalid                  0x600069d8   Section        0  dunder.o(i.__mathlib_dbl_invalid)
    i.__mathlib_dbl_overflow                 0x600069f0   Section        0  dunder.o(i.__mathlib_dbl_overflow)
    i.__mathlib_dbl_underflow                0x60006a08   Section        0  dunder.o(i.__mathlib_dbl_underflow)
    i.__scatterload_copy                     0x60006a20   Section       14  handlers.o(i.__scatterload_copy)
    i.__scatterload_null                     0x60006a2e   Section        2  handlers.o(i.__scatterload_null)
    i.__scatterload_zeroinit                 0x60006a30   Section       14  handlers.o(i.__scatterload_zeroinit)
    i.__set_errno                            0x60006a40   Section        0  errno.o(i.__set_errno)
    i._printf_core                           0x60006a4c   Section        0  printf5.o(i._printf_core)
    _printf_core                             0x60006a4d   Thumb Code   658  printf5.o(i._printf_core)
    i.fabs                                   0x60006d0c   Section        0  fabs.o(i.fabs)
    i.fputc                                  0x60006d24   Section        0  uart.o(i.fputc)
    i.main                                   0x60006d3c   Section        0  main.o(i.main)
    i.sqrt                                   0x60006e30   Section        0  sqrt.o(i.sqrt)
    .constdata                               0x60006e9c   Section       16  fsl_clock.o(.constdata)
    .constdata                               0x60006eac   Section       36  fsl_gpio.o(.constdata)
    s_gpioBases                              0x60006eac   Data          24  fsl_gpio.o(.constdata)
    s_gpioClock                              0x60006ec4   Data          12  fsl_gpio.o(.constdata)
    .constdata                               0x60006ed0   Section       72  fsl_lpuart.o(.constdata)
    s_lpuartBases                            0x60006ed0   Data          36  fsl_lpuart.o(.constdata)
    s_lpuartIRQ                              0x60006ef4   Data          18  fsl_lpuart.o(.constdata)
    s_lpuartClock                            0x60006f06   Data          18  fsl_lpuart.o(.constdata)
    .constdata                               0x60006f18   Section       18  fsl_gpt.o(.constdata)
    s_gptBases                               0x60006f18   Data          12  fsl_gpt.o(.constdata)
    s_gptClocks                              0x60006f24   Data           6  fsl_gpt.o(.constdata)
    .constdata                               0x60006f2c   Section       30  fsl_qtmr.o(.constdata)
    s_qtmrBases                              0x60006f2c   Data          20  fsl_qtmr.o(.constdata)
    s_qtmrClocks                             0x60006f40   Data          10  fsl_qtmr.o(.constdata)
    .constdata                               0x60006f4c   Section       17  clock_config.o(.constdata)
    .constdata                               0x60006f60   Section      136  pow.o(.constdata)
    bp                                       0x60006f60   Data          16  pow.o(.constdata)
    dp_h                                     0x60006f70   Data          16  pow.o(.constdata)
    dp_l                                     0x60006f80   Data          16  pow.o(.constdata)
    L                                        0x60006f90   Data          48  pow.o(.constdata)
    P                                        0x60006fc0   Data          40  pow.o(.constdata)
    .constdata                               0x60006fe8   Section        8  qnan.o(.constdata)

    Global Symbols

    Symbol Name                              Value     Ov Type        Size  Object(Section)

    BuildAttributes$$THM_ISAv4$E$P$D$K$B$S$7EM$VFPv5_D16$PE$PLD8$A:L22UL41UL21$X:L11$S22US41US21$IEEE1$IW$USESV6$~STKCKD$USESV7$~SHL$OTIME$ROPI$IEEEX$EBA8$MICROLIB$REQ8$PRES8$EABIv2 0x00000000   Number         0  anon$$obj.o ABSOLUTE
    __ARM_use_no_argv                        0x00000000   Number         0  main.o ABSOLUTE
    _printf_a                                0x00000000   Number         0  stubs.o ABSOLUTE
    _printf_c                                0x00000000   Number         0  stubs.o ABSOLUTE
    _printf_charcount                        0x00000000   Number         0  stubs.o ABSOLUTE
    _printf_d                                0x00000000   Number         0  stubs.o ABSOLUTE
    _printf_e                                0x00000000   Number         0  stubs.o ABSOLUTE
    _printf_f                                0x00000000   Number         0  stubs.o ABSOLUTE
    _printf_flags                            0x00000000   Number         0  stubs.o ABSOLUTE
    _printf_fp_dec                           0x00000000   Number         0  stubs.o ABSOLUTE
    _printf_fp_hex                           0x00000000   Number         0  stubs.o ABSOLUTE
    _printf_g                                0x00000000   Number         0  stubs.o ABSOLUTE
    _printf_i                                0x00000000   Number         0  stubs.o ABSOLUTE
    _printf_int_dec                          0x00000000   Number         0  stubs.o ABSOLUTE
    _printf_l                                0x00000000   Number         0  stubs.o ABSOLUTE
    _printf_lc                               0x00000000   Number         0  stubs.o ABSOLUTE
    _printf_ll                               0x00000000   Number         0  stubs.o ABSOLUTE
    _printf_lld                              0x00000000   Number         0  stubs.o ABSOLUTE
    _printf_lli                              0x00000000   Number         0  stubs.o ABSOLUTE
    _printf_llo                              0x00000000   Number         0  stubs.o ABSOLUTE
    _printf_llu                              0x00000000   Number         0  stubs.o ABSOLUTE
    _printf_llx                              0x00000000   Number         0  stubs.o ABSOLUTE
    _printf_longlong_dec                     0x00000000   Number         0  stubs.o ABSOLUTE
    _printf_longlong_hex                     0x00000000   Number         0  stubs.o ABSOLUTE
    _printf_longlong_oct                     0x00000000   Number         0  stubs.o ABSOLUTE
    _printf_ls                               0x00000000   Number         0  stubs.o ABSOLUTE
    _printf_mbtowc                           0x00000000   Number         0  stubs.o ABSOLUTE
    _printf_n                                0x00000000   Number         0  stubs.o ABSOLUTE
    _printf_o                                0x00000000   Number         0  stubs.o ABSOLUTE
    _printf_p                                0x00000000   Number         0  stubs.o ABSOLUTE
    _printf_percent                          0x00000000   Number         0  stubs.o ABSOLUTE
    _printf_pre_padding                      0x00000000   Number         0  stubs.o ABSOLUTE
    _printf_return_value                     0x00000000   Number         0  stubs.o ABSOLUTE
    _printf_s                                0x00000000   Number         0  stubs.o ABSOLUTE
    _printf_sizespec                         0x00000000   Number         0  stubs.o ABSOLUTE
    _printf_str                              0x00000000   Number         0  stubs.o ABSOLUTE
    _printf_truncate_signed                  0x00000000   Number         0  stubs.o ABSOLUTE
    _printf_truncate_unsigned                0x00000000   Number         0  stubs.o ABSOLUTE
    _printf_u                                0x00000000   Number         0  stubs.o ABSOLUTE
    _printf_wc                               0x00000000   Number         0  stubs.o ABSOLUTE
    _printf_wctomb                           0x00000000   Number         0  stubs.o ABSOLUTE
    _printf_widthprec                        0x00000000   Number         0  stubs.o ABSOLUTE
    _printf_x                                0x00000000   Number         0  stubs.o ABSOLUTE
    __cpp_initialize__aeabi_                  - Undefined Weak Reference
    __cxa_finalize                            - Undefined Weak Reference
    __decompress                              - Undefined Weak Reference
    _clock_init                               - Undefined Weak Reference
    _microlib_exit                            - Undefined Weak Reference
    __Vectors_Size                           0x00000400   Number         0  startup_mimxrt1052.o ABSOLUTE
    SystemCoreClock                          0x20000000   Data           4  system_mimxrt1052.o(.data)
    g_xtalFreq                               0x20000004   Data           4  fsl_clock.o(.data)
    g_rtcXtalFreq                            0x20000008   Data           4  fsl_clock.o(.data)
    __stdout                                 0x20000018   Data           4  fsl_debug_console.o(.data)
    __stdin                                  0x2000001c   Data           4  fsl_debug_console.o(.data)
    ADC_ConversionDoneFlag                   0x20000028   Data           1  main.o(.data)
    ADC_ConvertedValue                       0x2000002c   Data           4  main.o(.data)
    adc_channle_config                       0x20000030   Data           8  main.o(.data)
    TX_buff                                  0x20000038   Data           8  main.o(.data)
    RX_buff                                  0x20000040   Data           8  main.o(.data)
    flag                                     0x20000048   Data           1  key.o(.data)
    i                                        0x2000004a   Data           1  gpt.o(.data)
    Image$$ARM_LIB_HEAP$$ZI$$Base            0x20000094   Number         0  anon$$obj.o ABSOLUTE
    Image$$ARM_LIB_HEAP$$ZI$$Limit           0x20000494   Number         0  anon$$obj.o ABSOLUTE
    Image$$ARM_LIB_STACK$$ZI$$Limit          0x20020000   Number         0  anon$$obj.o ABSOLUTE
    Image$$RW_m_config_text$$Base            0x60000000   Number         0  anon$$obj.o ABSOLUTE
    spiflash_config                          0x60000000   Data         512  fire_imxrt1052_spiflash_config.o(.boot_hdr.conf)
    image_vector_table                       0x60001000   Data          32  fsl_flexspi_nor_boot.o(.boot_hdr.ivt)
    boot_data                                0x60001020   Data          16  fsl_flexspi_nor_boot.o(.boot_hdr.boot_data)
    dcd_data                                 0x60001030   Data        1072  fire_imxrt1052_sdram_ini_dcd.o(.boot_hdr.dcd_data)
    __Vectors                                0x60002000   Data           4  startup_mimxrt1052.o(RESET)
    __Vectors_End                            0x60002400   Data           0  startup_mimxrt1052.o(RESET)
    __main                                   0x60002401   Thumb Code     0  entry.o(.ARM.Collect$$$$00000000)
    _main_stk                                0x60002401   Thumb Code     0  entry4.o(.ARM.Collect$$$$00000003)
    _main_scatterload                        0x60002405   Thumb Code     0  entry5.o(.ARM.Collect$$$$00000004)
    __main_after_scatterload                 0x60002409   Thumb Code     0  entry5.o(.ARM.Collect$$$$00000004)
    _main_clock                              0x60002409   Thumb Code     0  entry7b.o(.ARM.Collect$$$$00000008)
    _main_cpp_init                           0x60002409   Thumb Code     0  entry8b.o(.ARM.Collect$$$$0000000A)
    _main_init                               0x60002409   Thumb Code     0  entry9a.o(.ARM.Collect$$$$0000000B)
    __rt_final_cpp                           0x60002411   Thumb Code     0  entry10a.o(.ARM.Collect$$$$0000000D)
    __rt_final_exit                          0x60002411   Thumb Code     0  entry11a.o(.ARM.Collect$$$$0000000F)
    Reset_Handler                            0x60002415   Thumb Code    24  startup_mimxrt1052.o(.text)
    NMI_Handler                              0x6000242d   Thumb Code     2  startup_mimxrt1052.o(.text)
    HardFault_Handler                        0x6000242f   Thumb Code     2  startup_mimxrt1052.o(.text)
    MemManage_Handler                        0x60002431   Thumb Code     2  startup_mimxrt1052.o(.text)
    BusFault_Handler                         0x60002433   Thumb Code     2  startup_mimxrt1052.o(.text)
    UsageFault_Handler                       0x60002435   Thumb Code     2  startup_mimxrt1052.o(.text)
    SVC_Handler                              0x60002437   Thumb Code     2  startup_mimxrt1052.o(.text)
    DebugMon_Handler                         0x60002439   Thumb Code     2  startup_mimxrt1052.o(.text)
    PendSV_Handler                           0x6000243b   Thumb Code     2  startup_mimxrt1052.o(.text)
    SysTick_Handler                          0x6000243d   Thumb Code     2  startup_mimxrt1052.o(.text)
    DMA0_DMA16_IRQHandler                    0x6000243f   Thumb Code     4  startup_mimxrt1052.o(.text)
    DMA1_DMA17_IRQHandler                    0x60002443   Thumb Code     4  startup_mimxrt1052.o(.text)
    DMA2_DMA18_IRQHandler                    0x60002447   Thumb Code     4  startup_mimxrt1052.o(.text)
    DMA3_DMA19_IRQHandler                    0x6000244b   Thumb Code     4  startup_mimxrt1052.o(.text)
    DMA4_DMA20_IRQHandler                    0x6000244f   Thumb Code     4  startup_mimxrt1052.o(.text)
    DMA5_DMA21_IRQHandler                    0x60002453   Thumb Code     4  startup_mimxrt1052.o(.text)
    DMA6_DMA22_IRQHandler                    0x60002457   Thumb Code     4  startup_mimxrt1052.o(.text)
    DMA7_DMA23_IRQHandler                    0x6000245b   Thumb Code     4  startup_mimxrt1052.o(.text)
    DMA8_DMA24_IRQHandler                    0x6000245f   Thumb Code     4  startup_mimxrt1052.o(.text)
    DMA9_DMA25_IRQHandler                    0x60002463   Thumb Code     4  startup_mimxrt1052.o(.text)
    DMA10_DMA26_IRQHandler                   0x60002467   Thumb Code     4  startup_mimxrt1052.o(.text)
    DMA11_DMA27_IRQHandler                   0x6000246b   Thumb Code     4  startup_mimxrt1052.o(.text)
    DMA12_DMA28_IRQHandler                   0x6000246f   Thumb Code     4  startup_mimxrt1052.o(.text)
    DMA13_DMA29_IRQHandler                   0x60002473   Thumb Code     4  startup_mimxrt1052.o(.text)
    DMA14_DMA30_IRQHandler                   0x60002477   Thumb Code     4  startup_mimxrt1052.o(.text)
    DMA15_DMA31_IRQHandler                   0x6000247b   Thumb Code     4  startup_mimxrt1052.o(.text)
    DMA_ERROR_IRQHandler                     0x6000247f   Thumb Code     4  startup_mimxrt1052.o(.text)
    LPUART1_IRQHandler                       0x60002483   Thumb Code     4  startup_mimxrt1052.o(.text)
    LPUART2_IRQHandler                       0x60002487   Thumb Code     4  startup_mimxrt1052.o(.text)
    LPUART3_IRQHandler                       0x6000248b   Thumb Code     4  startup_mimxrt1052.o(.text)
    LPUART4_IRQHandler                       0x6000248f   Thumb Code     4  startup_mimxrt1052.o(.text)
    LPUART5_IRQHandler                       0x60002493   Thumb Code     4  startup_mimxrt1052.o(.text)
    LPUART6_IRQHandler                       0x60002497   Thumb Code     4  startup_mimxrt1052.o(.text)
    LPUART7_IRQHandler                       0x6000249b   Thumb Code     4  startup_mimxrt1052.o(.text)
    LPUART8_IRQHandler                       0x6000249f   Thumb Code     4  startup_mimxrt1052.o(.text)
    LPI2C1_IRQHandler                        0x600024a3   Thumb Code     4  startup_mimxrt1052.o(.text)
    LPI2C2_IRQHandler                        0x600024a7   Thumb Code     4  startup_mimxrt1052.o(.text)
    LPI2C3_IRQHandler                        0x600024ab   Thumb Code     4  startup_mimxrt1052.o(.text)
    LPI2C4_IRQHandler                        0x600024af   Thumb Code     4  startup_mimxrt1052.o(.text)
    LPSPI1_IRQHandler                        0x600024b3   Thumb Code     4  startup_mimxrt1052.o(.text)
    LPSPI2_IRQHandler                        0x600024b7   Thumb Code     4  startup_mimxrt1052.o(.text)
    LPSPI3_IRQHandler                        0x600024bb   Thumb Code     4  startup_mimxrt1052.o(.text)
    LPSPI4_IRQHandler                        0x600024bf   Thumb Code     4  startup_mimxrt1052.o(.text)
    CAN1_IRQHandler                          0x600024c3   Thumb Code     4  startup_mimxrt1052.o(.text)
    CAN2_IRQHandler                          0x600024c7   Thumb Code     4  startup_mimxrt1052.o(.text)
    SAI1_IRQHandler                          0x600024cb   Thumb Code     4  startup_mimxrt1052.o(.text)
    SAI2_IRQHandler                          0x600024cf   Thumb Code     4  startup_mimxrt1052.o(.text)
    SAI3_RX_IRQHandler                       0x600024d3   Thumb Code     4  startup_mimxrt1052.o(.text)
    SAI3_TX_IRQHandler                       0x600024d7   Thumb Code     4  startup_mimxrt1052.o(.text)
    SPDIF_IRQHandler                         0x600024db   Thumb Code     4  startup_mimxrt1052.o(.text)
    FLEXIO1_IRQHandler                       0x600024df   Thumb Code     4  startup_mimxrt1052.o(.text)
    FLEXIO2_IRQHandler                       0x600024e3   Thumb Code     4  startup_mimxrt1052.o(.text)
    FLEXSPI_IRQHandler                       0x600024e7   Thumb Code     4  startup_mimxrt1052.o(.text)
    USDHC1_IRQHandler                        0x600024eb   Thumb Code     4  startup_mimxrt1052.o(.text)
    USDHC2_IRQHandler                        0x600024ef   Thumb Code     4  startup_mimxrt1052.o(.text)
    ENET_IRQHandler                          0x600024f3   Thumb Code     4  startup_mimxrt1052.o(.text)
    ENET_1588_Timer_IRQHandler               0x600024f7   Thumb Code     4  startup_mimxrt1052.o(.text)
    ACMP1_IRQHandler                         0x600024fb   Thumb Code     0  startup_mimxrt1052.o(.text)
    ACMP2_IRQHandler                         0x600024fb   Thumb Code     0  startup_mimxrt1052.o(.text)
    ACMP3_IRQHandler                         0x600024fb   Thumb Code     0  startup_mimxrt1052.o(.text)
    ACMP4_IRQHandler                         0x600024fb   Thumb Code     0  startup_mimxrt1052.o(.text)
    ADC2_IRQHandler                          0x600024fb   Thumb Code     0  startup_mimxrt1052.o(.text)
    ADC_ETC_ERROR_IRQ_IRQHandler             0x600024fb   Thumb Code     0  startup_mimxrt1052.o(.text)
    ADC_ETC_IRQ0_IRQHandler                  0x600024fb   Thumb Code     0  startup_mimxrt1052.o(.text)
    ADC_ETC_IRQ1_IRQHandler                  0x600024fb   Thumb Code     0  startup_mimxrt1052.o(.text)
    ADC_ETC_IRQ2_IRQHandler                  0x600024fb   Thumb Code     0  startup_mimxrt1052.o(.text)
    ANATOP_EVENT0_IRQHandler                 0x600024fb   Thumb Code     0  startup_mimxrt1052.o(.text)
    ANATOP_EVENT1_IRQHandler                 0x600024fb   Thumb Code     0  startup_mimxrt1052.o(.text)
    ANATOP_TAMP_LOW_HIGH_IRQHandler          0x600024fb   Thumb Code     0  startup_mimxrt1052.o(.text)
    ANATOP_TEMP_PANIC_IRQHandler             0x600024fb   Thumb Code     0  startup_mimxrt1052.o(.text)
    BEE_IRQHandler                           0x600024fb   Thumb Code     0  startup_mimxrt1052.o(.text)
    CAN1_DriverIRQHandler                    0x600024fb   Thumb Code     0  startup_mimxrt1052.o(.text)
    CAN2_DriverIRQHandler                    0x600024fb   Thumb Code     0  startup_mimxrt1052.o(.text)
    CCM_1_IRQHandler                         0x600024fb   Thumb Code     0  startup_mimxrt1052.o(.text)
    CCM_2_IRQHandler                         0x600024fb   Thumb Code     0  startup_mimxrt1052.o(.text)
    CORE_IRQHandler                          0x600024fb   Thumb Code     0  startup_mimxrt1052.o(.text)
    CSI_IRQHandler                           0x600024fb   Thumb Code     0  startup_mimxrt1052.o(.text)
    CSU_IRQHandler                           0x600024fb   Thumb Code     0  startup_mimxrt1052.o(.text)
    CTI0_ERROR_IRQHandler                    0x600024fb   Thumb Code     0  startup_mimxrt1052.o(.text)
    CTI1_ERROR_IRQHandler                    0x600024fb   Thumb Code     0  startup_mimxrt1052.o(.text)
    DCDC_IRQHandler                          0x600024fb   Thumb Code     0  startup_mimxrt1052.o(.text)
    DCP_IRQHandler                           0x600024fb   Thumb Code     0  startup_mimxrt1052.o(.text)
    DCP_VMI_IRQHandler                       0x600024fb   Thumb Code     0  startup_mimxrt1052.o(.text)
    DMA0_DMA16_DriverIRQHandler              0x600024fb   Thumb Code     0  startup_mimxrt1052.o(.text)
    DMA10_DMA26_DriverIRQHandler             0x600024fb   Thumb Code     0  startup_mimxrt1052.o(.text)
    DMA11_DMA27_DriverIRQHandler             0x600024fb   Thumb Code     0  startup_mimxrt1052.o(.text)
    DMA12_DMA28_DriverIRQHandler             0x600024fb   Thumb Code     0  startup_mimxrt1052.o(.text)
    DMA13_DMA29_DriverIRQHandler             0x600024fb   Thumb Code     0  startup_mimxrt1052.o(.text)
    DMA14_DMA30_DriverIRQHandler             0x600024fb   Thumb Code     0  startup_mimxrt1052.o(.text)
    DMA15_DMA31_DriverIRQHandler             0x600024fb   Thumb Code     0  startup_mimxrt1052.o(.text)
    DMA1_DMA17_DriverIRQHandler              0x600024fb   Thumb Code     0  startup_mimxrt1052.o(.text)
    DMA2_DMA18_DriverIRQHandler              0x600024fb   Thumb Code     0  startup_mimxrt1052.o(.text)
    DMA3_DMA19_DriverIRQHandler              0x600024fb   Thumb Code     0  startup_mimxrt1052.o(.text)
    DMA4_DMA20_DriverIRQHandler              0x600024fb   Thumb Code     0  startup_mimxrt1052.o(.text)
    DMA5_DMA21_DriverIRQHandler              0x600024fb   Thumb Code     0  startup_mimxrt1052.o(.text)
    DMA6_DMA22_DriverIRQHandler              0x600024fb   Thumb Code     0  startup_mimxrt1052.o(.text)
    DMA7_DMA23_DriverIRQHandler              0x600024fb   Thumb Code     0  startup_mimxrt1052.o(.text)
    DMA8_DMA24_DriverIRQHandler              0x600024fb   Thumb Code     0  startup_mimxrt1052.o(.text)
    DMA9_DMA25_DriverIRQHandler              0x600024fb   Thumb Code     0  startup_mimxrt1052.o(.text)
    DMA_ERROR_DriverIRQHandler               0x600024fb   Thumb Code     0  startup_mimxrt1052.o(.text)
    DefaultISR                               0x600024fb   Thumb Code     0  startup_mimxrt1052.o(.text)
    ENC1_IRQHandler                          0x600024fb   Thumb Code     0  startup_mimxrt1052.o(.text)
    ENC2_IRQHandler                          0x600024fb   Thumb Code     0  startup_mimxrt1052.o(.text)
    ENC3_IRQHandler                          0x600024fb   Thumb Code     0  startup_mimxrt1052.o(.text)
    ENC4_IRQHandler                          0x600024fb   Thumb Code     0  startup_mimxrt1052.o(.text)
    ENET_1588_Timer_DriverIRQHandler         0x600024fb   Thumb Code     0  startup_mimxrt1052.o(.text)
    ENET_DriverIRQHandler                    0x600024fb   Thumb Code     0  startup_mimxrt1052.o(.text)
    EWM_IRQHandler                           0x600024fb   Thumb Code     0  startup_mimxrt1052.o(.text)
    FLEXIO1_DriverIRQHandler                 0x600024fb   Thumb Code     0  startup_mimxrt1052.o(.text)
    FLEXIO2_DriverIRQHandler                 0x600024fb   Thumb Code     0  startup_mimxrt1052.o(.text)
    FLEXRAM_IRQHandler                       0x600024fb   Thumb Code     0  startup_mimxrt1052.o(.text)
    FLEXSPI_DriverIRQHandler                 0x600024fb   Thumb Code     0  startup_mimxrt1052.o(.text)
    GPC_IRQHandler                           0x600024fb   Thumb Code     0  startup_mimxrt1052.o(.text)
    GPIO1_Combined_0_15_IRQHandler           0x600024fb   Thumb Code     0  startup_mimxrt1052.o(.text)
    GPIO1_Combined_16_31_IRQHandler          0x600024fb   Thumb Code     0  startup_mimxrt1052.o(.text)
    GPIO1_INT0_IRQHandler                    0x600024fb   Thumb Code     0  startup_mimxrt1052.o(.text)
    GPIO1_INT1_IRQHandler                    0x600024fb   Thumb Code     0  startup_mimxrt1052.o(.text)
    GPIO1_INT2_IRQHandler                    0x600024fb   Thumb Code     0  startup_mimxrt1052.o(.text)
    GPIO1_INT3_IRQHandler                    0x600024fb   Thumb Code     0  startup_mimxrt1052.o(.text)
    GPIO1_INT4_IRQHandler                    0x600024fb   Thumb Code     0  startup_mimxrt1052.o(.text)
    GPIO1_INT5_IRQHandler                    0x600024fb   Thumb Code     0  startup_mimxrt1052.o(.text)
    GPIO1_INT6_IRQHandler                    0x600024fb   Thumb Code     0  startup_mimxrt1052.o(.text)
    GPIO1_INT7_IRQHandler                    0x600024fb   Thumb Code     0  startup_mimxrt1052.o(.text)
    GPIO2_Combined_0_15_IRQHandler           0x600024fb   Thumb Code     0  startup_mimxrt1052.o(.text)
    GPIO2_Combined_16_31_IRQHandler          0x600024fb   Thumb Code     0  startup_mimxrt1052.o(.text)
    GPIO3_Combined_0_15_IRQHandler           0x600024fb   Thumb Code     0  startup_mimxrt1052.o(.text)
    GPIO3_Combined_16_31_IRQHandler          0x600024fb   Thumb Code     0  startup_mimxrt1052.o(.text)
    GPIO4_Combined_0_15_IRQHandler           0x600024fb   Thumb Code     0  startup_mimxrt1052.o(.text)
    GPIO4_Combined_16_31_IRQHandler          0x600024fb   Thumb Code     0  startup_mimxrt1052.o(.text)
    GPIO5_Combined_16_31_IRQHandler          0x600024fb   Thumb Code     0  startup_mimxrt1052.o(.text)
    GPR_IRQ_IRQHandler                       0x600024fb   Thumb Code     0  startup_mimxrt1052.o(.text)
    GPT1_IRQHandler                          0x600024fb   Thumb Code     0  startup_mimxrt1052.o(.text)
    KPP_IRQHandler                           0x600024fb   Thumb Code     0  startup_mimxrt1052.o(.text)
    LCDIF_IRQHandler                         0x600024fb   Thumb Code     0  startup_mimxrt1052.o(.text)
    LPI2C4_DriverIRQHandler                  0x600024fb   Thumb Code     0  startup_mimxrt1052.o(.text)
    LPSPI1_DriverIRQHandler                  0x600024fb   Thumb Code     0  startup_mimxrt1052.o(.text)
    LPSPI2_DriverIRQHandler                  0x600024fb   Thumb Code     0  startup_mimxrt1052.o(.text)
    LPSPI3_DriverIRQHandler                  0x600024fb   Thumb Code     0  startup_mimxrt1052.o(.text)
    LPSPI4_DriverIRQHandler                  0x600024fb   Thumb Code     0  startup_mimxrt1052.o(.text)
    NMI_WAKEUP_IRQHandler                    0x600024fb   Thumb Code     0  startup_mimxrt1052.o(.text)
    PWM1_0_IRQHandler                        0x600024fb   Thumb Code     0  startup_mimxrt1052.o(.text)
    PWM1_1_IRQHandler                        0x600024fb   Thumb Code     0  startup_mimxrt1052.o(.text)
    PWM1_2_IRQHandler                        0x600024fb   Thumb Code     0  startup_mimxrt1052.o(.text)
    PWM1_3_IRQHandler                        0x600024fb   Thumb Code     0  startup_mimxrt1052.o(.text)
    PWM1_FAULT_IRQHandler                    0x600024fb   Thumb Code     0  startup_mimxrt1052.o(.text)
    PWM2_0_IRQHandler                        0x600024fb   Thumb Code     0  startup_mimxrt1052.o(.text)
    PWM2_1_IRQHandler                        0x600024fb   Thumb Code     0  startup_mimxrt1052.o(.text)
    PWM2_2_IRQHandler                        0x600024fb   Thumb Code     0  startup_mimxrt1052.o(.text)
    PWM2_3_IRQHandler                        0x600024fb   Thumb Code     0  startup_mimxrt1052.o(.text)
    PWM2_FAULT_IRQHandler                    0x600024fb   Thumb Code     0  startup_mimxrt1052.o(.text)
    PWM3_0_IRQHandler                        0x600024fb   Thumb Code     0  startup_mimxrt1052.o(.text)
    PWM3_1_IRQHandler                        0x600024fb   Thumb Code     0  startup_mimxrt1052.o(.text)
    PWM3_2_IRQHandler                        0x600024fb   Thumb Code     0  startup_mimxrt1052.o(.text)
    PWM3_3_IRQHandler                        0x600024fb   Thumb Code     0  startup_mimxrt1052.o(.text)
    PWM3_FAULT_IRQHandler                    0x600024fb   Thumb Code     0  startup_mimxrt1052.o(.text)
    PWM4_0_IRQHandler                        0x600024fb   Thumb Code     0  startup_mimxrt1052.o(.text)
    PWM4_1_IRQHandler                        0x600024fb   Thumb Code     0  startup_mimxrt1052.o(.text)
    PWM4_2_IRQHandler                        0x600024fb   Thumb Code     0  startup_mimxrt1052.o(.text)
    PWM4_3_IRQHandler                        0x600024fb   Thumb Code     0  startup_mimxrt1052.o(.text)
    PWM4_FAULT_IRQHandler                    0x600024fb   Thumb Code     0  startup_mimxrt1052.o(.text)
    PXP_IRQHandler                           0x600024fb   Thumb Code     0  startup_mimxrt1052.o(.text)
    RTWDOG_IRQHandler                        0x600024fb   Thumb Code     0  startup_mimxrt1052.o(.text)
    Reserved115_IRQHandler                   0x600024fb   Thumb Code     0  startup_mimxrt1052.o(.text)
    Reserved123_IRQHandler                   0x600024fb   Thumb Code     0  startup_mimxrt1052.o(.text)
    Reserved143_IRQHandler                   0x600024fb   Thumb Code     0  startup_mimxrt1052.o(.text)
    Reserved144_IRQHandler                   0x600024fb   Thumb Code     0  startup_mimxrt1052.o(.text)
    Reserved168_IRQHandler                   0x600024fb   Thumb Code     0  startup_mimxrt1052.o(.text)
    Reserved169_IRQHandler                   0x600024fb   Thumb Code     0  startup_mimxrt1052.o(.text)
    Reserved170_IRQHandler                   0x600024fb   Thumb Code     0  startup_mimxrt1052.o(.text)
    Reserved171_IRQHandler                   0x600024fb   Thumb Code     0  startup_mimxrt1052.o(.text)
    Reserved172_IRQHandler                   0x600024fb   Thumb Code     0  startup_mimxrt1052.o(.text)
    Reserved173_IRQHandler                   0x600024fb   Thumb Code     0  startup_mimxrt1052.o(.text)
    Reserved68_IRQHandler                    0x600024fb   Thumb Code     0  startup_mimxrt1052.o(.text)
    Reserved86_IRQHandler                    0x600024fb   Thumb Code     0  startup_mimxrt1052.o(.text)
    Reserved87_IRQHandler                    0x600024fb   Thumb Code     0  startup_mimxrt1052.o(.text)
    SAI1_DriverIRQHandler                    0x600024fb   Thumb Code     0  startup_mimxrt1052.o(.text)
    SAI2_DriverIRQHandler                    0x600024fb   Thumb Code     0  startup_mimxrt1052.o(.text)
    SAI3_RX_DriverIRQHandler                 0x600024fb   Thumb Code     0  startup_mimxrt1052.o(.text)
    SAI3_TX_DriverIRQHandler                 0x600024fb   Thumb Code     0  startup_mimxrt1052.o(.text)
    SEMC_IRQHandler                          0x600024fb   Thumb Code     0  startup_mimxrt1052.o(.text)
    SJC_ARM_DEBUG_IRQHandler                 0x600024fb   Thumb Code     0  startup_mimxrt1052.o(.text)
    SJC_IRQHandler                           0x600024fb   Thumb Code     0  startup_mimxrt1052.o(.text)
    SNVS_HP_WRAPPER_IRQHandler               0x600024fb   Thumb Code     0  startup_mimxrt1052.o(.text)
    SNVS_HP_WRAPPER_TZ_IRQHandler            0x600024fb   Thumb Code     0  startup_mimxrt1052.o(.text)
    SNVS_LP_WRAPPER_IRQHandler               0x600024fb   Thumb Code     0  startup_mimxrt1052.o(.text)
    SPDIF_DriverIRQHandler                   0x600024fb   Thumb Code     0  startup_mimxrt1052.o(.text)
    SRC_IRQHandler                           0x600024fb   Thumb Code     0  startup_mimxrt1052.o(.text)
    TMR1_IRQHandler                          0x600024fb   Thumb Code     0  startup_mimxrt1052.o(.text)
    TMR2_IRQHandler                          0x600024fb   Thumb Code     0  startup_mimxrt1052.o(.text)
    TMR3_IRQHandler                          0x600024fb   Thumb Code     0  startup_mimxrt1052.o(.text)
    TMR4_IRQHandler                          0x600024fb   Thumb Code     0  startup_mimxrt1052.o(.text)
    TRNG_IRQHandler                          0x600024fb   Thumb Code     0  startup_mimxrt1052.o(.text)
    TSC_DIG_IRQHandler                       0x600024fb   Thumb Code     0  startup_mimxrt1052.o(.text)
    USB_OTG1_IRQHandler                      0x600024fb   Thumb Code     0  startup_mimxrt1052.o(.text)
    USB_OTG2_IRQHandler                      0x600024fb   Thumb Code     0  startup_mimxrt1052.o(.text)
    USB_PHY1_IRQHandler                      0x600024fb   Thumb Code     0  startup_mimxrt1052.o(.text)
    USB_PHY2_IRQHandler                      0x600024fb   Thumb Code     0  startup_mimxrt1052.o(.text)
    USDHC1_DriverIRQHandler                  0x600024fb   Thumb Code     0  startup_mimxrt1052.o(.text)
    USDHC2_DriverIRQHandler                  0x600024fb   Thumb Code     0  startup_mimxrt1052.o(.text)
    WDOG1_IRQHandler                         0x600024fb   Thumb Code     0  startup_mimxrt1052.o(.text)
    WDOG2_IRQHandler                         0x600024fb   Thumb Code     0  startup_mimxrt1052.o(.text)
    XBAR1_IRQ_0_1_IRQHandler                 0x600024fb   Thumb Code     0  startup_mimxrt1052.o(.text)
    XBAR1_IRQ_2_3_IRQHandler                 0x600024fb   Thumb Code     0  startup_mimxrt1052.o(.text)
    __aeabi_uldivmod                         0x600025d1   Thumb Code    98  uldiv.o(.text)
    __aeabi_ldivmod                          0x60002633   Thumb Code    98  ldiv.o(.text)
    __aeabi_memset                           0x60002695   Thumb Code    14  memseta.o(.text)
    __aeabi_memset4                          0x60002695   Thumb Code     0  memseta.o(.text)
    __aeabi_memset8                          0x60002695   Thumb Code     0  memseta.o(.text)
    __aeabi_memclr                           0x600026a3   Thumb Code     4  memseta.o(.text)
    __aeabi_memclr4                          0x600026a3   Thumb Code     0  memseta.o(.text)
    __aeabi_memclr8                          0x600026a3   Thumb Code     0  memseta.o(.text)
    _memset$wrapper                          0x600026a7   Thumb Code    18  memseta.o(.text)
    strlen                                   0x600026b9   Thumb Code    14  strlen.o(.text)
    __aeabi_l2d                              0x600026c7   Thumb Code    40  dfltl.o(.text)
    __aeabi_d2lz                             0x600026ef   Thumb Code    74  dfixl.o(.text)
    __aeabi_llsl                             0x60002739   Thumb Code    30  llshl.o(.text)
    _ll_shift_l                              0x60002739   Thumb Code     0  llshl.o(.text)
    __aeabi_llsr                             0x60002757   Thumb Code    32  llushr.o(.text)
    _ll_ushift_r                             0x60002757   Thumb Code     0  llushr.o(.text)
    __I$use$fp                               0x60002777   Thumb Code     0  iusefp.o(.text)
    _double_round                            0x60002777   Thumb Code    30  depilogue.o(.text)
    _double_epilogue                         0x60002795   Thumb Code   156  depilogue.o(.text)
    __ARM_scalbn                             0x60002831   Thumb Code    46  dscalb.o(.text)
    scalbn                                   0x60002831   Thumb Code     0  dscalb.o(.text)
    __scatterload                            0x60002861   Thumb Code    28  init.o(.text)
    __scatterload_rt2                        0x60002861   Thumb Code     0  init.o(.text)
    ADC1_IRQHandler                          0x60002885   Thumb Code    44  adc.o(i.ADC1_IRQHandler)
    ADC_SetChannelConfig                     0x600028fd   Thumb Code    62  fsl_adc.o(i.ADC_SetChannelConfig)
    BOARD_BootClockRUN                       0x6000298d   Thumb Code   598  clock_config.o(i.BOARD_BootClockRUN)
    BOARD_ConfigMPU                          0x60002c81   Thumb Code   390  board.o(i.BOARD_ConfigMPU)
    BOARD_DebugConsoleSrcFreq                0x60002e35   Thumb Code    92  board.o(i.BOARD_DebugConsoleSrcFreq)
    BOARD_InitDebugConsole                   0x60002ead   Thumb Code    24  board.o(i.BOARD_InitDebugConsole)
    BOARD_InitPins                           0x60002ec9   Thumb Code   104  pin_mux.o(i.BOARD_InitPins)
    CLOCK_GetFreq                            0x60003199   Thumb Code   344  fsl_clock.o(i.CLOCK_GetFreq)
    CLOCK_GetPllFreq                         0x600033f5   Thumb Code   530  fsl_clock.o(i.CLOCK_GetPllFreq)
    CLOCK_GetSysPfdFreq                      0x60003621   Thumb Code   100  fsl_clock.o(i.CLOCK_GetSysPfdFreq)
    CLOCK_GetUsb1PfdFreq                     0x6000368d   Thumb Code   100  fsl_clock.o(i.CLOCK_GetUsb1PfdFreq)
    CLOCK_InitArmPll                         0x600036f9   Thumb Code    30  fsl_clock.o(i.CLOCK_InitArmPll)
    CLOCK_InitSysPll                         0x6000371d   Thumb Code    30  fsl_clock.o(i.CLOCK_InitSysPll)
    CPU_TS_TmrInit                           0x600039b5   Thumb Code    30  core_delay.o(i.CPU_TS_TmrInit)
    CPU_TS_TmrRd                             0x600039dd   Thumb Code     6  core_delay.o(i.CPU_TS_TmrRd)
    CPU_TS_Tmr_Delay_US                      0x600039e9   Thumb Code    82  core_delay.o(i.CPU_TS_Tmr_Delay_US)
    DbgConsole_Init                          0x60003d3d   Thumb Code    42  fsl_debug_console.o(i.DbgConsole_Init)
    DbgConsole_Printf                        0x60003dc5   Thumb Code    60  fsl_debug_console.o(i.DbgConsole_Printf)
    GPIO5_Combined_0_15_IRQHandler           0x60003e45   Thumb Code    18  key.o(i.GPIO5_Combined_0_15_IRQHandler)
    GPIO_PinInit                             0x60003edd   Thumb Code    92  fsl_gpio.o(i.GPIO_PinInit)
    GPIO_PinSetInterruptConfig               0x60003f3d   Thumb Code   138  fsl_gpio.o(i.GPIO_PinSetInterruptConfig)
    GPIO_PinWrite                            0x60003fc9   Thumb Code    50  fsl_gpio.o(i.GPIO_PinWrite)
    GPT2_IRQHandler                          0x6000402d   Thumb Code    68  gpt.o(i.GPT2_IRQHandler)
    GPT_GPIO_config                          0x60004091   Thumb Code    68  gpt.o(i.GPT_GPIO_config)
    GPT_GetDefaultConfig                     0x600040e1   Thumb Code    42  fsl_gpt.o(i.GPT_GetDefaultConfig)
    GPT_Init                                 0x600041b5   Thumb Code   234  fsl_gpt.o(i.GPT_Init)
    GPT_config                               0x60004321   Thumb Code   216  gpt.o(i.GPT_config)
    IO_Init                                  0x600044c5   Thumb Code   130  fsl_io.o(i.IO_Init)
    IO_Transfer                              0x60004581   Thumb Code    64  fsl_io.o(i.IO_Transfer)
    IRQN_priority                            0x600045c5   Thumb Code   184  exit.o(i.IRQN_priority)
    LED_GPIO_config                          0x60004689   Thumb Code    30  led.o(i.LED_GPIO_config)
    LED_MUX_config                           0x600046ad   Thumb Code    30  led.o(i.LED_MUX_config)
    LED_PAD_config                           0x600046d1   Thumb Code    12  led.o(i.LED_PAD_config)
    LED_config                               0x600046e1   Thumb Code    16  led.o(i.LED_config)
    LOG_Init                                 0x600046f1   Thumb Code    36  fsl_log.o(i.LOG_Init)
    LOG_Pop                                  0x60004715   Thumb Code    34  fsl_log.o(i.LOG_Pop)
    LOG_Push                                 0x60004739   Thumb Code    32  fsl_log.o(i.LOG_Push)
    LPI2C1_DriverIRQHandler                  0x6000478d   Thumb Code    12  fsl_lpi2c.o(i.LPI2C1_DriverIRQHandler)
    LPI2C2_DriverIRQHandler                  0x6000479d   Thumb Code    12  fsl_lpi2c.o(i.LPI2C2_DriverIRQHandler)
    LPI2C3_DriverIRQHandler                  0x600047ad   Thumb Code    12  fsl_lpi2c.o(i.LPI2C3_DriverIRQHandler)
    LPUART1_DriverIRQHandler                 0x60004811   Thumb Code    16  fsl_lpuart.o(i.LPUART1_DriverIRQHandler)
    LPUART2_DriverIRQHandler                 0x6000482d   Thumb Code    16  fsl_lpuart.o(i.LPUART2_DriverIRQHandler)
    LPUART3_DriverIRQHandler                 0x60004849   Thumb Code    16  fsl_lpuart.o(i.LPUART3_DriverIRQHandler)
    LPUART4_DriverIRQHandler                 0x60004865   Thumb Code    16  fsl_lpuart.o(i.LPUART4_DriverIRQHandler)
    LPUART5_DriverIRQHandler                 0x60004881   Thumb Code    16  fsl_lpuart.o(i.LPUART5_DriverIRQHandler)
    LPUART6_DriverIRQHandler                 0x6000489d   Thumb Code    16  fsl_lpuart.o(i.LPUART6_DriverIRQHandler)
    LPUART7_DriverIRQHandler                 0x600048b9   Thumb Code    16  fsl_lpuart.o(i.LPUART7_DriverIRQHandler)
    LPUART8_DriverIRQHandler                 0x600048d5   Thumb Code    16  fsl_lpuart.o(i.LPUART8_DriverIRQHandler)
    LPUART_ClearStatusFlags                  0x600048f1   Thumb Code    82  fsl_lpuart.o(i.LPUART_ClearStatusFlags)
    LPUART_GetDefaultConfig                  0x60004949   Thumb Code    58  fsl_lpuart.o(i.LPUART_GetDefaultConfig)
    LPUART_GetInstance                       0x600049b5   Thumb Code    48  fsl_lpuart.o(i.LPUART_GetInstance)
    LPUART_GetStatusFlags                    0x60004a39   Thumb Code    16  fsl_lpuart.o(i.LPUART_GetStatusFlags)
    LPUART_Init                              0x60004a49   Thumb Code   548  fsl_lpuart.o(i.LPUART_Init)
    LPUART_ReadBlocking                      0x60004d3d   Thumb Code   210  fsl_lpuart.o(i.LPUART_ReadBlocking)
    LPUART_WriteBlocking                     0x60004e41   Thumb Code    54  fsl_lpuart.o(i.LPUART_WriteBlocking)
    PIT_IRQHandler                           0x60004eb5   Thumb Code    24  pit.o(i.PIT_IRQHandler)
    QTMR_GPIO_config                         0x60004ed9   Thumb Code    68  pwm.o(i.QTMR_GPIO_config)
    QTMR_GetDefaultConfig                    0x60004f2d   Thumb Code    40  fsl_qtmr.o(i.QTMR_GetDefaultConfig)
    QTMR_Init                                0x60004ffd   Thumb Code   154  fsl_qtmr.o(i.QTMR_Init)
    QTMR_PWM_config                          0x600050c9   Thumb Code    92  pwm.o(i.QTMR_PWM_config)
    QTMR_SetupPwm                            0x60005129   Thumb Code   180  fsl_qtmr.o(i.QTMR_SetupPwm)
    SPI_read_data                            0x600054ad   Thumb Code    92  spi.o(i.SPI_read_data)
    SPI_write_data                           0x6000553d   Thumb Code    82  spi.o(i.SPI_write_data)
    StrFormatPrintf                          0x60005595   Thumb Code  1576  fsl_str.o(i.StrFormatPrintf)
    SystemInit                               0x60005bbd   Thumb Code   158  system_mimxrt1052.o(i.SystemInit)
    SystemInitHook                           0x60005c71   Thumb Code     2  system_mimxrt1052.o(i.SystemInitHook)
    UART_IOMUXC_config                       0x60005c75   Thumb Code    48  uart.o(i.UART_IOMUXC_config)
    UART_MODE_config                         0x60005cad   Thumb Code    40  uart.o(i.UART_MODE_config)
    UART_PAD_config                          0x60005cd9   Thumb Code    52  uart.o(i.UART_PAD_config)
    UART_senddata                            0x60005d15   Thumb Code    20  uart.o(i.UART_senddata)
    USB_UART_config                          0x60005d29   Thumb Code    16  uart.o(i.USB_UART_config)
    W25QXX_check_busy                        0x60005d39   Thumb Code    22  w25qxx.o(i.W25QXX_check_busy)
    W25QXX_pagewrite                         0x60005d51   Thumb Code    88  w25qxx.o(i.W25QXX_pagewrite)
    W25QXX_readID                            0x60005dad   Thumb Code    90  w25qxx.o(i.W25QXX_readID)
    W25QXX_read_regstatus                    0x60005e0d   Thumb Code    40  w25qxx.o(i.W25QXX_read_regstatus)
    W25QXX_readdata                          0x60005e39   Thumb Code    80  w25qxx.o(i.W25QXX_readdata)
    W25QXX_writeenable                       0x60005e8d   Thumb Code    30  w25qxx.o(i.W25QXX_writeenable)
    W25Qxx_sector_erase                      0x60005eb1   Thumb Code    62  w25qxx.o(i.W25Qxx_sector_erase)
    __0printf$5                              0x60005ef5   Thumb Code    22  printf5.o(i.__0printf$5)
    __1printf$5                              0x60005ef5   Thumb Code     0  printf5.o(i.__0printf$5)
    __2printf                                0x60005ef5   Thumb Code     0  printf5.o(i.__0printf$5)
    __ARM_fpclassify                         0x60005f15   Thumb Code    48  fpclassify.o(i.__ARM_fpclassify)
    __aeabi_assert                           0x60005f45   Thumb Code    24  fsl_assert.o(i.__aeabi_assert)
    __hardfp_modf                            0x60005f89   Thumb Code   186  modf.o(i.__hardfp_modf)
    __hardfp_pow                             0x60006049   Thumb Code  2140  pow.o(i.__hardfp_pow)
    __kernel_poly                            0x60006941   Thumb Code   112  poly.o(i.__kernel_poly)
    __mathlib_dbl_divzero                    0x600069b1   Thumb Code    14  dunder.o(i.__mathlib_dbl_divzero)
    __mathlib_dbl_infnan2                    0x600069d1   Thumb Code     6  dunder.o(i.__mathlib_dbl_infnan2)
    __mathlib_dbl_invalid                    0x600069d9   Thumb Code    10  dunder.o(i.__mathlib_dbl_invalid)
    __mathlib_dbl_overflow                   0x600069f1   Thumb Code    10  dunder.o(i.__mathlib_dbl_overflow)
    __mathlib_dbl_underflow                  0x60006a09   Thumb Code    10  dunder.o(i.__mathlib_dbl_underflow)
    __scatterload_copy                       0x60006a21   Thumb Code    14  handlers.o(i.__scatterload_copy)
    __scatterload_null                       0x60006a2f   Thumb Code     2  handlers.o(i.__scatterload_null)
    __scatterload_zeroinit                   0x60006a31   Thumb Code    14  handlers.o(i.__scatterload_zeroinit)
    __set_errno                              0x60006a41   Thumb Code     6  errno.o(i.__set_errno)
    fabs                                     0x60006d0d   Thumb Code    24  fabs.o(i.fabs)
    fputc                                    0x60006d25   Thumb Code    18  uart.o(i.fputc)
    main                                     0x60006d3d   Thumb Code   120  main.o(i.main)
    sqrt                                     0x60006e31   Thumb Code   106  sqrt.o(i.sqrt)
    armPllConfig_BOARD_BootClockRUN          0x60006f4c   Data           4  clock_config.o(.constdata)
    sysPllConfig_BOARD_BootClockRUN          0x60006f50   Data          12  clock_config.o(.constdata)
    usb1PllConfig_BOARD_BootClockRUN         0x60006f5c   Data           1  clock_config.o(.constdata)
    __mathlib_zero                           0x60006fe8   Data           8  qnan.o(.constdata)
    Region$$Table$$Base                      0x60006ff0   Number         0  anon$$obj.o(Region$$Table)
    Region$$Table$$Limit                     0x60007010   Number         0  anon$$obj.o(Region$$Table)



==============================================================================

Memory Map of the image

  Image Entry point : 0x60002401

  Load Region LR_m_rom_config (Base: 0x60000000, Size: 0x00000200, Max: 0x00001000, ABSOLUTE)

    Execution Region RW_m_config_text (Exec base: 0x60000000, Load base: 0x60000000, Size: 0x00000200, Max: 0x00001000, ABSOLUTE)

    Exec Addr    Load Addr    Size         Type   Attr      Idx    E Section Name        Object

    0x60000000   0x60000000   0x00000200   Data   RO         2034    .boot_hdr.conf      fire_imxrt1052_spiflash_config.o



  Load Region LR_m_rom_ivt (Base: 0x60001000, Size: 0x00000460, Max: 0x00001000, ABSOLUTE)

    Execution Region RW_m_ivt_text (Exec base: 0x60001000, Load base: 0x60001000, Size: 0x00000460, Max: 0x00001000, ABSOLUTE)

    Exec Addr    Load Addr    Size         Type   Attr      Idx    E Section Name        Object

    0x60001000   0x60001000   0x00000020   Data   RO         2059    .boot_hdr.ivt       fsl_flexspi_nor_boot.o
    0x60001020   0x60001020   0x00000010   Data   RO         2058    .boot_hdr.boot_data  fsl_flexspi_nor_boot.o
    0x60001030   0x60001030   0x00000430   Data   RO         2019    .boot_hdr.dcd_data  fire_imxrt1052_sdram_ini_dcd.o



  Load Region LR_m_text (Base: 0x60002000, Size: 0x00005060, Max: 0x61fffc00, ABSOLUTE)

    Execution Region RW_m_data (Exec base: 0x20000000, Load base: 0x60007010, Size: 0x00000094, Max: 0x0001f800, ABSOLUTE)

    Exec Addr    Load Addr    Size         Type   Attr      Idx    E Section Name        Object

    0x20000000   0x60007010   0x00000004   Data   RW           11    .data               system_mimxrt1052.o
    0x20000004   0x60007014   0x00000008   Data   RW          130    .data               fsl_clock.o
    0x2000000c   0x6000701c   0x00000004   Data   RW          452    .data               fsl_lpuart.o
    0x20000010   0x60007020   0x00000008   Data   RW          750    .data               fsl_lpi2c.o
    0x20000018   0x60007028   0x00000008   Data   RW         1505    .data               fsl_debug_console.o
    0x20000020   0x60007030   0x00000008   Data   RW         1723    .data               fsl_io.o
    0x20000028   0x60007038   0x00000020   Data   RW         1949    .data               main.o
    0x20000048   0x60007058   0x00000002   Data   RW         2149    .data               key.o
    0x2000004a   0x6000705a   0x00000001   Data   RW         2585    .data               gpt.o
    0x2000004b   0x6000705b   0x00000001   PAD
    0x2000004c   0x6000705c   0x00000004   Data   RW         3181    .data               mc_w.l(errno.o)
    0x20000050        -       0x00000024   Zero   RW          450    .bss                fsl_lpuart.o
    0x20000074        -       0x00000020   Zero   RW          748    .bss                fsl_lpi2c.o


    Execution Region ARM_LIB_HEAP (Exec base: 0x20000094, Load base: 0x60007060, Size: 0x00000400, Max: 0x00000400, ABSOLUTE)

    Exec Addr    Load Addr    Size         Type   Attr      Idx    E Section Name        Object

    0x20000094        -       0x00000400   Zero   RW            1    ARM_LIB_HEAP.bss    anon$$obj.o


    Execution Region ARM_LIB_STACK (Exec base: 0x2001fc00, Load base: 0x60007060, Size: 0x00000400, Max: 0x00000400, ABSOLUTE)

    Exec Addr    Load Addr    Size         Type   Attr      Idx    E Section Name        Object

    0x2001fc00        -       0x00000400   Zero   RW            2    ARM_LIB_STACK.bss   anon$$obj.o


    Execution Region VECTOR_ROM (Exec base: 0x60002000, Load base: 0x60002000, Size: 0x00000400, Max: 0x00000400, ABSOLUTE)

    Exec Addr    Load Addr    Size         Type   Attr      Idx    E Section Name        Object

    0x60002000   0x60002000   0x00000400   Data   RO           86    RESET               startup_mimxrt1052.o


    Execution Region ER_m_text (Exec base: 0x60002400, Load base: 0x60002400, Size: 0x00004c10, Max: 0x01ffdc00, ABSOLUTE)

    Exec Addr    Load Addr    Size         Type   Attr      Idx    E Section Name        Object

    0x60002400   0x60002400   0x00000000   Code   RO         2807  * .ARM.Collect$$$$00000000  mc_w.l(entry.o)
    0x60002400   0x60002400   0x00000004   Code   RO         3156    .ARM.Collect$$$$00000003  mc_w.l(entry4.o)
    0x60002404   0x60002404   0x00000004   Code   RO         3159    .ARM.Collect$$$$00000004  mc_w.l(entry5.o)
    0x60002408   0x60002408   0x00000000   Code   RO         3161    .ARM.Collect$$$$00000008  mc_w.l(entry7b.o)
    0x60002408   0x60002408   0x00000000   Code   RO         3163    .ARM.Collect$$$$0000000A  mc_w.l(entry8b.o)
    0x60002408   0x60002408   0x00000008   Code   RO         3164    .ARM.Collect$$$$0000000B  mc_w.l(entry9a.o)
    0x60002410   0x60002410   0x00000000   Code   RO         3166    .ARM.Collect$$$$0000000D  mc_w.l(entry10a.o)
    0x60002410   0x60002410   0x00000000   Code   RO         3168    .ARM.Collect$$$$0000000F  mc_w.l(entry11a.o)
    0x60002410   0x60002410   0x00000004   Code   RO         3157    .ARM.Collect$$$$00002714  mc_w.l(entry4.o)
    0x60002414   0x60002414   0x000001bc   Code   RO           87    .text               startup_mimxrt1052.o
    0x600025d0   0x600025d0   0x00000062   Code   RO         2810    .text               mc_w.l(uldiv.o)
    0x60002632   0x60002632   0x00000062   Code   RO         2812    .text               mc_w.l(ldiv.o)
    0x60002694   0x60002694   0x00000024   Code   RO         2818    .text               mc_w.l(memseta.o)
    0x600026b8   0x600026b8   0x0000000e   Code   RO         2820    .text               mc_w.l(strlen.o)
    0x600026c6   0x600026c6   0x00000028   Code   RO         3115    .text               mf_w.l(dfltl.o)
    0x600026ee   0x600026ee   0x0000004a   Code   RO         3117    .text               mf_w.l(dfixl.o)
    0x60002738   0x60002738   0x0000001e   Code   RO         3172    .text               mc_w.l(llshl.o)
    0x60002756   0x60002756   0x00000020   Code   RO         3174    .text               mc_w.l(llushr.o)
    0x60002776   0x60002776   0x00000000   Code   RO         3187    .text               mc_w.l(iusefp.o)
    0x60002776   0x60002776   0x000000ba   Code   RO         3188    .text               mf_w.l(depilogue.o)
    0x60002830   0x60002830   0x0000002e   Code   RO         3196    .text               mf_w.l(dscalb.o)
    0x6000285e   0x6000285e   0x00000002   PAD
    0x60002860   0x60002860   0x00000024   Code   RO         3202    .text               mc_w.l(init.o)
    0x60002884   0x60002884   0x00000078   Code   RO         2438    i.ADC1_IRQHandler   adc.o
    0x600028fc   0x600028fc   0x00000090   Code   RO         1031    i.ADC_SetChannelConfig  fsl_adc.o
    0x6000298c   0x6000298c   0x000002f4   Code   RO         1846    i.BOARD_BootClockRUN  clock_config.o
    0x60002c80   0x60002c80   0x000001b4   Code   RO         1769    i.BOARD_ConfigMPU   board.o
    0x60002e34   0x60002e34   0x00000078   Code   RO         1770    i.BOARD_DebugConsoleSrcFreq  board.o
    0x60002eac   0x60002eac   0x0000001c   Code   RO         1771    i.BOARD_InitDebugConsole  board.o
    0x60002ec8   0x60002ec8   0x00000070   Code   RO         1898    i.BOARD_InitPins    pin_mux.o
    0x60002f38   0x60002f38   0x00000070   Code   RO          414    i.CLOCK_ControlGate  fsl_lpuart.o
    0x60002fa8   0x60002fa8   0x00000070   Code   RO         1167    i.CLOCK_ControlGate  fsl_gpt.o
    0x60003018   0x60003018   0x00000070   Code   RO         1218    i.CLOCK_ControlGate  fsl_qtmr.o
    0x60003088   0x60003088   0x00000078   Code   RO          359    i.CLOCK_EnableClock  fsl_gpio.o
    0x60003100   0x60003100   0x00000078   Code   RO         1899    i.CLOCK_EnableClock  pin_mux.o
    0x60003178   0x60003178   0x00000020   Code   RO         1772    i.CLOCK_GetDiv      board.o
    0x60003198   0x60003198   0x00000174   Code   RO          111    i.CLOCK_GetFreq     fsl_clock.o
    0x6000330c   0x6000330c   0x00000020   Code   RO          112    i.CLOCK_GetOscFreq  fsl_clock.o
    0x6000332c   0x6000332c   0x000000c8   Code   RO          113    i.CLOCK_GetPeriphClkFreq  fsl_clock.o
    0x600033f4   0x600033f4   0x0000022c   Code   RO          114    i.CLOCK_GetPllFreq  fsl_clock.o
    0x60003620   0x60003620   0x0000006c   Code   RO          115    i.CLOCK_GetSysPfdFreq  fsl_clock.o
    0x6000368c   0x6000368c   0x0000006c   Code   RO          116    i.CLOCK_GetUsb1PfdFreq  fsl_clock.o
    0x600036f8   0x600036f8   0x00000024   Code   RO          117    i.CLOCK_InitArmPll  fsl_clock.o
    0x6000371c   0x6000371c   0x00000024   Code   RO          123    i.CLOCK_InitSysPll  fsl_clock.o
    0x60003740   0x60003740   0x000000ac   Code   RO         1848    i.CLOCK_SetDiv      clock_config.o
    0x600037ec   0x600037ec   0x00000070   Code   RO         2579    i.CLOCK_SetDiv      gpt.o
    0x6000385c   0x6000385c   0x000000ac   Code   RO         1849    i.CLOCK_SetMux      clock_config.o
    0x60003908   0x60003908   0x000000ac   Code   RO         2580    i.CLOCK_SetMux      gpt.o
    0x600039b4   0x600039b4   0x00000028   Code   RO         2372    i.CPU_TS_TmrInit    core_delay.o
    0x600039dc   0x600039dc   0x0000000c   Code   RO         2373    i.CPU_TS_TmrRd      core_delay.o
    0x600039e8   0x600039e8   0x00000058   Code   RO         2374    i.CPU_TS_Tmr_Delay_US  core_delay.o
    0x60003a40   0x60003a40   0x000001ae   Code   RO         1597    i.ConvertFloatRadixNumToString  fsl_str.o
    0x60003bee   0x60003bee   0x0000014c   Code   RO         1598    i.ConvertRadixNumToString  fsl_str.o
    0x60003d3a   0x60003d3a   0x00000002   PAD
    0x60003d3c   0x60003d3c   0x00000088   Code   RO         1498    i.DbgConsole_Init   fsl_debug_console.o
    0x60003dc4   0x60003dc4   0x00000040   Code   RO         1499    i.DbgConsole_Printf  fsl_debug_console.o
    0x60003e04   0x60003e04   0x0000003e   Code   RO         1501    i.DbgConsole_RelocateLog  fsl_debug_console.o
    0x60003e42   0x60003e42   0x00000002   PAD
    0x60003e44   0x60003e44   0x0000001c   Code   RO         2141    i.GPIO5_Combined_0_15_IRQHandler  key.o
    0x60003e60   0x60003e60   0x0000007c   Code   RO          360    i.GPIO_GetInstance  fsl_gpio.o
    0x60003edc   0x60003edc   0x00000060   Code   RO          361    i.GPIO_PinInit      fsl_gpio.o
    0x60003f3c   0x60003f3c   0x0000008a   Code   RO          362    i.GPIO_PinSetInterruptConfig  fsl_gpio.o
    0x60003fc6   0x60003fc6   0x00000002   PAD
    0x60003fc8   0x60003fc8   0x00000064   Code   RO          363    i.GPIO_PinWrite     fsl_gpio.o
    0x6000402c   0x6000402c   0x0000005c   Code   RO         2581    i.GPT2_IRQHandler   gpt.o
    0x60004088   0x60004088   0x00000008   Code   RO         2582    i.GPT_EnableInterrupts  gpt.o
    0x60004090   0x60004090   0x00000050   Code   RO         2583    i.GPT_GPIO_config   gpt.o
    0x600040e0   0x600040e0   0x00000058   Code   RO         1169    i.GPT_GetDefaultConfig  fsl_gpt.o
    0x60004138   0x60004138   0x0000007c   Code   RO         1170    i.GPT_GetInstance   fsl_gpt.o
    0x600041b4   0x600041b4   0x0000016c   Code   RO         1171    i.GPT_Init          fsl_gpt.o
    0x60004320   0x60004320   0x00000158   Code   RO         2584    i.GPT_config        gpt.o
    0x60004478   0x60004478   0x0000000c   Code   RO         1900    i.IOMUXC_SetPinConfig  pin_mux.o
    0x60004484   0x60004484   0x0000000c   Code   RO         2215    i.IOMUXC_SetPinConfig  uart.o
    0x60004490   0x60004490   0x0000001a   Code   RO         1901    i.IOMUXC_SetPinMux  pin_mux.o
    0x600044aa   0x600044aa   0x0000001a   Code   RO         2216    i.IOMUXC_SetPinMux  uart.o
    0x600044c4   0x600044c4   0x000000bc   Code   RO         1720    i.IO_Init           fsl_io.o
    0x60004580   0x60004580   0x00000044   Code   RO         1721    i.IO_Transfer       fsl_io.o
    0x600045c4   0x600045c4   0x000000c4   Code   RO         2496    i.IRQN_priority     exit.o
    0x60004688   0x60004688   0x00000024   Code   RO         2084    i.LED_GPIO_config   led.o
    0x600046ac   0x600046ac   0x00000024   Code   RO         2085    i.LED_MUX_config    led.o
    0x600046d0   0x600046d0   0x00000010   Code   RO         2086    i.LED_PAD_config    led.o
    0x600046e0   0x600046e0   0x00000010   Code   RO         2088    i.LED_config        led.o
    0x600046f0   0x600046f0   0x00000024   Code   RO         1652    i.LOG_Init          fsl_log.o
    0x60004714   0x60004714   0x00000022   Code   RO         1653    i.LOG_Pop           fsl_log.o
    0x60004736   0x60004736   0x00000002   PAD
    0x60004738   0x60004738   0x00000054   Code   RO         1654    i.LOG_Push          fsl_log.o
    0x6000478c   0x6000478c   0x00000010   Code   RO          700    i.LPI2C1_DriverIRQHandler  fsl_lpi2c.o
    0x6000479c   0x6000479c   0x00000010   Code   RO          701    i.LPI2C2_DriverIRQHandler  fsl_lpi2c.o
    0x600047ac   0x600047ac   0x00000010   Code   RO          702    i.LPI2C3_DriverIRQHandler  fsl_lpi2c.o
    0x600047bc   0x600047bc   0x00000054   Code   RO          704    i.LPI2C_CommonIRQHandler  fsl_lpi2c.o
    0x60004810   0x60004810   0x0000001c   Code   RO          415    i.LPUART1_DriverIRQHandler  fsl_lpuart.o
    0x6000482c   0x6000482c   0x0000001c   Code   RO          416    i.LPUART2_DriverIRQHandler  fsl_lpuart.o
    0x60004848   0x60004848   0x0000001c   Code   RO          417    i.LPUART3_DriverIRQHandler  fsl_lpuart.o
    0x60004864   0x60004864   0x0000001c   Code   RO          418    i.LPUART4_DriverIRQHandler  fsl_lpuart.o
    0x60004880   0x60004880   0x0000001c   Code   RO          419    i.LPUART5_DriverIRQHandler  fsl_lpuart.o
    0x6000489c   0x6000489c   0x0000001c   Code   RO          420    i.LPUART6_DriverIRQHandler  fsl_lpuart.o
    0x600048b8   0x600048b8   0x0000001c   Code   RO          421    i.LPUART7_DriverIRQHandler  fsl_lpuart.o
    0x600048d4   0x600048d4   0x0000001c   Code   RO          422    i.LPUART8_DriverIRQHandler  fsl_lpuart.o
    0x600048f0   0x600048f0   0x00000058   Code   RO          423    i.LPUART_ClearStatusFlags  fsl_lpuart.o
    0x60004948   0x60004948   0x0000006c   Code   RO          427    i.LPUART_GetDefaultConfig  fsl_lpuart.o
    0x600049b4   0x600049b4   0x00000084   Code   RO          429    i.LPUART_GetInstance  fsl_lpuart.o
    0x60004a38   0x60004a38   0x00000010   Code   RO          430    i.LPUART_GetStatusFlags  fsl_lpuart.o
    0x60004a48   0x60004a48   0x000002f4   Code   RO          431    i.LPUART_Init       fsl_lpuart.o
    0x60004d3c   0x60004d3c   0x00000104   Code   RO          432    i.LPUART_ReadBlocking  fsl_lpuart.o
    0x60004e40   0x60004e40   0x00000068   Code   RO          448    i.LPUART_WriteBlocking  fsl_lpuart.o
    0x60004ea8   0x60004ea8   0x0000000c   Code   RO         2526    i.PIT_ClearStatusFlags  pit.o
    0x60004eb4   0x60004eb4   0x00000024   Code   RO         2527    i.PIT_IRQHandler    pit.o
    0x60004ed8   0x60004ed8   0x00000054   Code   RO         2751    i.QTMR_GPIO_config  pwm.o
    0x60004f2c   0x60004f2c   0x00000054   Code   RO         1225    i.QTMR_GetDefaultConfig  fsl_qtmr.o
    0x60004f80   0x60004f80   0x0000007c   Code   RO         1227    i.QTMR_GetInstance  fsl_qtmr.o
    0x60004ffc   0x60004ffc   0x000000cc   Code   RO         1229    i.QTMR_Init         fsl_qtmr.o
    0x600050c8   0x600050c8   0x00000060   Code   RO         2752    i.QTMR_PWM_config   pwm.o
    0x60005128   0x60005128   0x000000b4   Code   RO         1232    i.QTMR_SetupPwm     fsl_qtmr.o
    0x600051dc   0x600051dc   0x000000a0   Code   RO         1773    i.SCB_DisableDCache  board.o
    0x6000527c   0x6000527c   0x0000009c   Code   RO            6    i.SCB_EnableDCache  system_mimxrt1052.o
    0x60005318   0x60005318   0x0000009c   Code   RO         1774    i.SCB_EnableDCache  board.o
    0x600053b4   0x600053b4   0x0000007c   Code   RO            7    i.SCB_EnableICache  system_mimxrt1052.o
    0x60005430   0x60005430   0x0000007c   Code   RO         1775    i.SCB_EnableICache  board.o
    0x600054ac   0x600054ac   0x00000090   Code   RO         2639    i.SPI_read_data     spi.o
    0x6000553c   0x6000553c   0x00000058   Code   RO         2640    i.SPI_write_data    spi.o
    0x60005594   0x60005594   0x00000628   Code   RO         1600    i.StrFormatPrintf   fsl_str.o
    0x60005bbc   0x60005bbc   0x000000b4   Code   RO            9    i.SystemInit        system_mimxrt1052.o
    0x60005c70   0x60005c70   0x00000002   Code   RO           10    i.SystemInitHook    system_mimxrt1052.o
    0x60005c72   0x60005c72   0x00000002   PAD
    0x60005c74   0x60005c74   0x00000038   Code   RO         2217    i.UART_IOMUXC_config  uart.o
    0x60005cac   0x60005cac   0x0000002c   Code   RO         2218    i.UART_MODE_config  uart.o
    0x60005cd8   0x60005cd8   0x0000003c   Code   RO         2219    i.UART_PAD_config   uart.o
    0x60005d14   0x60005d14   0x00000014   Code   RO         2220    i.UART_senddata     uart.o
    0x60005d28   0x60005d28   0x00000010   Code   RO         2222    i.USB_UART_config   uart.o
    0x60005d38   0x60005d38   0x00000016   Code   RO         2685    i.W25QXX_check_busy  w25qxx.o
    0x60005d4e   0x60005d4e   0x00000002   PAD
    0x60005d50   0x60005d50   0x0000005c   Code   RO         2687    i.W25QXX_pagewrite  w25qxx.o
    0x60005dac   0x60005dac   0x00000060   Code   RO         2688    i.W25QXX_readID     w25qxx.o
    0x60005e0c   0x60005e0c   0x0000002c   Code   RO         2689    i.W25QXX_read_regstatus  w25qxx.o
    0x60005e38   0x60005e38   0x00000054   Code   RO         2690    i.W25QXX_readdata   w25qxx.o
    0x60005e8c   0x60005e8c   0x00000024   Code   RO         2691    i.W25QXX_writeenable  w25qxx.o
    0x60005eb0   0x60005eb0   0x00000044   Code   RO         2692    i.W25Qxx_sector_erase  w25qxx.o
    0x60005ef4   0x60005ef4   0x00000020   Code   RO         2959    i.__0printf$5       mc_w.l(printf5.o)
    0x60005f14   0x60005f14   0x00000030   Code   RO         3139    i.__ARM_fpclassify  m_wv.l(fpclassify.o)
    0x60005f44   0x60005f44   0x00000044   Code   RO         1329    i.__aeabi_assert    fsl_assert.o
    0x60005f88   0x60005f88   0x000000c0   Code   RO         2781    i.__hardfp_modf     m_wv.l(modf.o)
    0x60006048   0x60006048   0x000008f8   Code   RO         2787    i.__hardfp_pow      m_wv.l(pow.o)
    0x60006940   0x60006940   0x00000070   Code   RO         3141    i.__kernel_poly     m_wv.l(poly.o)
    0x600069b0   0x600069b0   0x00000020   Code   RO         3119    i.__mathlib_dbl_divzero  m_wv.l(dunder.o)
    0x600069d0   0x600069d0   0x00000006   Code   RO         3121    i.__mathlib_dbl_infnan2  m_wv.l(dunder.o)
    0x600069d6   0x600069d6   0x00000002   PAD
    0x600069d8   0x600069d8   0x00000018   Code   RO         3122    i.__mathlib_dbl_invalid  m_wv.l(dunder.o)
    0x600069f0   0x600069f0   0x00000018   Code   RO         3123    i.__mathlib_dbl_overflow  m_wv.l(dunder.o)
    0x60006a08   0x60006a08   0x00000018   Code   RO         3125    i.__mathlib_dbl_underflow  m_wv.l(dunder.o)
    0x60006a20   0x60006a20   0x0000000e   Code   RO         3225    i.__scatterload_copy  mc_w.l(handlers.o)
    0x60006a2e   0x60006a2e   0x00000002   Code   RO         3226    i.__scatterload_null  mc_w.l(handlers.o)
    0x60006a30   0x60006a30   0x0000000e   Code   RO         3227    i.__scatterload_zeroinit  mc_w.l(handlers.o)
    0x60006a3e   0x60006a3e   0x00000002   PAD
    0x60006a40   0x60006a40   0x0000000c   Code   RO         3180    i.__set_errno       mc_w.l(errno.o)
    0x60006a4c   0x60006a4c   0x000002c0   Code   RO         2966    i._printf_core      mc_w.l(printf5.o)
    0x60006d0c   0x60006d0c   0x00000018   Code   RO         3135    i.fabs              m_wv.l(fabs.o)
    0x60006d24   0x60006d24   0x00000018   Code   RO         2223    i.fputc             uart.o
    0x60006d3c   0x60006d3c   0x000000f4   Code   RO         1948    i.main              main.o
    0x60006e30   0x60006e30   0x0000006a   Code   RO         3146    i.sqrt              m_wv.l(sqrt.o)
    0x60006e9a   0x60006e9a   0x00000002   PAD
    0x60006e9c   0x60006e9c   0x00000010   Data   RO          129    .constdata          fsl_clock.o
    0x60006eac   0x60006eac   0x00000024   Data   RO          364    .constdata          fsl_gpio.o
    0x60006ed0   0x60006ed0   0x00000048   Data   RO          451    .constdata          fsl_lpuart.o
    0x60006f18   0x60006f18   0x00000012   Data   RO         1172    .constdata          fsl_gpt.o
    0x60006f2a   0x60006f2a   0x00000002   PAD
    0x60006f2c   0x60006f2c   0x0000001e   Data   RO         1233    .constdata          fsl_qtmr.o
    0x60006f4a   0x60006f4a   0x00000002   PAD
    0x60006f4c   0x60006f4c   0x00000011   Data   RO         1850    .constdata          clock_config.o
    0x60006f5d   0x60006f5d   0x00000003   PAD
    0x60006f60   0x60006f60   0x00000088   Data   RO         2790    .constdata          m_wv.l(pow.o)
    0x60006fe8   0x60006fe8   0x00000008   Data   RO         3143    .constdata          m_wv.l(qnan.o)
    0x60006ff0   0x60006ff0   0x00000020   Data   RO         3223    Region$$Table       anon$$obj.o


==============================================================================

Image component sizes


      Code (inc. data)   RO Data    RW Data    ZI Data      Debug   Object Name

       120         76          0          0          0       3474   adc.o
      1056        108          0          0          0      54057   board.o
      1100        302         17          0          0      13211   clock_config.o
       140         22          0          0          0       1666   core_delay.o
       196         12          0          0          0      35955   exit.o
         0          0       1072          0          0        599   fire_imxrt1052_sdram_ini_dcd.o
         0          0        512          0          0       5842   fire_imxrt1052_spiflash_config.o
       144         82          0          0          0       3899   fsl_adc.o
        68         44          0          0          0        673   fsl_assert.o
      1448        130         16          8          0    1371133   fsl_clock.o
       262         98          0          8          0       4932   fsl_debug_console.o
         0          0         48          0          0       2206   fsl_flexspi_nor_boot.o
       578        188         36          0          0      16423   fsl_gpio.o
       688        304         18          0          0       6714   fsl_gpt.o
       256         62          0          8          0       7224   fsl_io.o
       154         52          0          0          0       3328   fsl_log.o
       132         30          0          8         32      14958   fsl_lpi2c.o
      1800        596         72          4         36      65194   fsl_lpuart.o
       704        222         30          0          0       7364   fsl_qtmr.o
      2338          0          0          0          0       5742   fsl_str.o
       808        246          0          1          0       7829   gpt.o
        28         10          0          2          0       3111   key.o
       104         16          0          0          0      73037   led.o
         0          0          0          0          0      10391   lpi2c.o
       244        124          0         32          0       5798   main.o
       270         60          0          0          0      71305   pin_mux.o
        48         12          0          0          0       2345   pit.o
       180         20          0          0          0       4645   pwm.o
       232         58          0          0          0       1321   spi.o
       444        210       1024          0          0       3112   startup_mimxrt1052.o
       462         38          0          4          0    1391267   system_mimxrt1052.o
       258         26          0          0          0       9856   uart.o
       442         30          0          0          0       4528   w25qxx.o

    ----------------------------------------------------------------------
     14716       3178       2884         76       2116    3213139   Object Totals
         0          0         32          0       2048          0   (incl. Generated)
        12          0          7          1          0          0   (incl. Padding)

    ----------------------------------------------------------------------

      Code (inc. data)   RO Data    RW Data    ZI Data      Debug   Library Member Name

       110         60          0          0          0        580   dunder.o
        24          0          0          0          0        124   fabs.o
        48          0          0          0          0        124   fpclassify.o
       192          6          0          0          0        176   modf.o
       112          0          0          0          0        116   poly.o
      2296        304        136          0          0        320   pow.o
         0          0          8          0          0          0   qnan.o
       106          0          0          0          0        140   sqrt.o
         0          0          0          0          0          0   entry.o
         0          0          0          0          0          0   entry10a.o
         0          0          0          0          0          0   entry11a.o
         8          4          0          0          0          0   entry4.o
         4          0          0          0          0          0   entry5.o
         0          0          0          0          0          0   entry7b.o
         0          0          0          0          0          0   entry8b.o
         8          4          0          0          0          0   entry9a.o
        12          6          0          4          0         68   errno.o
        30          0          0          0          0          0   handlers.o
        36          8          0          0          0         68   init.o
         0          0          0          0          0          0   iusefp.o
        98          0          0          0          0         84   ldiv.o
        30          0          0          0          0         68   llshl.o
        32          0          0          0          0         68   llushr.o
        36          0          0          0          0        108   memseta.o
       736         56          0          0          0        184   printf5.o
        14          0          0          0          0         68   strlen.o
        98          0          0          0          0         92   uldiv.o
       186          0          0          0          0        176   depilogue.o
        74          0          0          0          0         80   dfixl.o
        40          0          0          0          0         80   dfltl.o
        46          0          0          0          0         80   dscalb.o

    ----------------------------------------------------------------------
      4384        448        144          4          0       2804   Library Totals
         8          0          0          0          0          0   (incl. Padding)

    ----------------------------------------------------------------------

      Code (inc. data)   RO Data    RW Data    ZI Data      Debug   Library Name

      2888        370        144          0          0       1580   m_wv.l
      1142         78          0          4          0        808   mc_w.l
       346          0          0          0          0        416   mf_w.l

    ----------------------------------------------------------------------
      4384        448        144          4          0       2804   Library Totals

    ----------------------------------------------------------------------

==============================================================================


      Code (inc. data)   RO Data    RW Data    ZI Data      Debug   

     19100       3626       3028         80       2116    3203927   Grand Totals
     19100       3626       3028         80       2116    3203927   ELF Image Totals
     19100       3626       3028         80          0          0   ROM Totals

==============================================================================

    Total RO  Size (Code + RO Data)                22128 (  21.61kB)
    Total RW  Size (RW Data + ZI Data)              2196 (   2.14kB)
    Total ROM Size (Code + RO Data + RW Data)      22208 (  21.69kB)

==============================================================================

