Component: ARM Compiler 5.06 update 6 (build 750) Tool: armlink [4d35ed]

==============================================================================

Section Cross References

    system_mimxrt1052.o(i.SystemCoreClockUpdate) refers to uldiv.o(.text) for __aeabi_uldivmod
    system_mimxrt1052.o(i.SystemCoreClockUpdate) refers to system_mimxrt1052.o(.data) for SystemCoreClock
    system_mimxrt1052.o(i.SystemInit) refers to system_mimxrt1052.o(i.SCB_EnableICache) for SCB_EnableICache
    system_mimxrt1052.o(i.SystemInit) refers to system_mimxrt1052.o(i.SCB_EnableDCache) for SCB_EnableDCache
    system_mimxrt1052.o(i.SystemInit) refers to system_mimxrt1052.o(i.SystemInitHook) for SystemInitHook
    startup_mimxrt1052.o(RESET) refers to startup_mimxrt1052.o(.text) for Reset_Handler
    startup_mimxrt1052.o(RESET) refers to adc.o(i.ADC1_IRQHandler) for ADC1_IRQHandler
    startup_mimxrt1052.o(RESET) refers to key.o(i.GPIO5_Combined_0_15_IRQHandler) for GPIO5_Combined_0_15_IRQHandler
    startup_mimxrt1052.o(.text) refers to startup_mimxrt1052.o(RESET) for __Vectors
    startup_mimxrt1052.o(.text) refers to system_mimxrt1052.o(i.SystemInit) for SystemInit
    startup_mimxrt1052.o(.text) refers to entry.o(.ARM.Collect$$$$00000000) for __main
    startup_mimxrt1052.o(.text) refers to fsl_lpuart.o(i.LPUART1_DriverIRQHandler) for LPUART1_DriverIRQHandler
    startup_mimxrt1052.o(.text) refers to fsl_lpuart.o(i.LPUART2_DriverIRQHandler) for LPUART2_DriverIRQHandler
    startup_mimxrt1052.o(.text) refers to fsl_lpuart.o(i.LPUART3_DriverIRQHandler) for LPUART3_DriverIRQHandler
    startup_mimxrt1052.o(.text) refers to fsl_lpuart.o(i.LPUART4_DriverIRQHandler) for LPUART4_DriverIRQHandler
    startup_mimxrt1052.o(.text) refers to fsl_lpuart.o(i.LPUART5_DriverIRQHandler) for LPUART5_DriverIRQHandler
    startup_mimxrt1052.o(.text) refers to fsl_lpuart.o(i.LPUART6_DriverIRQHandler) for LPUART6_DriverIRQHandler
    startup_mimxrt1052.o(.text) refers to fsl_lpuart.o(i.LPUART7_DriverIRQHandler) for LPUART7_DriverIRQHandler
    startup_mimxrt1052.o(.text) refers to fsl_lpuart.o(i.LPUART8_DriverIRQHandler) for LPUART8_DriverIRQHandler
    startup_mimxrt1052.o(.text) refers to fsl_lpi2c.o(i.LPI2C1_DriverIRQHandler) for LPI2C1_DriverIRQHandler
    startup_mimxrt1052.o(.text) refers to fsl_lpi2c.o(i.LPI2C2_DriverIRQHandler) for LPI2C2_DriverIRQHandler
    startup_mimxrt1052.o(.text) refers to fsl_lpi2c.o(i.LPI2C3_DriverIRQHandler) for LPI2C3_DriverIRQHandler
    fsl_clock.o(i.CLOCK_DisableUsbhs0PhyPllClock) refers to fsl_clock.o(i.CLOCK_DeinitUsb1Pll) for CLOCK_DeinitUsb1Pll
    fsl_clock.o(i.CLOCK_DisableUsbhs1PhyPllClock) refers to fsl_clock.o(i.CLOCK_DeinitUsb2Pll) for CLOCK_DeinitUsb2Pll
    fsl_clock.o(i.CLOCK_EnableUsbhs0PhyPllClock) refers to fsl_clock.o(i.CLOCK_InitUsb1Pll) for CLOCK_InitUsb1Pll
    fsl_clock.o(i.CLOCK_EnableUsbhs1PhyPllClock) refers to fsl_clock.o(i.CLOCK_InitUsb2Pll) for CLOCK_InitUsb2Pll
    fsl_clock.o(i.CLOCK_GetFreq) refers to fsl_clock.o(i.CLOCK_GetPeriphClkFreq) for CLOCK_GetPeriphClkFreq
    fsl_clock.o(i.CLOCK_GetFreq) refers to fsl_clock.o(i.CLOCK_GetUsb1PfdFreq) for CLOCK_GetUsb1PfdFreq
    fsl_clock.o(i.CLOCK_GetFreq) refers to fsl_clock.o(i.CLOCK_GetSysPfdFreq) for CLOCK_GetSysPfdFreq
    fsl_clock.o(i.CLOCK_GetFreq) refers to fsl_clock.o(i.CLOCK_GetOscFreq) for CLOCK_GetOscFreq
    fsl_clock.o(i.CLOCK_GetFreq) refers to fsl_clock.o(i.CLOCK_GetPllFreq) for CLOCK_GetPllFreq
    fsl_clock.o(i.CLOCK_GetOscFreq) refers to fsl_clock.o(.data) for g_xtalFreq
    fsl_clock.o(i.CLOCK_GetPeriphClkFreq) refers to fsl_clock.o(i.CLOCK_GetPllFreq) for CLOCK_GetPllFreq
    fsl_clock.o(i.CLOCK_GetPeriphClkFreq) refers to fsl_clock.o(i.CLOCK_GetOscFreq) for CLOCK_GetOscFreq
    fsl_clock.o(i.CLOCK_GetPeriphClkFreq) refers to fsl_clock.o(i.CLOCK_GetSysPfdFreq) for CLOCK_GetSysPfdFreq
    fsl_clock.o(i.CLOCK_GetPllFreq) refers to fsl_clock.o(i.CLOCK_GetOscFreq) for CLOCK_GetOscFreq
    fsl_clock.o(i.CLOCK_GetPllFreq) refers to uldiv.o(.text) for __aeabi_uldivmod
    fsl_clock.o(i.CLOCK_GetPllFreq) refers to fsl_clock.o(.constdata) for .constdata
    fsl_clock.o(i.CLOCK_GetSysPfdFreq) refers to fsl_clock.o(i.CLOCK_GetPllFreq) for CLOCK_GetPllFreq
    fsl_clock.o(i.CLOCK_GetUsb1PfdFreq) refers to fsl_clock.o(i.CLOCK_GetPllFreq) for CLOCK_GetPllFreq
    fsl_clock.o(i.CLOCK_InitExternalClk) refers to fsl_assert.o(i.__aeabi_assert) for __aeabi_assert
    fsl_gpio.o(i.CLOCK_EnableClock) refers to fsl_assert.o(i.__aeabi_assert) for __aeabi_assert
    fsl_gpio.o(i.GPIO_GetInstance) refers to fsl_assert.o(i.__aeabi_assert) for __aeabi_assert
    fsl_gpio.o(i.GPIO_GetInstance) refers to fsl_gpio.o(.constdata) for s_gpioBases
    fsl_gpio.o(i.GPIO_PinInit) refers to fsl_gpio.o(i.GPIO_GetInstance) for GPIO_GetInstance
    fsl_gpio.o(i.GPIO_PinInit) refers to fsl_gpio.o(i.CLOCK_EnableClock) for CLOCK_EnableClock
    fsl_gpio.o(i.GPIO_PinInit) refers to fsl_gpio.o(i.GPIO_PinWrite) for GPIO_PinWrite
[...]
    i.CLOCK_InitSysPll                       0x60003ef0   Section        0  fsl_clock.o(i.CLOCK_InitSysPll)
    i.CLOCK_SetDiv                           0x60003f14   Section        0  clock_config.o(i.CLOCK_SetDiv)
    CLOCK_SetDiv                             0x60003f15   Thumb Code   100  clock_config.o(i.CLOCK_SetDiv)
    i.CLOCK_SetDiv                           0x60003fc0   Section        0  lpi2c.o(i.CLOCK_SetDiv)
    CLOCK_SetDiv                             0x60003fc1   Thumb Code   102  lpi2c.o(i.CLOCK_SetDiv)
    i.CLOCK_SetMux                           0x60004030   Section        0  clock_config.o(i.CLOCK_SetMux)
    CLOCK_SetMux                             0x60004031   Thumb Code   100  clock_config.o(i.CLOCK_SetMux)
    i.CLOCK_SetMux                           0x600040dc   Section        0  lpi2c.o(i.CLOCK_SetMux)
    CLOCK_SetMux                             0x600040dd   Thumb Code   100  lpi2c.o(i.CLOCK_SetMux)
    i.CPU_TS_TmrInit                         0x60004188   Section        0  core_delay.o(i.CPU_TS_TmrInit)
    i.CPU_TS_TmrRd                           0x600041b0   Section        0  core_delay.o(i.CPU_TS_TmrRd)
    i.CPU_TS_Tmr_Delay_US                    0x600041bc   Section        0  core_delay.o(i.CPU_TS_Tmr_Delay_US)
    i.ConvertFloatRadixNumToString           0x60004214   Section        0  fsl_str.o(i.ConvertFloatRadixNumToString)
    ConvertFloatRadixNumToString             0x60004215   Thumb Code   430  fsl_str.o(i.ConvertFloatRadixNumToString)
    i.ConvertRadixNumToString                0x600043c2   Section        0  fsl_str.o(i.ConvertRadixNumToString)
    ConvertRadixNumToString                  0x600043c3   Thumb Code   332  fsl_str.o(i.ConvertRadixNumToString)
    i.DbgConsole_Init                        0x60004510   Section        0  fsl_debug_console.o(i.DbgConsole_Init)
    i.DbgConsole_Printf                      0x60004598   Section        0  fsl_debug_console.o(i.DbgConsole_Printf)
    i.DbgConsole_RelocateLog                 0x600045d8   Section        0  fsl_debug_console.o(i.DbgConsole_RelocateLog)
    DbgConsole_RelocateLog                   0x600045d9   Thumb Code    62  fsl_debug_console.o(i.DbgConsole_RelocateLog)
    i.GPIO5_Combined_0_15_IRQHandler         0x60004618   Section        0  key.o(i.GPIO5_Combined_0_15_IRQHandler)
    i.GPIO_GetInstance                       0x60004634   Section        0  fsl_gpio.o(i.GPIO_GetInstance)
    GPIO_GetInstance                         0x60004635   Thumb Code    48  fsl_gpio.o(i.GPIO_GetInstance)
    i.GPIO_PinInit                           0x600046b0   Section        0  fsl_gpio.o(i.GPIO_PinInit)
    i.GPIO_PinRead                           0x60004710   Section        0  key.o(i.GPIO_PinRead)
    GPIO_PinRead                             0x60004711   Thumb Code    32  key.o(i.GPIO_PinRead)
    i.GPIO_PinSetInterruptConfig             0x60004760   Section        0  fsl_gpio.o(i.GPIO_PinSetInterruptConfig)
    i.GPIO_PinWrite                          0x600047ec   Section        0  fsl_gpio.o(i.GPIO_PinWrite)
    i.IOMUXC_SetPinConfig                    0x60004850   Section        0  pin_mux.o(i.IOMUXC_SetPinConfig)
    IOMUXC_SetPinConfig                      0x60004851   Thumb Code    12  pin_mux.o(i.IOMUXC_SetPinConfig)
    i.IOMUXC_SetPinConfig                    0x6000485c   Section        0  uart.o(i.IOMUXC_SetPinConfig)
    IOMUXC_SetPinConfig                      0x6000485d   Thumb Code    12  uart.o(i.IOMUXC_SetPinConfig)
    i.IOMUXC_SetPinConfig                    0x60004868   Section        0  lpi2c.o(i.IOMUXC_SetPinConfig)
    IOMUXC_SetPinConfig                      0x60004869   Thumb Code    12  lpi2c.o(i.IOMUXC_SetPinConfig)
    i.IOMUXC_SetPinMux                       0x60004874   Section        0  pin_mux.o(i.IOMUXC_SetPinMux)
    IOMUXC_SetPinMux                         0x60004875   Thumb Code    26  pin_mux.o(i.IOMUXC_SetPinMux)
    i.IOMUXC_SetPinMux                       0x6000488e   Section        0  uart.o(i.IOMUXC_SetPinMux)
    IOMUXC_SetPinMux                         0x6000488f   Thumb Code    26  uart.o(i.IOMUXC_SetPinMux)
    i.IOMUXC_SetPinMux                       0x600048a8   Section        0  lpi2c.o(i.IOMUXC_SetPinMux)
    IOMUXC_SetPinMux                         0x600048a9   Thumb Code    26  lpi2c.o(i.IOMUXC_SetPinMux)
    i.IO_Init                                0x600048c4   Section        0  fsl_io.o(i.IO_Init)
    i.IO_Transfer                            0x60004980   Section        0  fsl_io.o(i.IO_Transfer)
    i.IRQN_priority                          0x600049c4   Section        0  exit.o(i.IRQN_priority)
    i.KEY_GPIO_config                        0x60004a88   Section        0  key.o(i.KEY_GPIO_config)
    i.KEY_IOMUXC_config                      0x60004aac   Section        0  key.o(i.KEY_IOMUXC_config)
    i.KEY_PAD_config                         0x60004ad0   Section        0  key.o(i.KEY_PAD_config)
    i.KEY_config                             0x60004ae4   Section        0  key.o(i.KEY_config)
    i.KEY_scan                               0x60004af4   Section        0  key.o(i.KEY_scan)
    i.LED_GPIO_config                        0x60004b2c   Section        0  led.o(i.LED_GPIO_config)
    i.LED_MUX_config                         0x60004b50   Section        0  led.o(i.LED_MUX_config)
    i.LED_PAD_config                         0x60004b74   Section        0  led.o(i.LED_PAD_config)
    i.LED_config                             0x60004b84   Section        0  led.o(i.LED_config)
    i.LOG_Init                               0x60004b94   Section        0  fsl_log.o(i.LOG_Init)
    i.LOG_Pop                                0x60004bb8   Section        0  fsl_log.o(i.LOG_Pop)
    i.LOG_Push                               0x60004bdc   Section        0  fsl_log.o(i.LOG_Push)
    i.LPI2C1_DriverIRQHandler                0x60004c30   Section        0  fsl_lpi2c.o(i.LPI2C1_DriverIRQHandler)
    i.LPI2C2_DriverIRQHandler                0x60004c40   Section        0  fsl_lpi2c.o(i.LPI2C2_DriverIRQHandler)
    i.LPI2C3_DriverIRQHandler                0x60004c50   Section        0  fsl_lpi2c.o(i.LPI2C3_DriverIRQHandler)
    i.LPI2C_CheckForBusyBus                  0x60004c60   Section        0  fsl_lpi2c.o(i.LPI2C_CheckForBusyBus)
    i.LPI2C_CommonIRQHandler                 0x60004c84   Section        0  fsl_lpi2c.o(i.LPI2C_CommonIRQHandler)
    LPI2C_CommonIRQHandler                   0x60004c85   Thumb Code    66  fsl_lpi2c.o(i.LPI2C_CommonIRQHandler)
    i.LPI2C_GetCyclesForWidth                0x60004cd8   Section        0  fsl_lpi2c.o(i.LPI2C_GetCyclesForWidth)
    LPI2C_GetCyclesForWidth                  0x60004cd9   Thumb Code    58  fsl_lpi2c.o(i.LPI2C_GetCyclesForWidth)
    i.LPI2C_GetInstance                      0x60004d18   Section        0  fsl_lpi2c.o(i.LPI2C_GetInstance)
    i.LPI2C_IOMUXC_config                    0x60004d70   Section        0  lpi2c.o(i.LPI2C_IOMUXC_config)
    i.LPI2C_MODE_config                      0x60004db0   Section        0  lpi2c.o(i.LPI2C_MODE_config)
    i.LPI2C_MasterCheckAndClearError         0x60004df0   Section        0  fsl_lpi2c.o(i.LPI2C_MasterCheckAndClearError)
    i.LPI2C_MasterClearStatusFlags           0x60004e80   Section        0  fsl_lpi2c.o(i.LPI2C_MasterClearStatusFlags)
    LPI2C_MasterClearStatusFlags             0x60004e81   Thumb Code     4  fsl_lpi2c.o(i.LPI2C_MasterClearStatusFlags)
    i.LPI2C_MasterEnable                     0x60004e84   Section        0  fsl_lpi2c.o(i.LPI2C_MasterEnable)
    LPI2C_MasterEnable                       0x60004e85   Thumb Code    10  fsl_lpi2c.o(i.LPI2C_MasterEnable)
    i.LPI2C_MasterGetDefaultConfig           0x60004e90   Section        0  fsl_lpi2c.o(i.LPI2C_MasterGetDefaultConfig)
    i.LPI2C_MasterGetFifoCounts              0x60004ec0   Section        0  fsl_lpi2c.o(i.LPI2C_MasterGetFifoCounts)
    LPI2C_MasterGetFifoCounts                0x60004ec1   Thumb Code    22  fsl_lpi2c.o(i.LPI2C_MasterGetFifoCounts)
    i.LPI2C_MasterGetStatusFlags             0x60004ed6   Section        0  fsl_lpi2c.o(i.LPI2C_MasterGetStatusFlags)
    LPI2C_MasterGetStatusFlags               0x60004ed7   Thumb Code     6  fsl_lpi2c.o(i.LPI2C_MasterGetStatusFlags)
    i.LPI2C_MasterInit                       0x60004edc   Section        0  fsl_lpi2c.o(i.LPI2C_MasterInit)
    i.LPI2C_MasterReceive                    0x60005014   Section        0  fsl_lpi2c.o(i.LPI2C_MasterReceive)
    i.LPI2C_MasterReset                      0x600050b8   Section        0  fsl_lpi2c.o(i.LPI2C_MasterReset)
    LPI2C_MasterReset                        0x600050b9   Thumb Code    10  fsl_lpi2c.o(i.LPI2C_MasterReset)
    i.LPI2C_MasterSend                       0x600050c4   Section        0  fsl_lpi2c.o(i.LPI2C_MasterSend)
    i.LPI2C_MasterSetBaudRate                0x60005138   Section        0  fsl_lpi2c.o(i.LPI2C_MasterSetBaudRate)
    i.LPI2C_MasterStop                       0x6000525c   Section        0  fsl_lpi2c.o(i.LPI2C_MasterStop)
    i.LPI2C_MasterTransferBlocking           0x600052a8   Section        0  fsl_lpi2c.o(i.LPI2C_MasterTransferBlocking)
    i.LPI2C_MasterWaitForTxReady             0x6000544c   Section        0  fsl_lpi2c.o(i.LPI2C_MasterWaitForTxReady)
    LPI2C_MasterWaitForTxReady               0x6000544d   Thumb Code    58  fsl_lpi2c.o(i.LPI2C_MasterWaitForTxReady)
    i.LPI2C_PAD_config                       0x60005488   Section        0  lpi2c.o(i.LPI2C_PAD_config)
    i.LPI2C_config                           0x600054cc   Section        0  lpi2c.o(i.LPI2C_config)
    i.LPI2C_readdata                         0x600054dc   Section        0  lpi2c.o(i.LPI2C_readdata)
    i.LPI2C_writebyte                        0x60005514   Section        0  lpi2c.o(i.LPI2C_writebyte)
    i.LPUART1_DriverIRQHandler               0x60005558   Section        0  fsl_lpuart.o(i.LPUART1_DriverIRQHandler)
    i.LPUART2_DriverIRQHandler               0x60005574   Section        0  fsl_lpuart.o(i.LPUART2_DriverIRQHandler)
    i.LPUART3_DriverIRQHandler               0x60005590   Section        0  fsl_lpuart.o(i.LPUART3_DriverIRQHandler)
    i.LPUART4_DriverIRQHandler               0x600055ac   Section        0  fsl_lpuart.o(i.LPUART4_DriverIRQHandler)
    i.LPUART5_DriverIRQHandler               0x600055c8   Section        0  fsl_lpuart.o(i.LPUART5_DriverIRQHandler)
    i.LPUART6_DriverIRQHandler               0x600055e4   Section        0  fsl_lpuart.o(i.LPUART6_DriverIRQHandler)
    i.LPUART7_DriverIRQHandler               0x60005600   Section        0  fsl_lpuart.o(i.LPUART7_DriverIRQHandler)
    i.LPUART8_DriverIRQHandler               0x6000561c   Section        0  fsl_lpuart.o(i.LPUART8_DriverIRQHandler)
    i.LPUART_ClearStatusFlags                0x60005638   Section        0  fsl_lpuart.o(i.LPUART_ClearStatusFlags)
    i.LPUART_GetDefaultConfig                0x60005690   Section        0  fsl_lpuart.o(i.LPUART_GetDefaultConfig)
    i.LPUART_GetInstance                     0x600056fc   Section        0  fsl_lpuart.o(i.LPUART_GetInstance)
    i.LPUART_GetStatusFlags                  0x60005780   Section        0  fsl_lpuart.o(i.LPUART_GetStatusFlags)
    i.LPUART_Init                            0x60005790   Section        0  fsl_lpuart.o(i.LPUART_Init)
    i.LPUART_ReadBlocking                    0x60005a84   Section        0  fsl_lpuart.o(i.LPUART_ReadBlocking)
    i.LPUART_WriteBlocking                   0x60005b88   Section        0  fsl_lpuart.o(i.LPUART_WriteBlocking)
    i.MPU6050_config                         0x60005bf0   Section        0  mpu6050.o(i.MPU6050_config)
    i.SCB_DisableDCache                      0x60005c30   Section        0  board.o(i.SCB_DisableDCache)
    SCB_DisableDCache                        0x60005c31   Thumb Code   150  board.o(i.SCB_DisableDCache)
    i.SCB_EnableDCache                       0x60005cd0   Section        0  system_mimxrt1052.o(i.SCB_EnableDCache)
    SCB_EnableDCache                         0x60005cd1   Thumb Code   148  system_mimxrt1052.o(i.SCB_EnableDCache)
    i.SCB_EnableDCache                       0x60005d6c   Section        0  board.o(i.SCB_EnableDCache)
    SCB_EnableDCache                         0x60005d6d   Thumb Code   148  board.o(i.SCB_EnableDCache)
    i.SCB_EnableICache                       0x60005e08   Section        0  system_mimxrt1052.o(i.SCB_EnableICache)
    SCB_EnableICache                         0x60005e09   Thumb Code   116  system_mimxrt1052.o(i.SCB_EnableICache)
    i.SCB_EnableICache                       0x60005e84   Section        0  board.o(i.SCB_EnableICache)
    SCB_EnableICache                         0x60005e85   Thumb Code   116  board.o(i.SCB_EnableICache)
    i.StrFormatPrintf                        0x60005f00   Section        0  fsl_str.o(i.StrFormatPrintf)
    i.SystemInit                             0x60006528   Section        0  system_mimxrt1052.o(i.SystemInit)
    i.SystemInitHook                         0x600065dc   Section        0  system_mimxrt1052.o(i.SystemInitHook)
    i.UART_IOMUXC_config                     0x600065e0   Section        0  uart.o(i.UART_IOMUXC_config)
    i.UART_MODE_config                       0x60006618   Section        0  uart.o(i.UART_MODE_config)
    i.UART_PAD_config                        0x60006644   Section        0  uart.o(i.UART_PAD_config)
    i.UART_senddata                          0x60006680   Section        0  uart.o(i.UART_senddata)
    i.USB_UART_config                        0x60006694   Section        0  uart.o(i.USB_UART_config)
    i.__0printf                              0x600066a4   Section        0  printfa.o(i.__0printf)
    i.__ARM_fpclassify                       0x600066c4   Section        0  fpclassify.o(i.__ARM_fpclassify)
    i.__aeabi_assert                         0x600066f4   Section        0  fsl_assert.o(i.__aeabi_assert)
    i.__hardfp_modf                          0x60006738   Section        0  modf.o(i.__hardfp_modf)
    i.__hardfp_pow                           0x600067f8   Section        0  pow.o(i.__hardfp_pow)
    i.__kernel_poly                          0x600070f0   Section        0  poly.o(i.__kernel_poly)
    i.__mathlib_dbl_divzero                  0x60007160   Section        0  dunder.o(i.__mathlib_dbl_divzero)
    i.__mathlib_dbl_infnan2                  0x60007180   Section        0  dunder.o(i.__mathlib_dbl_infnan2)
    i.__mathlib_dbl_invalid                  0x60007188   Section        0  dunder.o(i.__mathlib_dbl_invalid)
    i.__mathlib_dbl_overflow                 0x600071a0   Section        0  dunder.o(i.__mathlib_dbl_overflow)
    i.__mathlib_dbl_underflow                0x600071b8   Section        0  dunder.o(i.__mathlib_dbl_underflow)
    i.__scatterload_copy                     0x600071d0   Section       14  handlers.o(i.__scatterload_copy)
    i.__scatterload_null                     0x600071de   Section        2  handlers.o(i.__scatterload_null)
    i.__scatterload_zeroinit                 0x600071e0   Section       14  handlers.o(i.__scatterload_zeroinit)
    i.__set_errno                            0x600071f0   Section        0  errno.o(i.__set_errno)
    i._fp_digits                             0x600071fc   Section        0  printfa.o(i._fp_digits)
    _fp_digits                               0x600071fd   Thumb Code   366  printfa.o(i._fp_digits)
    i._printf_core                           0x60007380   Section        0  printfa.o(i._printf_core)
    _printf_core                             0x60007381   Thumb Code  1744  printfa.o(i._printf_core)
    i._printf_post_padding                   0x60007a5c   Section        0  printfa.o(i._printf_post_padding)
    _printf_post_padding                     0x60007a5d   Thumb Code    36  printfa.o(i._printf_post_padding)
    i._printf_pre_padding                    0x60007a80   Section        0  printfa.o(i._printf_pre_padding)
    _printf_pre_padding                      0x60007a81   Thumb Code    46  printfa.o(i._printf_pre_padding)
    i.fabs                                   0x60007aae   Section        0  fabs.o(i.fabs)
    i.fputc                                  0x60007ac8   Section        0  uart.o(i.fputc)
    i.main                                   0x60007ae0   Section        0  main.o(i.main)
    i.sqrt                                   0x60007be8   Section        0  sqrt.o(i.sqrt)
    .constdata                               0x60007c54   Section       16  fsl_clock.o(.constdata)
    .constdata                               0x60007c64   Section       36  fsl_gpio.o(.constdata)
    s_gpioBases                              0x60007c64   Data          24  fsl_gpio.o(.constdata)
    s_gpioClock                              0x60007c7c   Data          12  fsl_gpio.o(.constdata)
    .constdata                               0x60007c88   Section       72  fsl_lpuart.o(.constdata)
    s_lpuartBases                            0x60007c88   Data          36  fsl_lpuart.o(.constdata)
    s_lpuartIRQ                              0x60007cac   Data          18  fsl_lpuart.o(.constdata)
    s_lpuartClock                            0x60007cbe   Data          18  fsl_lpuart.o(.constdata)
    .constdata                               0x60007cd0   Section       40  fsl_lpi2c.o(.constdata)
    kLpi2cBases                              0x60007cd0   Data          20  fsl_lpi2c.o(.constdata)
    kLpi2cIrqs                               0x60007ce4   Data          10  fsl_lpi2c.o(.constdata)
    kLpi2cClocks                             0x60007cee   Data          10  fsl_lpi2c.o(.constdata)
    .constdata                               0x60007cf8   Section       18  fsl_adc.o(.constdata)
    s_adcBases                               0x60007cf8   Data          12  fsl_adc.o(.constdata)
    s_adcClocks                              0x60007d04   Data           6  fsl_adc.o(.constdata)
    .constdata                               0x60007d0c   Section       17  clock_config.o(.constdata)
    .constdata                               0x60007d20   Section      136  pow.o(.constdata)
    bp                                       0x60007d20   Data          16  pow.o(.constdata)
    dp_h                                     0x60007d30   Data          16  pow.o(.constdata)
    dp_l                                     0x60007d40   Data          16  pow.o(.constdata)
    L                                        0x60007d50   Data          48  pow.o(.constdata)
    P                                        0x60007d80   Data          40  pow.o(.constdata)
    .constdata                               0x60007da8   Section        8  qnan.o(.constdata)

    Global Symbols

    Symbol Name                              Value     Ov Type        Size  Object(Section)

    BuildAttributes$$THM_ISAv4$E$P$D$K$B$S$7EM$VFPv5_D16$PE$PLD8$A:L22UL41UL21$X:L11$S22US41US21$IEEE1$IW$USESV6$~STKCKD$USESV7$~SHL$OTIME$ROPI$IEEEX$EBA8$MICROLIB$REQ8$PRES8$EABIv2 0x00000000   Number         0  anon$$obj.o ABSOLUTE
    __ARM_use_no_argv                        0x00000000   Number         0  main.o ABSOLUTE
    _printf_a                                0x00000000   Number         0  stubs.o ABSOLUTE
    _printf_c                                0x00000000   Number         0  stubs.o ABSOLUTE
    _printf_charcount                        0x00000000   Number         0  stubs.o ABSOLUTE
    _printf_d                                0x00000000   Number         0  stubs.o ABSOLUTE
    _printf_e                                0x00000000   Number         0  stubs.o ABSOLUTE
    _printf_f                                0x00000000   Number         0  stubs.o ABSOLUTE
    _printf_flags                            0x00000000   Number         0  stubs.o ABSOLUTE
    _printf_fp_dec                           0x00000000   Number         0  stubs.o ABSOLUTE
    _printf_fp_hex                           0x00000000   Number         0  stubs.o ABSOLUTE
    _printf_g                                0x00000000   Number         0  stubs.o ABSOLUTE
    _printf_i                                0x00000000   Number         0  stubs.o ABSOLUTE
    _printf_int_dec                          0x00000000   Number         0  stubs.o ABSOLUTE
    _printf_l                                0x00000000   Number         0  stubs.o ABSOLUTE
    _printf_lc                               0x00000000   Number         0  stubs.o ABSOLUTE
    _printf_ll                               0x00000000   Number         0  stubs.o ABSOLUTE
    _printf_lld                              0x00000000   Number         0  stubs.o ABSOLUTE
    _printf_lli                              0x00000000   Number         0  stubs.o ABSOLUTE
    _printf_llo                              0x00000000   Number         0  stubs.o ABSOLUTE
    _printf_llu                              0x00000000   Number         0  stubs.o ABSOLUTE
    _printf_llx                              0x00000000   Number         0  stubs.o ABSOLUTE
    _printf_longlong_dec                     0x00000000   Number         0  stubs.o ABSOLUTE
    _printf_longlong_hex                     0x00000000   Number         0  stubs.o ABSOLUTE
    _printf_longlong_oct                     0x00000000   Number         0  stubs.o ABSOLUTE
    _printf_ls                               0x00000000   Number         0  stubs.o ABSOLUTE
    _printf_mbtowc                           0x00000000   Number         0  stubs.o ABSOLUTE
    _printf_n                                0x00000000   Number         0  stubs.o ABSOLUTE
    _printf_o                                0x00000000   Number         0  stubs.o ABSOLUTE
    _printf_p                                0x00000000   Number         0  stubs.o ABSOLUTE
    _printf_percent                          0x00000000   Number         0  stubs.o ABSOLUTE
    _printf_pre_padding                      0x00000000   Number         0  stubs.o ABSOLUTE
    _printf_return_value                     0x00000000   Number         0  stubs.o ABSOLUTE
    _printf_s                                0x00000000   Number         0  stubs.o ABSOLUTE
    _printf_sizespec                         0x00000000   Number         0  stubs.o ABSOLUTE
    _printf_str                              0x00000000   Number         0  stubs.o ABSOLUTE
    _printf_truncate_signed                  0x00000000   Number         0  stubs.o ABSOLUTE
    _printf_truncate_unsigned                0x00000000   Number         0  stubs.o ABSOLUTE
    _printf_u                                0x00000000   Number         0  stubs.o ABSOLUTE
    _printf_wc                               0x00000000   Number         0  stubs.o ABSOLUTE
    _printf_wctomb                           0x00000000   Number         0  stubs.o ABSOLUTE
    _printf_widthprec                        0x00000000   Number         0  stubs.o ABSOLUTE
    _printf_x                                0x00000000   Number         0  stubs.o ABSOLUTE
    __cpp_initialize__aeabi_                  - Undefined Weak Reference
    __cxa_finalize                            - Undefined Weak Reference
    __decompress                              - Undefined Weak Reference
    _clock_init                               - Undefined Weak Reference
    _microlib_exit                            - Undefined Weak Reference
    __Vectors_Size                           0x00000400   Number         0  startup_mimxrt1052.o ABSOLUTE
    SystemCoreClock                          0x20000000   Data           4  system_mimxrt1052.o(.data)
    g_xtalFreq                               0x20000004   Data           4  fsl_clock.o(.data)
    g_rtcXtalFreq                            0x20000008   Data           4  fsl_clock.o(.data)
    __stdout                                 0x20000018   Data           4  fsl_debug_console.o(.data)
    __stdin                                  0x2000001c   Data           4  fsl_debug_console.o(.data)
    ADC_ConversionDoneFlag                   0x20000028   Data           1  main.o(.data)
    ADC_ConvertedValue                       0x2000002c   Data           4  main.o(.data)
    flag                                     0x20000030   Data           1  key.o(.data)
    Image$$ARM_LIB_HEAP$$ZI$$Base            0x2000007c   Number         0  anon$$obj.o ABSOLUTE
    Image$$ARM_LIB_HEAP$$ZI$$Limit           0x2000047c   Number         0  anon$$obj.o ABSOLUTE
    Image$$ARM_LIB_STACK$$ZI$$Limit          0x20020000   Number         0  anon$$obj.o ABSOLUTE
    Image$$RW_m_config_text$$Base            0x60000000   Number         0  anon$$obj.o ABSOLUTE
    spiflash_config                          0x60000000   Data         512  fire_imxrt1052_spiflash_config.o(.boot_hdr.conf)
    image_vector_table                       0x60001000   Data          32  fsl_flexspi_nor_boot.o(.boot_hdr.ivt)
    boot_data                                0x60001020   Data          16  fsl_flexspi_nor_boot.o(.boot_hdr.boot_data)
    dcd_data                                 0x60001030   Data        1072  fire_imxrt1052_sdram_ini_dcd.o(.boot_hdr.dcd_data)
    __Vectors                                0x60002000   Data           4  startup_mimxrt1052.o(RESET)
    __Vectors_End                            0x60002400   Data           0  startup_mimxrt1052.o(RESET)
    __main                                   0x60002401   Thumb Code     0  entry.o(.ARM.Collect$$$$00000000)
    _main_stk                                0x60002401   Thumb Code     0  entry4.o(.ARM.Collect$$$$00000003)
    _main_scatterload                        0x60002405   Thumb Code     0  entry5.o(.ARM.Collect$$$$00000004)
    __main_after_scatterload                 0x60002409   Thumb Code     0  entry5.o(.ARM.Collect$$$$00000004)
    _main_clock                              0x60002409   Thumb Code     0  entry7b.o(.ARM.Collect$$$$00000008)
    _main_cpp_init                           0x60002409   Thumb Code     0  entry8b.o(.ARM.Collect$$$$0000000A)
    _main_init                               0x60002409   Thumb Code     0  entry9a.o(.ARM.Collect$$$$0000000B)
    __rt_final_cpp                           0x60002411   Thumb Code     0  entry10a.o(.ARM.Collect$$$$0000000D)
    __rt_final_exit                          0x60002411   Thumb Code     0  entry11a.o(.ARM.Collect$$$$0000000F)
    Reset_Handler                            0x60002415   Thumb Code    24  startup_mimxrt1052.o(.text)
    NMI_Handler                              0x6000242d   Thumb Code     2  startup_mimxrt1052.o(.text)
    HardFault_Handler                        0x6000242f   Thumb Code     2  startup_mimxrt1052.o(.text)
    MemManage_Handler                        0x60002431   Thumb Code     2  startup_mimxrt1052.o(.text)
    BusFault_Handler                         0x60002433   Thumb Code     2  startup_mimxrt1052.o(.text)
    UsageFault_Handler                       0x60002435   Thumb Code     2  startup_mimxrt1052.o(.text)
    SVC_Handler                              0x60002437   Thumb Code     2  startup_mimxrt1052.o(.text)
    DebugMon_Handler                         0x60002439   Thumb Code     2  startup_mimxrt1052.o(.text)
    PendSV_Handler                           0x6000243b   Thumb Code     2  startup_mimxrt1052.o(.text)
    SysTick_Handler                          0x6000243d   Thumb Code     2  startup_mimxrt1052.o(.text)
    DMA0_DMA16_IRQHandler                    0x6000243f   Thumb Code     4  startup_mimxrt1052.o(.text)
    DMA1_DMA17_IRQHandler                    0x60002443   Thumb Code     4  startup_mimxrt1052.o(.text)
    DMA2_DMA18_IRQHandler                    0x60002447   Thumb Code     4  startup_mimxrt1052.o(.text)
    DMA3_DMA19_IRQHandler                    0x6000244b   Thumb Code     4  startup_mimxrt1052.o(.text)
    DMA4_DMA20_IRQHandler                    0x6000244f   Thumb Code     4  startup_mimxrt1052.o(.text)
    DMA5_DMA21_IRQHandler                    0x60002453   Thumb Code     4  startup_mimxrt1052.o(.text)
    DMA6_DMA22_IRQHandler                    0x60002457   Thumb Code     4  startup_mimxrt1052.o(.text)
    DMA7_DMA23_IRQHandler                    0x6000245b   Thumb Code     4  startup_mimxrt1052.o(.text)
    DMA8_DMA24_IRQHandler                    0x6000245f   Thumb Code     4  startup_mimxrt1052.o(.text)
    DMA9_DMA25_IRQHandler                    0x60002463   Thumb Code     4  startup_mimxrt1052.o(.text)
    DMA10_DMA26_IRQHandler                   0x60002467   Thumb Code     4  startup_mimxrt1052.o(.text)
    DMA11_DMA27_IRQHandler                   0x6000246b   Thumb Code     4  startup_mimxrt1052.o(.text)
    DMA12_DMA28_IRQHandler                   0x6000246f   Thumb Code     4  startup_mimxrt1052.o(.text)
    DMA13_DMA29_IRQHandler                   0x60002473   Thumb Code     4  startup_mimxrt1052.o(.text)
    DMA14_DMA30_IRQHandler                   0x60002477   Thumb Code     4  startup_mimxrt1052.o(.text)
    DMA15_DMA31_IRQHandler                   0x6000247b   Thumb Code     4  startup_mimxrt1052.o(.text)
    DMA_ERROR_IRQHandler                     0x6000247f   Thumb Code     4  startup_mimxrt1052.o(.text)
    LPUART1_IRQHandler                       0x60002483   Thumb Code     4  startup_mimxrt1052.o(.text)
    LPUART2_IRQHandler                       0x60002487   Thumb Code     4  startup_mimxrt1052.o(.text)
    LPUART3_IRQHandler                       0x6000248b   Thumb Code     4  startup_mimxrt1052.o(.text)
    LPUART4_IRQHandler                       0x6000248f   Thumb Code     4  startup_mimxrt1052.o(.text)
    LPUART5_IRQHandler                       0x60002493   Thumb Code     4  startup_mimxrt1052.o(.text)
    LPUART6_IRQHandler                       0x60002497   Thumb Code     4  startup_mimxrt1052.o(.text)
    LPUART7_IRQHandler                       0x6000249b   Thumb Code     4  startup_mimxrt1052.o(.text)
    LPUART8_IRQHandler                       0x6000249f   Thumb Code     4  startup_mimxrt1052.o(.text)
    LPI2C1_IRQHandler                        0x600024a3   Thumb Code     4  startup_mimxrt1052.o(.text)
    LPI2C2_IRQHandler                        0x600024a7   Thumb Code     4  startup_mimxrt1052.o(.text)
    LPI2C3_IRQHandler                        0x600024ab   Thumb Code     4  startup_mimxrt1052.o(.text)
    LPI2C4_IRQHandler                        0x600024af   Thumb Code     4  startup_mimxrt1052.o(.text)
    LPSPI1_IRQHandler                        0x600024b3   Thumb Code     4  startup_mimxrt1052.o(.text)
    LPSPI2_IRQHandler                        0x600024b7   Thumb Code     4  startup_mimxrt1052.o(.text)
    LPSPI3_IRQHandler                        0x600024bb   Thumb Code     4  startup_mimxrt1052.o(.text)
    LPSPI4_IRQHandler                        0x600024bf   Thumb Code     4  startup_mimxrt1052.o(.text)
    CAN1_IRQHandler                          0x600024c3   Thumb Code     4  startup_mimxrt1052.o(.text)
    CAN2_IRQHandler                          0x600024c7   Thumb Code     4  startup_mimxrt1052.o(.text)
    SAI1_IRQHandler                          0x600024cb   Thumb Code     4  startup_mimxrt1052.o(.text)
    SAI2_IRQHandler                          0x600024cf   Thumb Code     4  startup_mimxrt1052.o(.text)
    SAI3_RX_IRQHandler                       0x600024d3   Thumb Code     4  startup_mimxrt1052.o(.text)
    SAI3_TX_IRQHandler                       0x600024d7   Thumb Code     4  startup_mimxrt1052.o(.text)
    SPDIF_IRQHandler                         0x600024db   Thumb Code     4  startup_mimxrt1052.o(.text)
    FLEXIO1_IRQHandler                       0x600024df   Thumb Code     4  startup_mimxrt1052.o(.text)
    FLEXIO2_IRQHandler                       0x600024e3   Thumb Code     4  startup_mimxrt1052.o(.text)
    FLEXSPI_IRQHandler                       0x600024e7   Thumb Code     4  startup_mimxrt1052.o(.text)
    USDHC1_IRQHandler                        0x600024eb   Thumb Code     4  startup_mimxrt1052.o(.text)
    USDHC2_IRQHandler                        0x600024ef   Thumb Code     4  startup_mimxrt1052.o(.text)
    ENET_IRQHandler                          0x600024f3   Thumb Code     4  startup_mimxrt1052.o(.text)
    ENET_1588_Timer_IRQHandler               0x600024f7   Thumb Code     4  startup_mimxrt1052.o(.text)
    ACMP1_IRQHandler                         0x600024fb   Thumb Code     0  startup_mimxrt1052.o(.text)
    ACMP2_IRQHandler                         0x600024fb   Thumb Code     0  startup_mimxrt1052.o(.text)
    ACMP3_IRQHandler                         0x600024fb   Thumb Code     0  startup_mimxrt1052.o(.text)
    ACMP4_IRQHandler                         0x600024fb   Thumb Code     0  startup_mimxrt1052.o(.text)
    ADC2_IRQHandler                          0x600024fb   Thumb Code     0  startup_mimxrt1052.o(.text)
    ADC_ETC_ERROR_IRQ_IRQHandler             0x600024fb   Thumb Code     0  startup_mimxrt1052.o(.text)
    ADC_ETC_IRQ0_IRQHandler                  0x600024fb   Thumb Code     0  startup_mimxrt1052.o(.text)
    ADC_ETC_IRQ1_IRQHandler                  0x600024fb   Thumb Code     0  startup_mimxrt1052.o(.text)
    ADC_ETC_IRQ2_IRQHandler                  0x600024fb   Thumb Code     0  startup_mimxrt1052.o(.text)
    ANATOP_EVENT0_IRQHandler                 0x600024fb   Thumb Code     0  startup_mimxrt1052.o(.text)
    ANATOP_EVENT1_IRQHandler                 0x600024fb   Thumb Code     0  startup_mimxrt1052.o(.text)
    ANATOP_TAMP_LOW_HIGH_IRQHandler          0x600024fb   Thumb Code     0  startup_mimxrt1052.o(.text)
    ANATOP_TEMP_PANIC_IRQHandler             0x600024fb   Thumb Code     0  startup_mimxrt1052.o(.text)
    BEE_IRQHandler                           0x600024fb   Thumb Code     0  startup_mimxrt1052.o(.text)
    CAN1_DriverIRQHandler                    0x600024fb   Thumb Code     0  startup_mimxrt1052.o(.text)
    CAN2_DriverIRQHandler                    0x600024fb   Thumb Code     0  startup_mimxrt1052.o(.text)
    CCM_1_IRQHandler                         0x600024fb   Thumb Code     0  startup_mimxrt1052.o(.text)
    CCM_2_IRQHandler                         0x600024fb   Thumb Code     0  startup_mimxrt1052.o(.text)
    CORE_IRQHandler                          0x600024fb   Thumb Code     0  startup_mimxrt1052.o(.text)
    CSI_IRQHandler                           0x600024fb   Thumb Code     0  startup_mimxrt1052.o(.text)
    CSU_IRQHandler                           0x600024fb   Thumb Code     0  startup_mimxrt1052.o(.text)
    CTI0_ERROR_IRQHandler                    0x600024fb   Thumb Code     0  startup_mimxrt1052.o(.text)
    CTI1_ERROR_IRQHandler                    0x600024fb   Thumb Code     0  startup_mimxrt1052.o(.text)
    DCDC_IRQHandler                          0x600024fb   Thumb Code     0  startup_mimxrt1052.o(.text)
    DCP_IRQHandler                           0x600024fb   Thumb Code     0  startup_mimxrt1052.o(.text)
    DCP_VMI_IRQHandler                       0x600024fb   Thumb Code     0  startup_mimxrt1052.o(.text)
    DMA0_DMA16_DriverIRQHandler              0x600024fb   Thumb Code     0  startup_mimxrt1052.o(.text)
    DMA10_DMA26_DriverIRQHandler             0x600024fb   Thumb Code     0  startup_mimxrt1052.o(.text)
    DMA11_DMA27_DriverIRQHandler             0x600024fb   Thumb Code     0  startup_mimxrt1052.o(.text)
    DMA12_DMA28_DriverIRQHandler             0x600024fb   Thumb Code     0  startup_mimxrt1052.o(.text)
    DMA13_DMA29_DriverIRQHandler             0x600024fb   Thumb Code     0  startup_mimxrt1052.o(.text)
    DMA14_DMA30_DriverIRQHandler             0x600024fb   Thumb Code     0  startup_mimxrt1052.o(.text)
    DMA15_DMA31_DriverIRQHandler             0x600024fb   Thumb Code     0  startup_mimxrt1052.o(.text)
    DMA1_DMA17_DriverIRQHandler              0x600024fb   Thumb Code     0  startup_mimxrt1052.o(.text)
    DMA2_DMA18_DriverIRQHandler              0x600024fb   Thumb Code     0  startup_mimxrt1052.o(.text)
    DMA3_DMA19_DriverIRQHandler              0x600024fb   Thumb Code     0  startup_mimxrt1052.o(.text)
    DMA4_DMA20_DriverIRQHandler              0x600024fb   Thumb Code     0  startup_mimxrt1052.o(.text)
    DMA5_DMA21_DriverIRQHandler              0x600024fb   Thumb Code     0  startup_mimxrt1052.o(.text)
    DMA6_DMA22_DriverIRQHandler              0x600024fb   Thumb Code     0  startup_mimxrt1052.o(.text)
    DMA7_DMA23_DriverIRQHandler              0x600024fb   Thumb Code     0  startup_mimxrt1052.o(.text)
    DMA8_DMA24_DriverIRQHandler              0x600024fb   Thumb Code     0  startup_mimxrt1052.o(.text)
    DMA9_DMA25_DriverIRQHandler              0x600024fb   Thumb Code     0  startup_mimxrt1052.o(.text)
    DMA_ERROR_DriverIRQHandler               0x600024fb   Thumb Code     0  startup_mimxrt1052.o(.text)
    DefaultISR                               0x600024fb   Thumb Code     0  startup_mimxrt1052.o(.text)
    ENC1_IRQHandler                          0x600024fb   Thumb Code     0  startup_mimxrt1052.o(.text)
    ENC2_IRQHandler                          0x600024fb   Thumb Code     0  startup_mimxrt1052.o(.text)
    ENC3_IRQHandler                          0x600024fb   Thumb Code     0  startup_mimxrt1052.o(.text)
    ENC4_IRQHandler                          0x600024fb   Thumb Code     0  startup_mimxrt1052.o(.text)
    ENET_1588_Timer_DriverIRQHandler         0x600024fb   Thumb Code     0  startup_mimxrt1052.o(.text)
    ENET_DriverIRQHandler                    0x600024fb   Thumb Code     0  startup_mimxrt1052.o(.text)
    EWM_IRQHandler                           0x600024fb   Thumb Code     0  startup_mimxrt1052.o(.text)
    FLEXIO1_DriverIRQHandler                 0x600024fb   Thumb Code     0  startup_mimxrt1052.o(.text)
    FLEXIO2_DriverIRQHandler                 0x600024fb   Thumb Code     0  startup_mimxrt1052.o(.text)
    FLEXRAM_IRQHandler                       0x600024fb   Thumb Code     0  startup_mimxrt1052.o(.text)
    FLEXSPI_DriverIRQHandler                 0x600024fb   Thumb Code     0  startup_mimxrt1052.o(.text)
    GPC_IRQHandler                           0x600024fb   Thumb Code     0  startup_mimxrt1052.o(.text)
    GPIO1_Combined_0_15_IRQHandler           0x600024fb   Thumb Code     0  startup_mimxrt1052.o(.text)
    GPIO1_Combined_16_31_IRQHandler          0x600024fb   Thumb Code     0  startup_mimxrt1052.o(.text)
    GPIO1_INT0_IRQHandler                    0x600024fb   Thumb Code     0  startup_mimxrt1052.o(.text)
    GPIO1_INT1_IRQHandler                    0x600024fb   Thumb Code     0  startup_mimxrt1052.o(.text)
    GPIO1_INT2_IRQHandler                    0x600024fb   Thumb Code     0  startup_mimxrt1052.o(.text)
    GPIO1_INT3_IRQHandler                    0x600024fb   Thumb Code     0  startup_mimxrt1052.o(.text)
    GPIO1_INT4_IRQHandler                    0x600024fb   Thumb Code     0  startup_mimxrt1052.o(.text)
    GPIO1_INT5_IRQHandler                    0x600024fb   Thumb Code     0  startup_mimxrt1052.o(.text)
    GPIO1_INT6_IRQHandler                    0x600024fb   Thumb Code     0  startup_mimxrt1052.o(.text)
    GPIO1_INT7_IRQHandler                    0x600024fb   Thumb Code     0  startup_mimxrt1052.o(.text)
    GPIO2_Combined_0_15_IRQHandler           0x600024fb   Thumb Code     0  startup_mimxrt1052.o(.text)
    GPIO2_Combined_16_31_IRQHandler          0x600024fb   Thumb Code     0  startup_mimxrt1052.o(.text)
    GPIO3_Combined_0_15_IRQHandler           0x600024fb   Thumb Code     0  startup_mimxrt1052.o(.text)
    GPIO3_Combined_16_31_IRQHandler          0x600024fb   Thumb Code     0  startup_mimxrt1052.o(.text)
    GPIO4_Combined_0_15_IRQHandler           0x600024fb   Thumb Code     0  startup_mimxrt1052.o(.text)
    GPIO4_Combined_16_31_IRQHandler          0x600024fb   Thumb Code     0  startup_mimxrt1052.o(.text)
    GPIO5_Combined_16_31_IRQHandler          0x600024fb   Thumb Code     0  startup_mimxrt1052.o(.text)
    GPR_IRQ_IRQHandler                       0x600024fb   Thumb Code     0  startup_mimxrt1052.o(.text)
    GPT1_IRQHandler                          0x600024fb   Thumb Code     0  startup_mimxrt1052.o(.text)
    GPT2_IRQHandler                          0x600024fb   Thumb Code     0  startup_mimxrt1052.o(.text)
    KPP_IRQHandler                           0x600024fb   Thumb Code     0  startup_mimxrt1052.o(.text)
    LCDIF_IRQHandler                         0x600024fb   Thumb Code     0  startup_mimxrt1052.o(.text)
    LPI2C4_DriverIRQHandler                  0x600024fb   Thumb Code     0  startup_mimxrt1052.o(.text)
    LPSPI1_DriverIRQHandler                  0x600024fb   Thumb Code     0  startup_mimxrt1052.o(.text)
    LPSPI2_DriverIRQHandler                  0x600024fb   Thumb Code     0  startup_mimxrt1052.o(.text)
    LPSPI3_DriverIRQHandler                  0x600024fb   Thumb Code     0  startup_mimxrt1052.o(.text)
    LPSPI4_DriverIRQHandler                  0x600024fb   Thumb Code     0  startup_mimxrt1052.o(.text)
    NMI_WAKEUP_IRQHandler                    0x600024fb   Thumb Code     0  startup_mimxrt1052.o(.text)
    PIT_IRQHandler                           0x600024fb   Thumb Code     0  startup_mimxrt1052.o(.text)
    PWM1_0_IRQHandler                        0x600024fb   Thumb Code     0  startup_mimxrt1052.o(.text)
    PWM1_1_IRQHandler                        0x600024fb   Thumb Code     0  startup_mimxrt1052.o(.text)
    PWM1_2_IRQHandler                        0x600024fb   Thumb Code     0  startup_mimxrt1052.o(.text)
    PWM1_3_IRQHandler                        0x600024fb   Thumb Code     0  startup_mimxrt1052.o(.text)
    PWM1_FAULT_IRQHandler                    0x600024fb   Thumb Code     0  startup_mimxrt1052.o(.text)
    PWM2_0_IRQHandler                        0x600024fb   Thumb Code     0  startup_mimxrt1052.o(.text)
    PWM2_1_IRQHandler                        0x600024fb   Thumb Code     0  startup_mimxrt1052.o(.text)
    PWM2_2_IRQHandler                        0x600024fb   Thumb Code     0  startup_mimxrt1052.o(.text)
    PWM2_3_IRQHandler                        0x600024fb   Thumb Code     0  startup_mimxrt1052.o(.text)
    PWM2_FAULT_IRQHandler                    0x600024fb   Thumb Code     0  startup_mimxrt1052.o(.text)
    PWM3_0_IRQHandler                        0x600024fb   Thumb Code     0  startup_mimxrt1052.o(.text)
    PWM3_1_IRQHandler                        0x600024fb   Thumb Code     0  startup_mimxrt1052.o(.text)
    PWM3_2_IRQHandler                        0x600024fb   Thumb Code     0  startup_mimxrt1052.o(.text)
    PWM3_3_IRQHandler                        0x600024fb   Thumb Code     0  startup_mimxrt1052.o(.text)
    PWM3_FAULT_IRQHandler                    0x600024fb   Thumb Code     0  startup_mimxrt1052.o(.text)
    PWM4_0_IRQHandler                        0x600024fb   Thumb Code     0  startup_mimxrt1052.o(.text)
    PWM4_1_IRQHandler                        0x600024fb   Thumb Code     0  startup_mimxrt1052.o(.text)
    PWM4_2_IRQHandler                        0x600024fb   Thumb Code     0  startup_mimxrt1052.o(.text)
    PWM4_3_IRQHandler                        0x600024fb   Thumb Code     0  startup_mimxrt1052.o(.text)
    PWM4_FAULT_IRQHandler                    0x600024fb   Thumb Code     0  startup_mimxrt1052.o(.text)
    PXP_IRQHandler                           0x600024fb   Thumb Code     0  startup_mimxrt1052.o(.text)
    RTWDOG_IRQHandler                        0x600024fb   Thumb Code     0  startup_mimxrt1052.o(.text)
    Reserved115_IRQHandler                   0x600024fb   Thumb Code     0  startup_mimxrt1052.o(.text)
    Reserved123_IRQHandler                   0x600024fb   Thumb Code     0  startup_mimxrt1052.o(.text)
    Reserved143_IRQHandler                   0x600024fb   Thumb Code     0  startup_mimxrt1052.o(.text)
    Reserved144_IRQHandler                   0x600024fb   Thumb Code     0  startup_mimxrt1052.o(.text)
    Reserved168_IRQHandler                   0x600024fb   Thumb Code     0  startup_mimxrt1052.o(.text)
    Reserved169_IRQHandler                   0x600024fb   Thumb Code     0  startup_mimxrt1052.o(.text)
    Reserved170_IRQHandler                   0x600024fb   Thumb Code     0  startup_mimxrt1052.o(.text)
    Reserved171_IRQHandler                   0x600024fb   Thumb Code     0  startup_mimxrt1052.o(.text)
    Reserved172_IRQHandler                   0x600024fb   Thumb Code     0  startup_mimxrt1052.o(.text)
    Reserved173_IRQHandler                   0x600024fb   Thumb Code     0  startup_mimxrt1052.o(.text)
    Reserved68_IRQHandler                    0x600024fb   Thumb Code     0  startup_mimxrt1052.o(.text)
    Reserved86_IRQHandler                    0x600024fb   Thumb Code     0  startup_mimxrt1052.o(.text)
    Reserved87_IRQHandler                    0x600024fb   Thumb Code     0  startup_mimxrt1052.o(.text)
    SAI1_DriverIRQHandler                    0x600024fb   Thumb Code     0  startup_mimxrt1052.o(.text)
    SAI2_DriverIRQHandler                    0x600024fb   Thumb Code     0  startup_mimxrt1052.o(.text)
    SAI3_RX_DriverIRQHandler                 0x600024fb   Thumb Code     0  startup_mimxrt1052.o(.text)
    SAI3_TX_DriverIRQHandler                 0x600024fb   Thumb Code     0  startup_mimxrt1052.o(.text)
    SEMC_IRQHandler                          0x600024fb   Thumb Code     0  startup_mimxrt1052.o(.text)
    SJC_ARM_DEBUG_IRQHandler                 0x600024fb   Thumb Code     0  startup_mimxrt1052.o(.text)
    SJC_IRQHandler                           0x600024fb   Thumb Code     0  startup_mimxrt1052.o(.text)
    SNVS_HP_WRAPPER_IRQHandler               0x600024fb   Thumb Code     0  startup_mimxrt1052.o(.text)
    SNVS_HP_WRAPPER_TZ_IRQHandler            0x600024fb   Thumb Code     0  startup_mimxrt1052.o(.text)
    SNVS_LP_WRAPPER_IRQHandler               0x600024fb   Thumb Code     0  startup_mimxrt1052.o(.text)
    SPDIF_DriverIRQHandler                   0x600024fb   Thumb Code     0  startup_mimxrt1052.o(.text)
    SRC_IRQHandler                           0x600024fb   Thumb Code     0  startup_mimxrt1052.o(.text)
    TMR1_IRQHandler                          0x600024fb   Thumb Code     0  startup_mimxrt1052.o(.text)
    TMR2_IRQHandler                          0x600024fb   Thumb Code     0  startup_mimxrt1052.o(.text)
    TMR3_IRQHandler                          0x600024fb   Thumb Code     0  startup_mimxrt1052.o(.text)
    TMR4_IRQHandler                          0x600024fb   Thumb Code     0  startup_mimxrt1052.o(.text)
    TRNG_IRQHandler                          0x600024fb   Thumb Code     0  startup_mimxrt1052.o(.text)
    TSC_DIG_IRQHandler                       0x600024fb   Thumb Code     0  startup_mimxrt1052.o(.text)
    USB_OTG1_IRQHandler                      0x600024fb   Thumb Code     0  startup_mimxrt1052.o(.text)
    USB_OTG2_IRQHandler                      0x600024fb   Thumb Code     0  startup_mimxrt1052.o(.text)
    USB_PHY1_IRQHandler                      0x600024fb   Thumb Code     0  startup_mimxrt1052.o(.text)
    USB_PHY2_IRQHandler                      0x600024fb   Thumb Code     0  startup_mimxrt1052.o(.text)
    USDHC1_DriverIRQHandler                  0x600024fb   Thumb Code     0  startup_mimxrt1052.o(.text)
    USDHC2_DriverIRQHandler                  0x600024fb   Thumb Code     0  startup_mimxrt1052.o(.text)
    WDOG1_IRQHandler                         0x600024fb   Thumb Code     0  startup_mimxrt1052.o(.text)
    WDOG2_IRQHandler                         0x600024fb   Thumb Code     0  startup_mimxrt1052.o(.text)
    XBAR1_IRQ_0_1_IRQHandler                 0x600024fb   Thumb Code     0  startup_mimxrt1052.o(.text)
    XBAR1_IRQ_2_3_IRQHandler                 0x600024fb   Thumb Code     0  startup_mimxrt1052.o(.text)
    __aeabi_uldivmod                         0x600025d1   Thumb Code    98  uldiv.o(.text)
    __aeabi_ldivmod                          0x60002633   Thumb Code    98  ldiv.o(.text)
    __aeabi_memset                           0x60002695   Thumb Code    14  memseta.o(.text)
    __aeabi_memset4                          0x60002695   Thumb Code     0  memseta.o(.text)
    __aeabi_memset8                          0x60002695   Thumb Code     0  memseta.o(.text)
    __aeabi_memclr                           0x600026a3   Thumb Code     4  memseta.o(.text)
    __aeabi_memclr4                          0x600026a3   Thumb Code     0  memseta.o(.text)
    __aeabi_memclr8                          0x600026a3   Thumb Code     0  memseta.o(.text)
    _memset$wrapper                          0x600026a7   Thumb Code    18  memseta.o(.text)
    strlen                                   0x600026b9   Thumb Code    14  strlen.o(.text)
    __aeabi_l2d                              0x600026c7   Thumb Code    40  dfltl.o(.text)
    __aeabi_d2lz                             0x600026ef   Thumb Code    74  dfixl.o(.text)
    __aeabi_uidiv                            0x60002739   Thumb Code     0  uidiv.o(.text)
    __aeabi_uidivmod                         0x60002739   Thumb Code    44  uidiv.o(.text)
    __aeabi_llsl                             0x60002765   Thumb Code    30  llshl.o(.text)
    _ll_shift_l                              0x60002765   Thumb Code     0  llshl.o(.text)
    __aeabi_llsr                             0x60002783   Thumb Code    32  llushr.o(.text)
    _ll_ushift_r                             0x60002783   Thumb Code     0  llushr.o(.text)
    __I$use$fp                               0x600027a3   Thumb Code     0  iusefp.o(.text)
    _double_round                            0x600027a3   Thumb Code    30  depilogue.o(.text)
    _double_epilogue                         0x600027c1   Thumb Code   156  depilogue.o(.text)
    __aeabi_dadd                             0x6000285d   Thumb Code   322  dadd.o(.text)
    __aeabi_dsub                             0x6000299f   Thumb Code     6  dadd.o(.text)
    __aeabi_drsub                            0x600029a5   Thumb Code     6  dadd.o(.text)
    __aeabi_dmul                             0x600029ab   Thumb Code   228  dmul.o(.text)
    __aeabi_ddiv                             0x60002a8f   Thumb Code   222  ddiv.o(.text)
    __ARM_scalbn                             0x60002b6d   Thumb Code    46  dscalb.o(.text)
    scalbn                                   0x60002b6d   Thumb Code     0  dscalb.o(.text)
    __aeabi_d2ulz                            0x60002b9b   Thumb Code    48  dfixul.o(.text)
    __aeabi_cdrcmple                         0x60002bcd   Thumb Code    48  cdrcmple.o(.text)
    __scatterload                            0x60002bfd   Thumb Code    28  init.o(.text)
    __scatterload_rt2                        0x60002bfd   Thumb Code     0  init.o(.text)
    __aeabi_lasr                             0x60002c21   Thumb Code    36  llsshr.o(.text)
    _ll_sshift_r                             0x60002c21   Thumb Code     0  llsshr.o(.text)
    ADC1_IRQHandler                          0x60002c45   Thumb Code    44  adc.o(i.ADC1_IRQHandler)
    ADC_DoAutoCalibration                    0x60002cbd   Thumb Code   166  fsl_adc.o(i.ADC_DoAutoCalibration)
    ADC_GPIO_Config                          0x60002dd9   Thumb Code    32  adc.o(i.ADC_GPIO_Config)
    ADC_GetDefaultConfig                     0x60002dfd   Thumb Code    52  fsl_adc.o(i.ADC_GetDefaultConfig)
    ADC_IOMUXC_config                        0x60002ee1   Thumb Code    30  adc.o(i.ADC_IOMUXC_config)
    ADC_Init                                 0x60002f05   Thumb Code   164  fsl_adc.o(i.ADC_Init)
    ADC_SetChannelConfig                     0x60002fe1   Thumb Code    62  fsl_adc.o(i.ADC_SetChannelConfig)
    ADC_SetHardwareAverageConfig             0x60003071   Thumb Code    42  fsl_adc.o(i.ADC_SetHardwareAverageConfig)
    ADC_config                               0x6000309b   Thumb Code    20  adc.o(i.ADC_config)
    ADC_mode_config                          0x600030b1   Thumb Code   130  adc.o(i.ADC_mode_config)
    BOARD_BootClockRUN                       0x60003151   Thumb Code   598  clock_config.o(i.BOARD_BootClockRUN)
    BOARD_ConfigMPU                          0x60003445   Thumb Code   390  board.o(i.BOARD_ConfigMPU)
    BOARD_DebugConsoleSrcFreq                0x600035f9   Thumb Code    92  board.o(i.BOARD_DebugConsoleSrcFreq)
    BOARD_InitDebugConsole                   0x60003671   Thumb Code    24  board.o(i.BOARD_InitDebugConsole)
    BOARD_InitPins                           0x6000368d   Thumb Code   104  pin_mux.o(i.BOARD_InitPins)
    CLOCK_GetFreq                            0x6000396d   Thumb Code   344  fsl_clock.o(i.CLOCK_GetFreq)
    CLOCK_GetPllFreq                         0x60003bc9   Thumb Code   530  fsl_clock.o(i.CLOCK_GetPllFreq)
    CLOCK_GetSysPfdFreq                      0x60003df5   Thumb Code   100  fsl_clock.o(i.CLOCK_GetSysPfdFreq)
    CLOCK_GetUsb1PfdFreq                     0x60003e61   Thumb Code   100  fsl_clock.o(i.CLOCK_GetUsb1PfdFreq)
    CLOCK_InitArmPll                         0x60003ecd   Thumb Code    30  fsl_clock.o(i.CLOCK_InitArmPll)
    CLOCK_InitSysPll                         0x60003ef1   Thumb Code    30  fsl_clock.o(i.CLOCK_InitSysPll)
    CPU_TS_TmrInit                           0x60004189   Thumb Code    30  core_delay.o(i.CPU_TS_TmrInit)
    CPU_TS_TmrRd                             0x600041b1   Thumb Code     6  core_delay.o(i.CPU_TS_TmrRd)
    CPU_TS_Tmr_Delay_US                      0x600041bd   Thumb Code    82  core_delay.o(i.CPU_TS_Tmr_Delay_US)
    DbgConsole_Init                          0x60004511   Thumb Code    42  fsl_debug_console.o(i.DbgConsole_Init)
    DbgConsole_Printf                        0x60004599   Thumb Code    60  fsl_debug_console.o(i.DbgConsole_Printf)
    GPIO5_Combined_0_15_IRQHandler           0x60004619   Thumb Code    18  key.o(i.GPIO5_Combined_0_15_IRQHandler)
    GPIO_PinInit                             0x600046b1   Thumb Code    92  fsl_gpio.o(i.GPIO_PinInit)
    GPIO_PinSetInterruptConfig               0x60004761   Thumb Code   138  fsl_gpio.o(i.GPIO_PinSetInterruptConfig)
    GPIO_PinWrite                            0x600047ed   Thumb Code    50  fsl_gpio.o(i.GPIO_PinWrite)
    IO_Init                                  0x600048c5   Thumb Code   130  fsl_io.o(i.IO_Init)
    IO_Transfer                              0x60004981   Thumb Code    64  fsl_io.o(i.IO_Transfer)
    IRQN_priority                            0x600049c5   Thumb Code   184  exit.o(i.IRQN_priority)
    KEY_GPIO_config                          0x60004a89   Thumb Code    30  key.o(i.KEY_GPIO_config)
    KEY_IOMUXC_config                        0x60004aad   Thumb Code    30  key.o(i.KEY_IOMUXC_config)
    KEY_PAD_config                           0x60004ad1   Thumb Code    12  key.o(i.KEY_PAD_config)
    KEY_config                               0x60004ae5   Thumb Code    16  key.o(i.KEY_config)
    KEY_scan                                 0x60004af5   Thumb Code    46  key.o(i.KEY_scan)
    LED_GPIO_config                          0x60004b2d   Thumb Code    30  led.o(i.LED_GPIO_config)
    LED_MUX_config                           0x60004b51   Thumb Code    30  led.o(i.LED_MUX_config)
    LED_PAD_config                           0x60004b75   Thumb Code    12  led.o(i.LED_PAD_config)
    LED_config                               0x60004b85   Thumb Code    16  led.o(i.LED_config)
    LOG_Init                                 0x60004b95   Thumb Code    36  fsl_log.o(i.LOG_Init)
    LOG_Pop                                  0x60004bb9   Thumb Code    34  fsl_log.o(i.LOG_Pop)
    LOG_Push                                 0x60004bdd   Thumb Code    32  fsl_log.o(i.LOG_Push)
    LPI2C1_DriverIRQHandler                  0x60004c31   Thumb Code    12  fsl_lpi2c.o(i.LPI2C1_DriverIRQHandler)
    LPI2C2_DriverIRQHandler                  0x60004c41   Thumb Code    12  fsl_lpi2c.o(i.LPI2C2_DriverIRQHandler)
    LPI2C3_DriverIRQHandler                  0x60004c51   Thumb Code    12  fsl_lpi2c.o(i.LPI2C3_DriverIRQHandler)
    LPI2C_CheckForBusyBus                    0x60004c61   Thumb Code    34  fsl_lpi2c.o(i.LPI2C_CheckForBusyBus)
    LPI2C_GetInstance                        0x60004d19   Thumb Code    38  fsl_lpi2c.o(i.LPI2C_GetInstance)
    LPI2C_IOMUXC_config                      0x60004d71   Thumb Code    50  lpi2c.o(i.LPI2C_IOMUXC_config)
    LPI2C_MODE_config                        0x60004db1   Thumb Code    44  lpi2c.o(i.LPI2C_MODE_config)
    LPI2C_MasterCheckAndClearError           0x60004df1   Thumb Code    98  fsl_lpi2c.o(i.LPI2C_MasterCheckAndClearError)
    LPI2C_MasterGetDefaultConfig             0x60004e91   Thumb Code    44  fsl_lpi2c.o(i.LPI2C_MasterGetDefaultConfig)
    LPI2C_MasterInit                         0x60004edd   Thumb Code   302  fsl_lpi2c.o(i.LPI2C_MasterInit)
    LPI2C_MasterReceive                      0x60005015   Thumb Code   118  fsl_lpi2c.o(i.LPI2C_MasterReceive)
    LPI2C_MasterSend                         0x600050c5   Thumb Code    70  fsl_lpi2c.o(i.LPI2C_MasterSend)
    LPI2C_MasterSetBaudRate                  0x60005139   Thumb Code   286  fsl_lpi2c.o(i.LPI2C_MasterSetBaudRate)
    LPI2C_MasterStop                         0x6000525d   Thumb Code    74  fsl_lpi2c.o(i.LPI2C_MasterStop)
    LPI2C_MasterTransferBlocking             0x600052a9   Thumb Code   312  fsl_lpi2c.o(i.LPI2C_MasterTransferBlocking)
    LPI2C_PAD_config                         0x60005489   Thumb Code    50  lpi2c.o(i.LPI2C_PAD_config)
    LPI2C_config                             0x600054cd   Thumb Code    16  lpi2c.o(i.LPI2C_config)
    LPI2C_readdata                           0x600054dd   Thumb Code    52  lpi2c.o(i.LPI2C_readdata)
    LPI2C_writebyte                          0x60005515   Thumb Code    62  lpi2c.o(i.LPI2C_writebyte)
    LPUART1_DriverIRQHandler                 0x60005559   Thumb Code    16  fsl_lpuart.o(i.LPUART1_DriverIRQHandler)
    LPUART2_DriverIRQHandler                 0x60005575   Thumb Code    16  fsl_lpuart.o(i.LPUART2_DriverIRQHandler)
    LPUART3_DriverIRQHandler                 0x60005591   Thumb Code    16  fsl_lpuart.o(i.LPUART3_DriverIRQHandler)
    LPUART4_DriverIRQHandler                 0x600055ad   Thumb Code    16  fsl_lpuart.o(i.LPUART4_DriverIRQHandler)
    LPUART5_DriverIRQHandler                 0x600055c9   Thumb Code    16  fsl_lpuart.o(i.LPUART5_DriverIRQHandler)
    LPUART6_DriverIRQHandler                 0x600055e5   Thumb Code    16  fsl_lpuart.o(i.LPUART6_DriverIRQHandler)
    LPUART7_DriverIRQHandler                 0x60005601   Thumb Code    16  fsl_lpuart.o(i.LPUART7_DriverIRQHandler)
    LPUART8_DriverIRQHandler                 0x6000561d   Thumb Code    16  fsl_lpuart.o(i.LPUART8_DriverIRQHandler)
    LPUART_ClearStatusFlags                  0x60005639   Thumb Code    82  fsl_lpuart.o(i.LPUART_ClearStatusFlags)
    LPUART_GetDefaultConfig                  0x60005691   Thumb Code    58  fsl_lpuart.o(i.LPUART_GetDefaultConfig)
    LPUART_GetInstance                       0x600056fd   Thumb Code    48  fsl_lpuart.o(i.LPUART_GetInstance)
    LPUART_GetStatusFlags                    0x60005781   Thumb Code    16  fsl_lpuart.o(i.LPUART_GetStatusFlags)
    LPUART_Init                              0x60005791   Thumb Code   548  fsl_lpuart.o(i.LPUART_Init)
    LPUART_ReadBlocking                      0x60005a85   Thumb Code   210  fsl_lpuart.o(i.LPUART_ReadBlocking)
    LPUART_WriteBlocking                     0x60005b89   Thumb Code    54  fsl_lpuart.o(i.LPUART_WriteBlocking)
    MPU6050_config                           0x60005bf1   Thumb Code    62  mpu6050.o(i.MPU6050_config)
    StrFormatPrintf                          0x60005f01   Thumb Code  1576  fsl_str.o(i.StrFormatPrintf)
    SystemInit                               0x60006529   Thumb Code   158  system_mimxrt1052.o(i.SystemInit)
    SystemInitHook                           0x600065dd   Thumb Code     2  system_mimxrt1052.o(i.SystemInitHook)
    UART_IOMUXC_config                       0x600065e1   Thumb Code    48  uart.o(i.UART_IOMUXC_config)
    UART_MODE_config                         0x60006619   Thumb Code    40  uart.o(i.UART_MODE_config)
    UART_PAD_config                          0x60006645   Thumb Code    52  uart.o(i.UART_PAD_config)
    UART_senddata                            0x60006681   Thumb Code    20  uart.o(i.UART_senddata)
    USB_UART_config                          0x60006695   Thumb Code    16  uart.o(i.USB_UART_config)
    __0printf                                0x600066a5   Thumb Code    22  printfa.o(i.__0printf)
    __1printf                                0x600066a5   Thumb Code     0  printfa.o(i.__0printf)
    __2printf                                0x600066a5   Thumb Code     0  printfa.o(i.__0printf)
    __c89printf                              0x600066a5   Thumb Code     0  printfa.o(i.__0printf)
    printf                                   0x600066a5   Thumb Code     0  printfa.o(i.__0printf)
    __ARM_fpclassify                         0x600066c5   Thumb Code    48  fpclassify.o(i.__ARM_fpclassify)
    __aeabi_assert                           0x600066f5   Thumb Code    24  fsl_assert.o(i.__aeabi_assert)
    __hardfp_modf                            0x60006739   Thumb Code   186  modf.o(i.__hardfp_modf)
    __hardfp_pow                             0x600067f9   Thumb Code  2140  pow.o(i.__hardfp_pow)
    __kernel_poly                            0x600070f1   Thumb Code   112  poly.o(i.__kernel_poly)
    __mathlib_dbl_divzero                    0x60007161   Thumb Code    14  dunder.o(i.__mathlib_dbl_divzero)
    __mathlib_dbl_infnan2                    0x60007181   Thumb Code     6  dunder.o(i.__mathlib_dbl_infnan2)
    __mathlib_dbl_invalid                    0x60007189   Thumb Code    10  dunder.o(i.__mathlib_dbl_invalid)
    __mathlib_dbl_overflow                   0x600071a1   Thumb Code    10  dunder.o(i.__mathlib_dbl_overflow)
    __mathlib_dbl_underflow                  0x600071b9   Thumb Code    10  dunder.o(i.__mathlib_dbl_underflow)
    __scatterload_copy                       0x600071d1   Thumb Code    14  handlers.o(i.__scatterload_copy)
    __scatterload_null                       0x600071df   Thumb Code     2  handlers.o(i.__scatterload_null)
    __scatterload_zeroinit                   0x600071e1   Thumb Code    14  handlers.o(i.__scatterload_zeroinit)
    __set_errno                              0x600071f1   Thumb Code     6  errno.o(i.__set_errno)
    fabs                                     0x60007aaf   Thumb Code    24  fabs.o(i.fabs)
    fputc                                    0x60007ac9   Thumb Code    18  uart.o(i.fputc)
    main                                     0x60007ae1   Thumb Code   192  main.o(i.main)
    sqrt                                     0x60007be9   Thumb Code   106  sqrt.o(i.sqrt)
    armPllConfig_BOARD_BootClockRUN          0x60007d0c   Data           4  clock_config.o(.constdata)
    sysPllConfig_BOARD_BootClockRUN          0x60007d10   Data          12  clock_config.o(.constdata)
    usb1PllConfig_BOARD_BootClockRUN         0x60007d1c   Data           1  clock_config.o(.constdata)
    __mathlib_zero                           0x60007da8   Data           8  qnan.o(.constdata)
    Region$$Table$$Base                      0x60007db0   Number         0  anon$$obj.o(Region$$Table)
    Region$$Table$$Limit                     0x60007dd0   Number         0  anon$$obj.o(Region$$Table)



==============================================================================

Memory Map of the image

  Image Entry point : 0x60002401

  Load Region LR_m_rom_config (Base: 0x60000000, Size: 0x00000200, Max: 0x00001000, ABSOLUTE)

    Execution Region RW_m_config_text (Exec base: 0x60000000, Load base: 0x60000000, Size: 0x00000200, Max: 0x00001000, ABSOLUTE)

    Exec Addr    Load Addr    Size         Type   Attr      Idx    E Section Name        Object

    0x60000000   0x60000000   0x00000200   Data   RO         1809    .boot_hdr.conf      fire_imxrt1052_spiflash_config.o



  Load Region LR_m_rom_ivt (Base: 0x60001000, Size: 0x00000460, Max: 0x00001000, ABSOLUTE)

    Execution Region RW_m_ivt_text (Exec base: 0x60001000, Load base: 0x60001000, Size: 0x00000460, Max: 0x00001000, ABSOLUTE)

    Exec Addr    Load Addr    Size         Type   Attr      Idx    E Section Name        Object

    0x60001000   0x60001000   0x00000020   Data   RO         1834    .boot_hdr.ivt       fsl_flexspi_nor_boot.o
    0x60001020   0x60001020   0x00000010   Data   RO         1833    .boot_hdr.boot_data  fsl_flexspi_nor_boot.o
    0x60001030   0x60001030   0x00000430   Data   RO         1794    .boot_hdr.dcd_data  fire_imxrt1052_sdram_ini_dcd.o



  Load Region LR_m_text (Base: 0x60002000, Size: 0x00005e08, Max: 0x61fffc00, ABSOLUTE)

    Execution Region RW_m_data (Exec base: 0x20000000, Load base: 0x60007dd0, Size: 0x0000007c, Max: 0x0001f800, ABSOLUTE)

    Exec Addr    Load Addr    Size         Type   Attr      Idx    E Section Name        Object

    0x20000000   0x60007dd0   0x00000004   Data   RW           11    .data               system_mimxrt1052.o
    0x20000004   0x60007dd4   0x00000008   Data   RW          130    .data               fsl_clock.o
    0x2000000c   0x60007ddc   0x00000004   Data   RW          452    .data               fsl_lpuart.o
    0x20000010   0x60007de0   0x00000008   Data   RW          750    .data               fsl_lpi2c.o
    0x20000018   0x60007de8   0x00000008   Data   RW         1292    .data               fsl_debug_console.o
    0x20000020   0x60007df0   0x00000008   Data   RW         1510    .data               fsl_io.o
    0x20000028   0x60007df8   0x00000008   Data   RW         1736    .data               main.o
    0x20000030   0x60007e00   0x00000002   Data   RW         1924    .data               key.o
    0x20000032   0x60007e02   0x00000002   PAD
    0x20000034   0x60007e04   0x00000004   Data   RW         2696    .data               mc_w.l(errno.o)
    0x20000038        -       0x00000024   Zero   RW          450    .bss                fsl_lpuart.o
    0x2000005c        -       0x00000020   Zero   RW          748    .bss                fsl_lpi2c.o


    Execution Region ARM_LIB_HEAP (Exec base: 0x2000007c, Load base: 0x60007e08, Size: 0x00000400, Max: 0x00000400, ABSOLUTE)

    Exec Addr    Load Addr    Size         Type   Attr      Idx    E Section Name        Object

    0x2000007c        -       0x00000400   Zero   RW            1    ARM_LIB_HEAP.bss    anon$$obj.o


    Execution Region ARM_LIB_STACK (Exec base: 0x2001fc00, Load base: 0x60007e08, Size: 0x00000400, Max: 0x00000400, ABSOLUTE)

    Exec Addr    Load Addr    Size         Type   Attr      Idx    E Section Name        Object

    0x2001fc00        -       0x00000400   Zero   RW            2    ARM_LIB_STACK.bss   anon$$obj.o


    Execution Region VECTOR_ROM (Exec base: 0x60002000, Load base: 0x60002000, Size: 0x00000400, Max: 0x00000400, ABSOLUTE)

    Exec Addr    Load Addr    Size         Type   Attr      Idx    E Section Name        Object

    0x60002000   0x60002000   0x00000400   Data   RO           86    RESET               startup_mimxrt1052.o


    Execution Region ER_m_text (Exec base: 0x60002400, Load base: 0x60002400, Size: 0x000059d0, Max: 0x01ffdc00, ABSOLUTE)

    Exec Addr    Load Addr    Size         Type   Attr      Idx    E Section Name        Object

    0x60002400   0x60002400   0x00000000   Code   RO         2322  * .ARM.Collect$$$$00000000  mc_w.l(entry.o)
    0x60002400   0x60002400   0x00000004   Code   RO         2671    .ARM.Collect$$$$00000003  mc_w.l(entry4.o)
    0x60002404   0x60002404   0x00000004   Code   RO         2674    .ARM.Collect$$$$00000004  mc_w.l(entry5.o)
    0x60002408   0x60002408   0x00000000   Code   RO         2676    .ARM.Collect$$$$00000008  mc_w.l(entry7b.o)
    0x60002408   0x60002408   0x00000000   Code   RO         2678    .ARM.Collect$$$$0000000A  mc_w.l(entry8b.o)
    0x60002408   0x60002408   0x00000008   Code   RO         2679    .ARM.Collect$$$$0000000B  mc_w.l(entry9a.o)
    0x60002410   0x60002410   0x00000000   Code   RO         2681    .ARM.Collect$$$$0000000D  mc_w.l(entry10a.o)
    0x60002410   0x60002410   0x00000000   Code   RO         2683    .ARM.Collect$$$$0000000F  mc_w.l(entry11a.o)
    0x60002410   0x60002410   0x00000004   Code   RO         2672    .ARM.Collect$$$$00002714  mc_w.l(entry4.o)
    0x60002414   0x60002414   0x000001bc   Code   RO           87    .text               startup_mimxrt1052.o
    0x600025d0   0x600025d0   0x00000062   Code   RO         2325    .text               mc_w.l(uldiv.o)
    0x60002632   0x60002632   0x00000062   Code   RO         2327    .text               mc_w.l(ldiv.o)
    0x60002694   0x60002694   0x00000024   Code   RO         2333    .text               mc_w.l(memseta.o)
    0x600026b8   0x600026b8   0x0000000e   Code   RO         2335    .text               mc_w.l(strlen.o)
    0x600026c6   0x600026c6   0x00000028   Code   RO         2630    .text               mf_w.l(dfltl.o)
    0x600026ee   0x600026ee   0x0000004a   Code   RO         2632    .text               mf_w.l(dfixl.o)
    0x60002738   0x60002738   0x0000002c   Code   RO         2685    .text               mc_w.l(uidiv.o)
    0x60002764   0x60002764   0x0000001e   Code   RO         2687    .text               mc_w.l(llshl.o)
    0x60002782   0x60002782   0x00000020   Code   RO         2689    .text               mc_w.l(llushr.o)
    0x600027a2   0x600027a2   0x00000000   Code   RO         2702    .text               mc_w.l(iusefp.o)
    0x600027a2   0x600027a2   0x000000ba   Code   RO         2703    .text               mf_w.l(depilogue.o)
    0x6000285c   0x6000285c   0x0000014e   Code   RO         2705    .text               mf_w.l(dadd.o)
    0x600029aa   0x600029aa   0x000000e4   Code   RO         2707    .text               mf_w.l(dmul.o)
    0x60002a8e   0x60002a8e   0x000000de   Code   RO         2709    .text               mf_w.l(ddiv.o)
    0x60002b6c   0x60002b6c   0x0000002e   Code   RO         2711    .text               mf_w.l(dscalb.o)
    0x60002b9a   0x60002b9a   0x00000030   Code   RO         2713    .text               mf_w.l(dfixul.o)
    0x60002bca   0x60002bca   0x00000002   PAD
    0x60002bcc   0x60002bcc   0x00000030   Code   RO         2715    .text               mf_w.l(cdrcmple.o)
    0x60002bfc   0x60002bfc   0x00000024   Code   RO         2717    .text               mc_w.l(init.o)
    0x60002c20   0x60002c20   0x00000024   Code   RO         2719    .text               mc_w.l(llsshr.o)
    0x60002c44   0x60002c44   0x00000078   Code   RO         2213    i.ADC1_IRQHandler   adc.o
    0x60002cbc   0x60002cbc   0x00000104   Code   RO         1026    i.ADC_DoAutoCalibration  fsl_adc.o
    0x60002dc0   0x60002dc0   0x00000016   Code   RO         1027    i.ADC_EnableHardwareTrigger  fsl_adc.o
    0x60002dd6   0x60002dd6   0x00000002   PAD
    0x60002dd8   0x60002dd8   0x00000024   Code   RO         2214    i.ADC_GPIO_Config   adc.o
    0x60002dfc   0x60002dfc   0x00000068   Code   RO         1028    i.ADC_GetDefaultConfig  fsl_adc.o
    0x60002e64   0x60002e64   0x0000007c   Code   RO         1029    i.ADC_GetInstance   fsl_adc.o
    0x60002ee0   0x60002ee0   0x00000024   Code   RO         2215    i.ADC_IOMUXC_config  adc.o
    0x60002f04   0x60002f04   0x000000dc   Code   RO         1030    i.ADC_Init          fsl_adc.o
    0x60002fe0   0x60002fe0   0x00000090   Code   RO         1031    i.ADC_SetChannelConfig  fsl_adc.o
    0x60003070   0x60003070   0x0000002a   Code   RO         1032    i.ADC_SetHardwareAverageConfig  fsl_adc.o
    0x6000309a   0x6000309a   0x00000014   Code   RO         2217    i.ADC_config        adc.o
    0x600030ae   0x600030ae   0x00000002   PAD
    0x600030b0   0x600030b0   0x000000a0   Code   RO         2218    i.ADC_mode_config   adc.o
    0x60003150   0x60003150   0x000002f4   Code   RO         1633    i.BOARD_BootClockRUN  clock_config.o
    0x60003444   0x60003444   0x000001b4   Code   RO         1556    i.BOARD_ConfigMPU   board.o
    0x600035f8   0x600035f8   0x00000078   Code   RO         1557    i.BOARD_DebugConsoleSrcFreq  board.o
    0x60003670   0x60003670   0x0000001c   Code   RO         1558    i.BOARD_InitDebugConsole  board.o
    0x6000368c   0x6000368c   0x00000070   Code   RO         1685    i.BOARD_InitPins    pin_mux.o
    0x600036fc   0x600036fc   0x00000070   Code   RO          414    i.CLOCK_ControlGate  fsl_lpuart.o
    0x6000376c   0x6000376c   0x00000070   Code   RO          696    i.CLOCK_ControlGate  fsl_lpi2c.o
    0x600037dc   0x600037dc   0x00000070   Code   RO         1035    i.CLOCK_ControlGate  fsl_adc.o
    0x6000384c   0x6000384c   0x00000078   Code   RO          359    i.CLOCK_EnableClock  fsl_gpio.o
    0x600038c4   0x600038c4   0x0000000e   Code   RO          698    i.CLOCK_EnableClock  fsl_lpi2c.o
    0x600038d2   0x600038d2   0x00000002   PAD
    0x600038d4   0x600038d4   0x00000078   Code   RO         1686    i.CLOCK_EnableClock  pin_mux.o
    0x6000394c   0x6000394c   0x00000020   Code   RO         1559    i.CLOCK_GetDiv      board.o
    0x6000396c   0x6000396c   0x00000174   Code   RO          111    i.CLOCK_GetFreq     fsl_clock.o
    0x60003ae0   0x60003ae0   0x00000020   Code   RO          112    i.CLOCK_GetOscFreq  fsl_clock.o
    0x60003b00   0x60003b00   0x000000c8   Code   RO          113    i.CLOCK_GetPeriphClkFreq  fsl_clock.o
    0x60003bc8   0x60003bc8   0x0000022c   Code   RO          114    i.CLOCK_GetPllFreq  fsl_clock.o
    0x60003df4   0x60003df4   0x0000006c   Code   RO          115    i.CLOCK_GetSysPfdFreq  fsl_clock.o
    0x60003e60   0x60003e60   0x0000006c   Code   RO          116    i.CLOCK_GetUsb1PfdFreq  fsl_clock.o
    0x60003ecc   0x60003ecc   0x00000024   Code   RO          117    i.CLOCK_InitArmPll  fsl_clock.o
    0x60003ef0   0x60003ef0   0x00000024   Code   RO          123    i.CLOCK_InitSysPll  fsl_clock.o
    0x60003f14   0x60003f14   0x000000ac   Code   RO         1635    i.CLOCK_SetDiv      clock_config.o
    0x60003fc0   0x60003fc0   0x00000070   Code   RO         2063    i.CLOCK_SetDiv      lpi2c.o
    0x60004030   0x60004030   0x000000ac   Code   RO         1636    i.CLOCK_SetMux      clock_config.o
    0x600040dc   0x600040dc   0x000000ac   Code   RO         2064    i.CLOCK_SetMux      lpi2c.o
    0x60004188   0x60004188   0x00000028   Code   RO         2147    i.CPU_TS_TmrInit    core_delay.o
    0x600041b0   0x600041b0   0x0000000c   Code   RO         2148    i.CPU_TS_TmrRd      core_delay.o
    0x600041bc   0x600041bc   0x00000058   Code   RO         2149    i.CPU_TS_Tmr_Delay_US  core_delay.o
    0x60004214   0x60004214   0x000001ae   Code   RO         1384    i.ConvertFloatRadixNumToString  fsl_str.o
    0x600043c2   0x600043c2   0x0000014c   Code   RO         1385    i.ConvertRadixNumToString  fsl_str.o
    0x6000450e   0x6000450e   0x00000002   PAD
    0x60004510   0x60004510   0x00000088   Code   RO         1285    i.DbgConsole_Init   fsl_debug_console.o
    0x60004598   0x60004598   0x00000040   Code   RO         1286    i.DbgConsole_Printf  fsl_debug_console.o
    0x600045d8   0x600045d8   0x0000003e   Code   RO         1288    i.DbgConsole_RelocateLog  fsl_debug_console.o
    0x60004616   0x60004616   0x00000002   PAD
    0x60004618   0x60004618   0x0000001c   Code   RO         1916    i.GPIO5_Combined_0_15_IRQHandler  key.o
    0x60004634   0x60004634   0x0000007c   Code   RO          360    i.GPIO_GetInstance  fsl_gpio.o
    0x600046b0   0x600046b0   0x00000060   Code   RO          361    i.GPIO_PinInit      fsl_gpio.o
    0x60004710   0x60004710   0x00000050   Code   RO         1917    i.GPIO_PinRead      key.o
    0x60004760   0x60004760   0x0000008a   Code   RO          362    i.GPIO_PinSetInterruptConfig  fsl_gpio.o
    0x600047ea   0x600047ea   0x00000002   PAD
    0x600047ec   0x600047ec   0x00000064   Code   RO          363    i.GPIO_PinWrite     fsl_gpio.o
    0x60004850   0x60004850   0x0000000c   Code   RO         1687    i.IOMUXC_SetPinConfig  pin_mux.o
    0x6000485c   0x6000485c   0x0000000c   Code   RO         1990    i.IOMUXC_SetPinConfig  uart.o
    0x60004868   0x60004868   0x0000000c   Code   RO         2065    i.IOMUXC_SetPinConfig  lpi2c.o
    0x60004874   0x60004874   0x0000001a   Code   RO         1688    i.IOMUXC_SetPinMux  pin_mux.o
    0x6000488e   0x6000488e   0x0000001a   Code   RO         1991    i.IOMUXC_SetPinMux  uart.o
    0x600048a8   0x600048a8   0x0000001a   Code   RO         2066    i.IOMUXC_SetPinMux  lpi2c.o
    0x600048c2   0x600048c2   0x00000002   PAD
    0x600048c4   0x600048c4   0x000000bc   Code   RO         1507    i.IO_Init           fsl_io.o
    0x60004980   0x60004980   0x00000044   Code   RO         1508    i.IO_Transfer       fsl_io.o
    0x600049c4   0x600049c4   0x000000c4   Code   RO         2271    i.IRQN_priority     exit.o
    0x60004a88   0x60004a88   0x00000024   Code   RO         1918    i.KEY_GPIO_config   key.o
    0x60004aac   0x60004aac   0x00000024   Code   RO         1919    i.KEY_IOMUXC_config  key.o
    0x60004ad0   0x60004ad0   0x00000014   Code   RO         1921    i.KEY_PAD_config    key.o
    0x60004ae4   0x60004ae4   0x00000010   Code   RO         1922    i.KEY_config        key.o
    0x60004af4   0x60004af4   0x00000038   Code   RO         1923    i.KEY_scan          key.o
    0x60004b2c   0x60004b2c   0x00000024   Code   RO         1859    i.LED_GPIO_config   led.o
    0x60004b50   0x60004b50   0x00000024   Code   RO         1860    i.LED_MUX_config    led.o
    0x60004b74   0x60004b74   0x00000010   Code   RO         1861    i.LED_PAD_config    led.o
    0x60004b84   0x60004b84   0x00000010   Code   RO         1863    i.LED_config        led.o
    0x60004b94   0x60004b94   0x00000024   Code   RO         1439    i.LOG_Init          fsl_log.o
    0x60004bb8   0x60004bb8   0x00000022   Code   RO         1440    i.LOG_Pop           fsl_log.o
    0x60004bda   0x60004bda   0x00000002   PAD
    0x60004bdc   0x60004bdc   0x00000054   Code   RO         1441    i.LOG_Push          fsl_log.o
    0x60004c30   0x60004c30   0x00000010   Code   RO          700    i.LPI2C1_DriverIRQHandler  fsl_lpi2c.o
    0x60004c40   0x60004c40   0x00000010   Code   RO          701    i.LPI2C2_DriverIRQHandler  fsl_lpi2c.o
    0x60004c50   0x60004c50   0x00000010   Code   RO          702    i.LPI2C3_DriverIRQHandler  fsl_lpi2c.o
    0x60004c60   0x60004c60   0x00000022   Code   RO          703    i.LPI2C_CheckForBusyBus  fsl_lpi2c.o
    0x60004c82   0x60004c82   0x00000002   PAD
    0x60004c84   0x60004c84   0x00000054   Code   RO          704    i.LPI2C_CommonIRQHandler  fsl_lpi2c.o
    0x60004cd8   0x60004cd8   0x00000040   Code   RO          705    i.LPI2C_GetCyclesForWidth  fsl_lpi2c.o
    0x60004d18   0x60004d18   0x00000058   Code   RO          706    i.LPI2C_GetInstance  fsl_lpi2c.o
    0x60004d70   0x60004d70   0x00000040   Code   RO         2067    i.LPI2C_IOMUXC_config  lpi2c.o
    0x60004db0   0x60004db0   0x00000040   Code   RO         2068    i.LPI2C_MODE_config  lpi2c.o
    0x60004df0   0x60004df0   0x00000090   Code   RO          708    i.LPI2C_MasterCheckAndClearError  fsl_lpi2c.o
    0x60004e80   0x60004e80   0x00000004   Code   RO          709    i.LPI2C_MasterClearStatusFlags  fsl_lpi2c.o
    0x60004e84   0x60004e84   0x0000000a   Code   RO          713    i.LPI2C_MasterEnable  fsl_lpi2c.o
    0x60004e8e   0x60004e8e   0x00000002   PAD
    0x60004e90   0x60004e90   0x00000030   Code   RO          715    i.LPI2C_MasterGetDefaultConfig  fsl_lpi2c.o
    0x60004ec0   0x60004ec0   0x00000016   Code   RO          716    i.LPI2C_MasterGetFifoCounts  fsl_lpi2c.o
    0x60004ed6   0x60004ed6   0x00000006   Code   RO          717    i.LPI2C_MasterGetStatusFlags  fsl_lpi2c.o
    0x60004edc   0x60004edc   0x00000138   Code   RO          718    i.LPI2C_MasterInit  fsl_lpi2c.o
    0x60005014   0x60005014   0x000000a4   Code   RO          719    i.LPI2C_MasterReceive  fsl_lpi2c.o
    0x600050b8   0x600050b8   0x0000000a   Code   RO          720    i.LPI2C_MasterReset  fsl_lpi2c.o
    0x600050c2   0x600050c2   0x00000002   PAD
    0x600050c4   0x600050c4   0x00000074   Code   RO          721    i.LPI2C_MasterSend  fsl_lpi2c.o
    0x60005138   0x60005138   0x00000124   Code   RO          722    i.LPI2C_MasterSetBaudRate  fsl_lpi2c.o
    0x6000525c   0x6000525c   0x0000004a   Code   RO          724    i.LPI2C_MasterStop  fsl_lpi2c.o
    0x600052a6   0x600052a6   0x00000002   PAD
    0x600052a8   0x600052a8   0x000001a4   Code   RO          726    i.LPI2C_MasterTransferBlocking  fsl_lpi2c.o
    0x6000544c   0x6000544c   0x0000003a   Code   RO          731    i.LPI2C_MasterWaitForTxReady  fsl_lpi2c.o
    0x60005486   0x60005486   0x00000002   PAD
    0x60005488   0x60005488   0x00000044   Code   RO         2069    i.LPI2C_PAD_config  lpi2c.o
    0x600054cc   0x600054cc   0x00000010   Code   RO         2070    i.LPI2C_config      lpi2c.o
    0x600054dc   0x600054dc   0x00000038   Code   RO         2071    i.LPI2C_readdata    lpi2c.o
    0x60005514   0x60005514   0x00000044   Code   RO         2072    i.LPI2C_writebyte   lpi2c.o
    0x60005558   0x60005558   0x0000001c   Code   RO          415    i.LPUART1_DriverIRQHandler  fsl_lpuart.o
    0x60005574   0x60005574   0x0000001c   Code   RO          416    i.LPUART2_DriverIRQHandler  fsl_lpuart.o
    0x60005590   0x60005590   0x0000001c   Code   RO          417    i.LPUART3_DriverIRQHandler  fsl_lpuart.o
    0x600055ac   0x600055ac   0x0000001c   Code   RO          418    i.LPUART4_DriverIRQHandler  fsl_lpuart.o
    0x600055c8   0x600055c8   0x0000001c   Code   RO          419    i.LPUART5_DriverIRQHandler  fsl_lpuart.o
    0x600055e4   0x600055e4   0x0000001c   Code   RO          420    i.LPUART6_DriverIRQHandler  fsl_lpuart.o
    0x60005600   0x60005600   0x0000001c   Code   RO          421    i.LPUART7_DriverIRQHandler  fsl_lpuart.o
    0x6000561c   0x6000561c   0x0000001c   Code   RO          422    i.LPUART8_DriverIRQHandler  fsl_lpuart.o
    0x60005638   0x60005638   0x00000058   Code   RO          423    i.LPUART_ClearStatusFlags  fsl_lpuart.o
    0x60005690   0x60005690   0x0000006c   Code   RO          427    i.LPUART_GetDefaultConfig  fsl_lpuart.o
    0x600056fc   0x600056fc   0x00000084   Code   RO          429    i.LPUART_GetInstance  fsl_lpuart.o
    0x60005780   0x60005780   0x00000010   Code   RO          430    i.LPUART_GetStatusFlags  fsl_lpuart.o
    0x60005790   0x60005790   0x000002f4   Code   RO          431    i.LPUART_Init       fsl_lpuart.o
    0x60005a84   0x60005a84   0x00000104   Code   RO          432    i.LPUART_ReadBlocking  fsl_lpuart.o
    0x60005b88   0x60005b88   0x00000068   Code   RO          448    i.LPUART_WriteBlocking  fsl_lpuart.o
    0x60005bf0   0x60005bf0   0x0000003e   Code   RO         2183    i.MPU6050_config    mpu6050.o
    0x60005c2e   0x60005c2e   0x00000002   PAD
    0x60005c30   0x60005c30   0x000000a0   Code   RO         1560    i.SCB_DisableDCache  board.o
    0x60005cd0   0x60005cd0   0x0000009c   Code   RO            6    i.SCB_EnableDCache  system_mimxrt1052.o
    0x60005d6c   0x60005d6c   0x0000009c   Code   RO         1561    i.SCB_EnableDCache  board.o
    0x60005e08   0x60005e08   0x0000007c   Code   RO            7    i.SCB_EnableICache  system_mimxrt1052.o
    0x60005e84   0x60005e84   0x0000007c   Code   RO         1562    i.SCB_EnableICache  board.o
    0x60005f00   0x60005f00   0x00000628   Code   RO         1387    i.StrFormatPrintf   fsl_str.o
    0x60006528   0x60006528   0x000000b4   Code   RO            9    i.SystemInit        system_mimxrt1052.o
    0x600065dc   0x600065dc   0x00000002   Code   RO           10    i.SystemInitHook    system_mimxrt1052.o
    0x600065de   0x600065de   0x00000002   PAD
    0x600065e0   0x600065e0   0x00000038   Code   RO         1992    i.UART_IOMUXC_config  uart.o
    0x60006618   0x60006618   0x0000002c   Code   RO         1993    i.UART_MODE_config  uart.o
    0x60006644   0x60006644   0x0000003c   Code   RO         1994    i.UART_PAD_config   uart.o
    0x60006680   0x60006680   0x00000014   Code   RO         1995    i.UART_senddata     uart.o
    0x60006694   0x60006694   0x00000010   Code   RO         1997    i.USB_UART_config   uart.o
    0x600066a4   0x600066a4   0x00000020   Code   RO         2574    i.__0printf         mc_w.l(printfa.o)
    0x600066c4   0x600066c4   0x00000030   Code   RO         2654    i.__ARM_fpclassify  m_wv.l(fpclassify.o)
    0x600066f4   0x600066f4   0x00000044   Code   RO         1116    i.__aeabi_assert    fsl_assert.o
    0x60006738   0x60006738   0x000000c0   Code   RO         2296    i.__hardfp_modf     m_wv.l(modf.o)
    0x600067f8   0x600067f8   0x000008f8   Code   RO         2302    i.__hardfp_pow      m_wv.l(pow.o)
    0x600070f0   0x600070f0   0x00000070   Code   RO         2656    i.__kernel_poly     m_wv.l(poly.o)
    0x60007160   0x60007160   0x00000020   Code   RO         2634    i.__mathlib_dbl_divzero  m_wv.l(dunder.o)
    0x60007180   0x60007180   0x00000006   Code   RO         2636    i.__mathlib_dbl_infnan2  m_wv.l(dunder.o)
    0x60007186   0x60007186   0x00000002   PAD
    0x60007188   0x60007188   0x00000018   Code   RO         2637    i.__mathlib_dbl_invalid  m_wv.l(dunder.o)
    0x600071a0   0x600071a0   0x00000018   Code   RO         2638    i.__mathlib_dbl_overflow  m_wv.l(dunder.o)
    0x600071b8   0x600071b8   0x00000018   Code   RO         2640    i.__mathlib_dbl_underflow  m_wv.l(dunder.o)
    0x600071d0   0x600071d0   0x0000000e   Code   RO         2740    i.__scatterload_copy  mc_w.l(handlers.o)
    0x600071de   0x600071de   0x00000002   Code   RO         2741    i.__scatterload_null  mc_w.l(handlers.o)
    0x600071e0   0x600071e0   0x0000000e   Code   RO         2742    i.__scatterload_zeroinit  mc_w.l(handlers.o)
    0x600071ee   0x600071ee   0x00000002   PAD
    0x600071f0   0x600071f0   0x0000000c   Code   RO         2695    i.__set_errno       mc_w.l(errno.o)
    0x600071fc   0x600071fc   0x00000184   Code   RO         2581    i._fp_digits        mc_w.l(printfa.o)
    0x60007380   0x60007380   0x000006dc   Code   RO         2582    i._printf_core      mc_w.l(printfa.o)
    0x60007a5c   0x60007a5c   0x00000024   Code   RO         2583    i._printf_post_padding  mc_w.l(printfa.o)
    0x60007a80   0x60007a80   0x0000002e   Code   RO         2584    i._printf_pre_padding  mc_w.l(printfa.o)
    0x60007aae   0x60007aae   0x00000018   Code   RO         2650    i.fabs              m_wv.l(fabs.o)
    0x60007ac6   0x60007ac6   0x00000002   PAD
    0x60007ac8   0x60007ac8   0x00000018   Code   RO         1998    i.fputc             uart.o
    0x60007ae0   0x60007ae0   0x00000108   Code   RO         1735    i.main              main.o
    0x60007be8   0x60007be8   0x0000006a   Code   RO         2661    i.sqrt              m_wv.l(sqrt.o)
    0x60007c52   0x60007c52   0x00000002   PAD
    0x60007c54   0x60007c54   0x00000010   Data   RO          129    .constdata          fsl_clock.o
    0x60007c64   0x60007c64   0x00000024   Data   RO          364    .constdata          fsl_gpio.o
    0x60007c88   0x60007c88   0x00000048   Data   RO          451    .constdata          fsl_lpuart.o
    0x60007cd0   0x60007cd0   0x00000028   Data   RO          749    .constdata          fsl_lpi2c.o
    0x60007cf8   0x60007cf8   0x00000012   Data   RO         1036    .constdata          fsl_adc.o
    0x60007d0a   0x60007d0a   0x00000002   PAD
    0x60007d0c   0x60007d0c   0x00000011   Data   RO         1637    .constdata          clock_config.o
    0x60007d1d   0x60007d1d   0x00000003   PAD
    0x60007d20   0x60007d20   0x00000088   Data   RO         2305    .constdata          m_wv.l(pow.o)
    0x60007da8   0x60007da8   0x00000008   Data   RO         2658    .constdata          m_wv.l(qnan.o)
    0x60007db0   0x60007db0   0x00000020   Data   RO         2738    Region$$Table       anon$$obj.o


==============================================================================

Image component sizes


      Code (inc. data)   RO Data    RW Data    ZI Data      Debug   Object Name

       372        116          0          0          0       6055   adc.o
      1056        108          0          0          0      54057   board.o
      1100        302         17          0          0      13211   clock_config.o
       140         22          0          0          0       1666   core_delay.o
       196         12          0          0          0      35955   exit.o
         0          0       1072          0          0        599   fire_imxrt1052_sdram_ini_dcd.o
         0          0        512          0          0       5842   fire_imxrt1052_spiflash_config.o
      1028        412         18          0          0       8976   fsl_adc.o
        68         44          0          0          0        673   fsl_assert.o
      1448        130         16          8          0    1371133   fsl_clock.o
       262         98          0          8          0       4932   fsl_debug_console.o
         0          0         48          0          0       2206   fsl_flexspi_nor_boot.o
       578        188         36          0          0      16423   fsl_gpio.o
       256         62          0          8          0       7224   fsl_io.o
       154         52          0          0          0       3328   fsl_log.o
      2124        404         40          8         32      29154   fsl_lpi2c.o
      1800        596         72          4         36      65194   fsl_lpuart.o
      2338          0          0          0          0       5742   fsl_str.o
       272         88          0          2          0       6155   key.o
       104         16          0          0          0      73037   led.o
       658        144          0          0          0      23690   lpi2c.o
       264         72          0          8          0       7671   main.o
        62          0          0          0          0        517   mpu6050.o
       270         60          0          0          0      71305   pin_mux.o
       444        210       1024          0          0       3112   startup_mimxrt1052.o
       462         38          0          4          0    1391267   system_mimxrt1052.o
       258         26          0          0          0       9856   uart.o

    ----------------------------------------------------------------------
     15744       3200       2892         52       2116    3218980   Object Totals
         0          0         32          0       2048          0   (incl. Generated)
        30          0          5          2          0          0   (incl. Padding)

    ----------------------------------------------------------------------

      Code (inc. data)   RO Data    RW Data    ZI Data      Debug   Library Member Name

       110         60          0          0          0        580   dunder.o
        24          0          0          0          0        124   fabs.o
        48          0          0          0          0        124   fpclassify.o
       192          6          0          0          0        176   modf.o
       112          0          0          0          0        116   poly.o
      2296        304        136          0          0        320   pow.o
         0          0          8          0          0          0   qnan.o
       106          0          0          0          0        140   sqrt.o
         0          0          0          0          0          0   entry.o
         0          0          0          0          0          0   entry10a.o
         0          0          0          0          0          0   entry11a.o
         8          4          0          0          0          0   entry4.o
         4          0          0          0          0          0   entry5.o
         0          0          0          0          0          0   entry7b.o
         0          0          0          0          0          0   entry8b.o
         8          4          0          0          0          0   entry9a.o
        12          6          0          4          0         68   errno.o
        30          0          0          0          0          0   handlers.o
        36          8          0          0          0         68   init.o
         0          0          0          0          0          0   iusefp.o
        98          0          0          0          0         84   ldiv.o
        30          0          0          0          0         68   llshl.o
        36          0          0          0          0         68   llsshr.o
        32          0          0          0          0         68   llushr.o
        36          0          0          0          0        108   memseta.o
      2258         90          0          0          0        452   printfa.o
        14          0          0          0          0         68   strlen.o
        44          0          0          0          0         80   uidiv.o
        98          0          0          0          0         92   uldiv.o
        48          0          0          0          0         68   cdrcmple.o
       334          0          0          0          0        148   dadd.o
       222          0          0          0          0        100   ddiv.o
       186          0          0          0          0        176   depilogue.o
        74          0          0          0          0         80   dfixl.o
        48          0          0          0          0         68   dfixul.o
        40          0          0          0          0         80   dfltl.o
       228          0          0          0          0         96   dmul.o
        46          0          0          0          0         80   dscalb.o

    ----------------------------------------------------------------------
      6868        482        144          4          0       3700   Library Totals
        10          0          0          0          0          0   (incl. Padding)

    ----------------------------------------------------------------------

      Code (inc. data)   RO Data    RW Data    ZI Data      Debug   Library Name

      2888        370        144          0          0       1580   m_wv.l
      2744        112          0          4          0       1224   mc_w.l
      1226          0          0          0          0        896   mf_w.l

    ----------------------------------------------------------------------
      6868        482        144          4          0       3700   Library Totals

    ----------------------------------------------------------------------

==============================================================================


      Code (inc. data)   RO Data    RW Data    ZI Data      Debug   

     22612       3682       3036         56       2116    3208244   Grand Totals
     22612       3682       3036         56       2116    3208244   ELF Image Totals
     22612       3682       3036         56          0          0   ROM Totals

==============================================================================

    Total RO  Size (Code + RO Data)                25648 (  25.05kB)
    Total RW  Size (RW Data + ZI Data)              2172 (   2.12kB)
    Total ROM Size (Code + RO Data + RW Data)      25704 (  25.10kB)

==============================================================================

